Component: ARM Compiler 5.06 update 7 (build 960) Tool: armlink [4d3601]

==============================================================================

Section Cross References

    startup_stm32g474xx.o(RESET) refers to startup_stm32g474xx.o(STACK) for __initial_sp
    startup_stm32g474xx.o(RESET) refers to startup_stm32g474xx.o(.text) for Reset_Handler
    startup_stm32g474xx.o(RESET) refers to stm32g4xx_it.o(i.NMI_Handler) for NMI_Handler
    startup_stm32g474xx.o(RESET) refers to stm32g4xx_it.o(i.HardFault_Handler) for HardFault_Handler
    startup_stm32g474xx.o(RESET) refers to stm32g4xx_it.o(i.MemManage_Handler) for MemManage_Handler
    startup_stm32g474xx.o(RESET) refers to stm32g4xx_it.o(i.BusFault_Handler) for BusFault_Handler
    startup_stm32g474xx.o(RESET) refers to stm32g4xx_it.o(i.UsageFault_Handler) for UsageFault_Handler
    startup_stm32g474xx.o(RESET) refers to stm32g4xx_it.o(i.SVC_Handler) for SVC_Handler
    startup_stm32g474xx.o(RESET) refers to stm32g4xx_it.o(i.DebugMon_Handler) for DebugMon_Handler
    startup_stm32g474xx.o(RESET) refers to stm32g4xx_it.o(i.PendSV_Handler) for PendSV_Handler
    startup_stm32g474xx.o(RESET) refers to stm32g4xx_it.o(i.SysTick_Handler) for SysTick_Handler
    startup_stm32g474xx.o(RESET) refers to stm32g4xx_it.o(i.EXTI4_IRQHandler) for EXTI4_IRQHandler
    startup_stm32g474xx.o(RESET) refers to stm32g4xx_it.o(i.ADC1_2_IRQHandler) for ADC1_2_IRQHandler
    startup_stm32g474xx.o(RESET) refers to stm32g4xx_it.o(i.FDCAN1_IT0_IRQHandler) for FDCAN1_IT0_IRQHandler
    startup_stm32g474xx.o(RESET) refers to stm32g4xx_it.o(i.TIM6_DAC_IRQHandler) for TIM6_DAC_IRQHandler
    startup_stm32g474xx.o(RESET) refers to stm32g4xx_it.o(i.TIM7_DAC_IRQHandler) for TIM7_DAC_IRQHandler
    startup_stm32g474xx.o(.text) refers to system_stm32g4xx.o(i.SystemInit) for SystemInit
    startup_stm32g474xx.o(.text) refers to entry.o(.ARM.Collect$$$$00000000) for __main
    main.o(i.HAL_ADCEx_InjectedConvCpltCallback) refers to encoder.o(i.Encoder_Update_Angle) for Encoder_Update_Angle
    main.o(i.HAL_ADCEx_InjectedConvCpltCallback) refers to foc_function.o(i.SpeedPI) for SpeedPI
    main.o(i.HAL_ADCEx_InjectedConvCpltCallback) refers to foc_function.o(i.IF_OpenLoop) for IF_OpenLoop
    main.o(i.HAL_ADCEx_InjectedConvCpltCallback) refers to adc.o(.bss) for hadc1
    main.o(i.HAL_ADCEx_InjectedConvCpltCallback) refers to main.o(.data) for Offset_Flag
    main.o(i.HAL_ADCEx_InjectedConvCpltCallback) refers to encoder.o(.bss) for MyEnc
    main.o(i.HAL_ADCEx_InjectedConvCpltCallback) refers to foc_function.o(.bss) for MyFoc
    main.o(i.HAL_TIM_PeriodElapsedCallback) refers to encoder.o(i.Encoder_Calculate_Speed) for Encoder_Calculate_Speed
    main.o(i.HAL_TIM_PeriodElapsedCallback) refers to dwt_timer.o(i.DWT_Timer_Start) for DWT_Timer_Start
    main.o(i.HAL_TIM_PeriodElapsedCallback) refers to fdcan.o(i.FDCAN1_SendStd) for FDCAN1_SendStd
    main.o(i.HAL_TIM_PeriodElapsedCallback) refers to dwt_timer.o(i.DWT_Timer_Stop) for DWT_Timer_Stop
    main.o(i.HAL_TIM_PeriodElapsedCallback) refers to encoder.o(.bss) for MyEnc
    main.o(i.HAL_TIM_PeriodElapsedCallback) refers to main.o(.data) for Enc_Speed
    main.o(i.HAL_TIM_PeriodElapsedCallback) refers to foc_function.o(.bss) for MyFoc
    main.o(i.HAL_TIM_PeriodElapsedCallback) refers to main.o(.bss) for t
    main.o(i.HAL_TIM_PeriodElapsedCallback) refers to fdcan.o(.data) for g_fdcan1_last_rx_len
    main.o(i.LowPassFilter) refers to main.o(.data) for init_flag
    main.o(i.SystemClock_Config) refers to memseta.o(.text) for __aeabi_memclr4
    main.o(i.SystemClock_Config) refers to stm32g4xx_hal_pwr_ex.o(i.HAL_PWREx_ControlVoltageScaling) for HAL_PWREx_ControlVoltageScaling
    main.o(i.SystemClock_Config) refers to stm32g4xx_hal_rcc.o(i.HAL_RCC_OscConfig) for HAL_RCC_OscConfig
    main.o(i.SystemClock_Config) refers to main.o(i.Error_Handler) for Error_Handler
    main.o(i.SystemClock_Config) refers to stm32g4xx_hal_rcc.o(i.HAL_RCC_ClockConfig) for HAL_RCC_ClockConfig
    main.o(i.main) refers to stm32g4xx_hal.o(i.HAL_Init) for HAL_Init
    main.o(i.main) refers to main.o(i.SystemClock_Config) for SystemClock_Config
    main.o(i.main) refers to dwt_timer.o(i.DWT_Timer_Init) for DWT_Timer_Init
    main.o(i.main) refers to gpio.o(i.MX_GPIO_Init) for MX_GPIO_Init
    main.o(i.main) refers to adc.o(i.MX_ADC1_Init) for MX_ADC1_Init
    main.o(i.main) refers to tim.o(i.MX_TIM1_Init) for MX_TIM1_Init
    main.o(i.main) refers to tim.o(i.MX_TIM6_Init) for MX_TIM6_Init
    main.o(i.main) refers to tim.o(i.MX_TIM3_Init) for MX_TIM3_Init
    main.o(i.main) refers to tim.o(i.MX_TIM7_Init) for MX_TIM7_Init
    main.o(i.main) refers to fdcan.o(i.MX_FDCAN1_Init) for MX_FDCAN1_Init
    main.o(i.main) refers to stm32g4xx_hal_gpio.o(i.HAL_GPIO_WritePin) for HAL_GPIO_WritePin
    main.o(i.main) refers to stm32g4xx_hal_tim.o(i.HAL_TIM_Base_Start_IT) for HAL_TIM_Base_Start_IT
[...]
    i.HAL_FDCAN_IRQHandler                   0x08002afe   Section        0  stm32g4xx_hal_fdcan.o(i.HAL_FDCAN_IRQHandler)
    i.HAL_FDCAN_Init                         0x08002ca8   Section        0  stm32g4xx_hal_fdcan.o(i.HAL_FDCAN_Init)
    i.HAL_FDCAN_MspInit                      0x08002ec0   Section        0  fdcan.o(i.HAL_FDCAN_MspInit)
    i.HAL_FDCAN_RxFifo0Callback              0x08002f64   Section        0  fdcan.o(i.HAL_FDCAN_RxFifo0Callback)
    i.HAL_FDCAN_RxFifo1Callback              0x08002ff8   Section        0  stm32g4xx_hal_fdcan.o(i.HAL_FDCAN_RxFifo1Callback)
    i.HAL_FDCAN_Start                        0x08002ffa   Section        0  stm32g4xx_hal_fdcan.o(i.HAL_FDCAN_Start)
    i.HAL_FDCAN_TimeoutOccurredCallback      0x08003028   Section        0  stm32g4xx_hal_fdcan.o(i.HAL_FDCAN_TimeoutOccurredCallback)
    i.HAL_FDCAN_TimestampWraparoundCallback  0x0800302a   Section        0  stm32g4xx_hal_fdcan.o(i.HAL_FDCAN_TimestampWraparoundCallback)
    i.HAL_FDCAN_TxBufferAbortCallback        0x0800302c   Section        0  stm32g4xx_hal_fdcan.o(i.HAL_FDCAN_TxBufferAbortCallback)
    i.HAL_FDCAN_TxBufferCompleteCallback     0x0800302e   Section        0  stm32g4xx_hal_fdcan.o(i.HAL_FDCAN_TxBufferCompleteCallback)
    i.HAL_FDCAN_TxEventFifoCallback          0x08003030   Section        0  stm32g4xx_hal_fdcan.o(i.HAL_FDCAN_TxEventFifoCallback)
    i.HAL_FDCAN_TxFifoEmptyCallback          0x08003032   Section        0  stm32g4xx_hal_fdcan.o(i.HAL_FDCAN_TxFifoEmptyCallback)
    i.HAL_GPIO_EXTI_Callback                 0x08003034   Section        0  main.o(i.HAL_GPIO_EXTI_Callback)
    i.HAL_GPIO_EXTI_IRQHandler               0x08003038   Section        0  stm32g4xx_hal_gpio.o(i.HAL_GPIO_EXTI_IRQHandler)
    i.HAL_GPIO_Init                          0x08003054   Section        0  stm32g4xx_hal_gpio.o(i.HAL_GPIO_Init)
    i.HAL_GPIO_ReadPin                       0x08003220   Section        0  stm32g4xx_hal_gpio.o(i.HAL_GPIO_ReadPin)
    i.HAL_GPIO_TogglePin                     0x08003230   Section        0  stm32g4xx_hal_gpio.o(i.HAL_GPIO_TogglePin)
    i.HAL_GPIO_WritePin                      0x08003244   Section        0  stm32g4xx_hal_gpio.o(i.HAL_GPIO_WritePin)
    i.HAL_GetTick                            0x08003250   Section        0  stm32g4xx_hal.o(i.HAL_GetTick)
    i.HAL_IncTick                            0x0800325c   Section        0  stm32g4xx_hal.o(i.HAL_IncTick)
    i.HAL_Init                               0x08003274   Section        0  stm32g4xx_hal.o(i.HAL_Init)
    i.HAL_InitTick                           0x08003294   Section        0  stm32g4xx_hal.o(i.HAL_InitTick)
    i.HAL_MspInit                            0x080032ec   Section        0  stm32g4xx_hal_msp.o(i.HAL_MspInit)
    i.HAL_NVIC_EnableIRQ                     0x08003330   Section        0  stm32g4xx_hal_cortex.o(i.HAL_NVIC_EnableIRQ)
    i.HAL_NVIC_SetPriority                   0x08003358   Section        0  stm32g4xx_hal_cortex.o(i.HAL_NVIC_SetPriority)
    i.HAL_NVIC_SetPriorityGrouping           0x080033d4   Section        0  stm32g4xx_hal_cortex.o(i.HAL_NVIC_SetPriorityGrouping)
    i.HAL_PWREx_ControlVoltageScaling        0x080033fc   Section        0  stm32g4xx_hal_pwr_ex.o(i.HAL_PWREx_ControlVoltageScaling)
    i.HAL_PWREx_DisableUCPDDeadBattery       0x08003514   Section        0  stm32g4xx_hal_pwr_ex.o(i.HAL_PWREx_DisableUCPDDeadBattery)
    i.HAL_RCCEx_PeriphCLKConfig              0x08003528   Section        0  stm32g4xx_hal_rcc_ex.o(i.HAL_RCCEx_PeriphCLKConfig)
    i.HAL_RCC_ClockConfig                    0x08003940   Section        0  stm32g4xx_hal_rcc.o(i.HAL_RCC_ClockConfig)
    i.HAL_RCC_GetSysClockFreq                0x08003b64   Section        0  stm32g4xx_hal_rcc.o(i.HAL_RCC_GetSysClockFreq)
    i.HAL_RCC_OscConfig                      0x08003bfc   Section        0  stm32g4xx_hal_rcc.o(i.HAL_RCC_OscConfig)
    i.HAL_SYSTICK_Config                     0x08004158   Section        0  stm32g4xx_hal_cortex.o(i.HAL_SYSTICK_Config)
    i.HAL_TIMEx_Break2Callback               0x0800418c   Section        0  stm32g4xx_hal_tim_ex.o(i.HAL_TIMEx_Break2Callback)
    i.HAL_TIMEx_BreakCallback                0x0800418e   Section        0  stm32g4xx_hal_tim_ex.o(i.HAL_TIMEx_BreakCallback)
    i.HAL_TIMEx_CommutCallback               0x08004190   Section        0  stm32g4xx_hal_tim_ex.o(i.HAL_TIMEx_CommutCallback)
    i.HAL_TIMEx_ConfigBreakDeadTime          0x08004194   Section        0  stm32g4xx_hal_tim_ex.o(i.HAL_TIMEx_ConfigBreakDeadTime)
    i.HAL_TIMEx_DirectionChangeCallback      0x08004268   Section        0  stm32g4xx_hal_tim_ex.o(i.HAL_TIMEx_DirectionChangeCallback)
    i.HAL_TIMEx_EncoderIndexCallback         0x0800426a   Section        0  stm32g4xx_hal_tim_ex.o(i.HAL_TIMEx_EncoderIndexCallback)
    i.HAL_TIMEx_IndexErrorCallback           0x0800426c   Section        0  stm32g4xx_hal_tim_ex.o(i.HAL_TIMEx_IndexErrorCallback)
    i.HAL_TIMEx_MasterConfigSynchronization  0x08004270   Section        0  stm32g4xx_hal_tim_ex.o(i.HAL_TIMEx_MasterConfigSynchronization)
    i.HAL_TIMEx_PWMN_Start                   0x08004348   Section        0  stm32g4xx_hal_tim_ex.o(i.HAL_TIMEx_PWMN_Start)
    i.HAL_TIMEx_TransitionErrorCallback      0x08004448   Section        0  stm32g4xx_hal_tim_ex.o(i.HAL_TIMEx_TransitionErrorCallback)
    i.HAL_TIM_Base_Init                      0x0800444a   Section        0  stm32g4xx_hal_tim.o(i.HAL_TIM_Base_Init)
    i.HAL_TIM_Base_MspInit                   0x080044b8   Section        0  tim.o(i.HAL_TIM_Base_MspInit)
    i.HAL_TIM_Base_Start                     0x0800455c   Section        0  stm32g4xx_hal_tim.o(i.HAL_TIM_Base_Start)
    i.HAL_TIM_Base_Start_IT                  0x08004604   Section        0  stm32g4xx_hal_tim.o(i.HAL_TIM_Base_Start_IT)
    i.HAL_TIM_ConfigClockSource              0x080046b8   Section        0  stm32g4xx_hal_tim.o(i.HAL_TIM_ConfigClockSource)
    i.HAL_TIM_Encoder_Init                   0x080047f4   Section        0  stm32g4xx_hal_tim.o(i.HAL_TIM_Encoder_Init)
    i.HAL_TIM_Encoder_MspInit                0x080048c0   Section        0  tim.o(i.HAL_TIM_Encoder_MspInit)
    i.HAL_TIM_Encoder_Start                  0x08004934   Section        0  stm32g4xx_hal_tim.o(i.HAL_TIM_Encoder_Start)
    i.HAL_TIM_IC_CaptureCallback             0x08004a00   Section        0  stm32g4xx_hal_tim.o(i.HAL_TIM_IC_CaptureCallback)
    i.HAL_TIM_IRQHandler                     0x08004a02   Section        0  stm32g4xx_hal_tim.o(i.HAL_TIM_IRQHandler)
    i.HAL_TIM_MspPostInit                    0x08004c24   Section        0  tim.o(i.HAL_TIM_MspPostInit)
    i.HAL_TIM_OC_DelayElapsedCallback        0x08004cd8   Section        0  stm32g4xx_hal_tim.o(i.HAL_TIM_OC_DelayElapsedCallback)
    i.HAL_TIM_PWM_ConfigChannel              0x08004cda   Section        0  stm32g4xx_hal_tim.o(i.HAL_TIM_PWM_ConfigChannel)
    i.HAL_TIM_PWM_Init                       0x08004e4a   Section        0  stm32g4xx_hal_tim.o(i.HAL_TIM_PWM_Init)
    i.HAL_TIM_PWM_MspInit                    0x08004eb8   Section        0  stm32g4xx_hal_tim.o(i.HAL_TIM_PWM_MspInit)
    i.HAL_TIM_PWM_PulseFinishedCallback      0x08004eba   Section        0  stm32g4xx_hal_tim.o(i.HAL_TIM_PWM_PulseFinishedCallback)
    i.HAL_TIM_PWM_Start                      0x08004ebc   Section        0  stm32g4xx_hal_tim.o(i.HAL_TIM_PWM_Start)
    i.HAL_TIM_PeriodElapsedCallback          0x08005028   Section        0  main.o(i.HAL_TIM_PeriodElapsedCallback)
    i.HAL_TIM_TriggerCallback                0x080050e4   Section        0  stm32g4xx_hal_tim.o(i.HAL_TIM_TriggerCallback)
    i.HardFault_Handler                      0x080050e6   Section        0  stm32g4xx_it.o(i.HardFault_Handler)
    i.IF_OpenLoop                            0x080050ea   Section        0  foc_function.o(i.IF_OpenLoop)
    i.Invpark                                0x0800514e   Section        0  foc_function.o(i.Invpark)
    i.LL_ADC_Enable                          0x080051a8   Section        0  stm32g4xx_hal_adc.o(i.LL_ADC_Enable)
    LL_ADC_Enable                            0x080051a9   Thumb Code    12  stm32g4xx_hal_adc.o(i.LL_ADC_Enable)
    i.LL_ADC_GetCommonPathInternalCh         0x080051b8   Section        0  stm32g4xx_hal_adc.o(i.LL_ADC_GetCommonPathInternalCh)
    LL_ADC_GetCommonPathInternalCh           0x080051b9   Thumb Code    10  stm32g4xx_hal_adc.o(i.LL_ADC_GetCommonPathInternalCh)
    i.LL_ADC_GetMultiDMATransfer             0x080051c2   Section        0  stm32g4xx_hal_adc.o(i.LL_ADC_GetMultiDMATransfer)
    LL_ADC_GetMultiDMATransfer               0x080051c3   Thumb Code    10  stm32g4xx_hal_adc.o(i.LL_ADC_GetMultiDMATransfer)
    i.LL_ADC_GetMultimode                    0x080051cc   Section        0  stm32g4xx_hal_adc.o(i.LL_ADC_GetMultimode)
    LL_ADC_GetMultimode                      0x080051cd   Thumb Code    10  stm32g4xx_hal_adc.o(i.LL_ADC_GetMultimode)
    i.LL_ADC_GetMultimode                    0x080051d6   Section        0  stm32g4xx_hal_adc_ex.o(i.LL_ADC_GetMultimode)
    LL_ADC_GetMultimode                      0x080051d7   Thumb Code    10  stm32g4xx_hal_adc_ex.o(i.LL_ADC_GetMultimode)
    i.LL_ADC_GetOffsetChannel                0x080051e0   Section        0  stm32g4xx_hal_adc.o(i.LL_ADC_GetOffsetChannel)
    LL_ADC_GetOffsetChannel                  0x080051e1   Thumb Code    18  stm32g4xx_hal_adc.o(i.LL_ADC_GetOffsetChannel)
    i.LL_ADC_GetOffsetChannel                0x080051f2   Section        0  stm32g4xx_hal_adc_ex.o(i.LL_ADC_GetOffsetChannel)
    LL_ADC_GetOffsetChannel                  0x080051f3   Thumb Code    18  stm32g4xx_hal_adc_ex.o(i.LL_ADC_GetOffsetChannel)
    i.LL_ADC_INJ_GetTrigAuto                 0x08005204   Section        0  stm32g4xx_hal_adc_ex.o(i.LL_ADC_INJ_GetTrigAuto)
    LL_ADC_INJ_GetTrigAuto                   0x08005205   Thumb Code    10  stm32g4xx_hal_adc_ex.o(i.LL_ADC_INJ_GetTrigAuto)
    i.LL_ADC_INJ_IsConversionOngoing         0x0800520e   Section        0  stm32g4xx_hal_adc.o(i.LL_ADC_INJ_IsConversionOngoing)
    LL_ADC_INJ_IsConversionOngoing           0x0800520f   Thumb Code    10  stm32g4xx_hal_adc.o(i.LL_ADC_INJ_IsConversionOngoing)
    i.LL_ADC_INJ_IsConversionOngoing         0x08005218   Section        0  stm32g4xx_hal_adc_ex.o(i.LL_ADC_INJ_IsConversionOngoing)
    LL_ADC_INJ_IsConversionOngoing           0x08005219   Thumb Code    10  stm32g4xx_hal_adc_ex.o(i.LL_ADC_INJ_IsConversionOngoing)
    i.LL_ADC_INJ_StartConversion             0x08005224   Section        0  stm32g4xx_hal_adc_ex.o(i.LL_ADC_INJ_StartConversion)
    LL_ADC_INJ_StartConversion               0x08005225   Thumb Code    14  stm32g4xx_hal_adc_ex.o(i.LL_ADC_INJ_StartConversion)
    i.LL_ADC_IsDisableOngoing                0x08005238   Section        0  stm32g4xx_hal_adc.o(i.LL_ADC_IsDisableOngoing)
    LL_ADC_IsDisableOngoing                  0x08005239   Thumb Code    10  stm32g4xx_hal_adc.o(i.LL_ADC_IsDisableOngoing)
    i.LL_ADC_IsEnabled                       0x08005242   Section        0  stm32g4xx_hal_adc.o(i.LL_ADC_IsEnabled)
    LL_ADC_IsEnabled                         0x08005243   Thumb Code    10  stm32g4xx_hal_adc.o(i.LL_ADC_IsEnabled)
    i.LL_ADC_IsEnabled                       0x0800524c   Section        0  stm32g4xx_hal_adc_ex.o(i.LL_ADC_IsEnabled)
    LL_ADC_IsEnabled                         0x0800524d   Thumb Code    10  stm32g4xx_hal_adc_ex.o(i.LL_ADC_IsEnabled)
    i.LL_ADC_IsInternalRegulatorEnabled      0x08005256   Section        0  stm32g4xx_hal_adc.o(i.LL_ADC_IsInternalRegulatorEnabled)
    LL_ADC_IsInternalRegulatorEnabled        0x08005257   Thumb Code    10  stm32g4xx_hal_adc.o(i.LL_ADC_IsInternalRegulatorEnabled)
    i.LL_ADC_REG_IsConversionOngoing         0x08005260   Section        0  stm32g4xx_hal_adc.o(i.LL_ADC_REG_IsConversionOngoing)
    LL_ADC_REG_IsConversionOngoing           0x08005261   Thumb Code    10  stm32g4xx_hal_adc.o(i.LL_ADC_REG_IsConversionOngoing)
    i.LL_ADC_REG_IsConversionOngoing         0x0800526a   Section        0  stm32g4xx_hal_adc_ex.o(i.LL_ADC_REG_IsConversionOngoing)
    LL_ADC_REG_IsConversionOngoing           0x0800526b   Thumb Code    10  stm32g4xx_hal_adc_ex.o(i.LL_ADC_REG_IsConversionOngoing)
    i.LL_ADC_REG_IsTriggerSourceSWStart      0x08005274   Section        0  stm32g4xx_hal_adc.o(i.LL_ADC_REG_IsTriggerSourceSWStart)
    LL_ADC_REG_IsTriggerSourceSWStart        0x08005275   Thumb Code    18  stm32g4xx_hal_adc.o(i.LL_ADC_REG_IsTriggerSourceSWStart)
    i.LL_ADC_REG_StartConversion             0x08005288   Section        0  stm32g4xx_hal_adc.o(i.LL_ADC_REG_StartConversion)
    LL_ADC_REG_StartConversion               0x08005289   Thumb Code    12  stm32g4xx_hal_adc.o(i.LL_ADC_REG_StartConversion)
    i.LL_ADC_SetChannelSamplingTime          0x08005298   Section        0  stm32g4xx_hal_adc.o(i.LL_ADC_SetChannelSamplingTime)
    LL_ADC_SetChannelSamplingTime            0x08005299   Thumb Code    40  stm32g4xx_hal_adc.o(i.LL_ADC_SetChannelSamplingTime)
    i.LL_ADC_SetChannelSamplingTime          0x080052c0   Section        0  stm32g4xx_hal_adc_ex.o(i.LL_ADC_SetChannelSamplingTime)
    LL_ADC_SetChannelSamplingTime            0x080052c1   Thumb Code    40  stm32g4xx_hal_adc_ex.o(i.LL_ADC_SetChannelSamplingTime)
    i.LL_ADC_SetCommonPathInternalCh         0x080052e8   Section        0  stm32g4xx_hal_adc.o(i.LL_ADC_SetCommonPathInternalCh)
    LL_ADC_SetCommonPathInternalCh           0x080052e9   Thumb Code    12  stm32g4xx_hal_adc.o(i.LL_ADC_SetCommonPathInternalCh)
    i.LL_ADC_SetCommonPathInternalCh         0x080052f4   Section        0  stm32g4xx_hal_adc_ex.o(i.LL_ADC_SetCommonPathInternalCh)
    LL_ADC_SetCommonPathInternalCh           0x080052f5   Thumb Code    12  stm32g4xx_hal_adc_ex.o(i.LL_ADC_SetCommonPathInternalCh)
    i.LL_ADC_SetOffsetState                  0x08005300   Section        0  stm32g4xx_hal_adc.o(i.LL_ADC_SetOffsetState)
    LL_ADC_SetOffsetState                    0x08005301   Thumb Code    22  stm32g4xx_hal_adc.o(i.LL_ADC_SetOffsetState)
    i.LL_ADC_SetOffsetState                  0x08005316   Section        0  stm32g4xx_hal_adc_ex.o(i.LL_ADC_SetOffsetState)
    LL_ADC_SetOffsetState                    0x08005317   Thumb Code    22  stm32g4xx_hal_adc_ex.o(i.LL_ADC_SetOffsetState)
    i.LL_ADC_SetSamplingTimeCommonConfig     0x0800532c   Section        0  stm32g4xx_hal_adc.o(i.LL_ADC_SetSamplingTimeCommonConfig)
    LL_ADC_SetSamplingTimeCommonConfig       0x0800532d   Thumb Code    12  stm32g4xx_hal_adc.o(i.LL_ADC_SetSamplingTimeCommonConfig)
    i.LL_ADC_SetSamplingTimeCommonConfig     0x08005338   Section        0  stm32g4xx_hal_adc_ex.o(i.LL_ADC_SetSamplingTimeCommonConfig)
    LL_ADC_SetSamplingTimeCommonConfig       0x08005339   Thumb Code    12  stm32g4xx_hal_adc_ex.o(i.LL_ADC_SetSamplingTimeCommonConfig)
    i.MX_ADC1_Init                           0x08005344   Section        0  adc.o(i.MX_ADC1_Init)
    i.MX_FDCAN1_Init                         0x08005470   Section        0  fdcan.o(i.MX_FDCAN1_Init)
    i.MX_GPIO_Init                           0x08005528   Section        0  gpio.o(i.MX_GPIO_Init)
    i.MX_TIM1_Init                           0x08005648   Section        0  tim.o(i.MX_TIM1_Init)
    i.MX_TIM3_Init                           0x08005778   Section        0  tim.o(i.MX_TIM3_Init)
    i.MX_TIM6_Init                           0x080057fc   Section        0  tim.o(i.MX_TIM6_Init)
    i.MX_TIM7_Init                           0x08005848   Section        0  tim.o(i.MX_TIM7_Init)
    i.MemManage_Handler                      0x08005894   Section        0  stm32g4xx_it.o(i.MemManage_Handler)
    i.NMI_Handler                            0x08005898   Section        0  stm32g4xx_it.o(i.NMI_Handler)
    i.Normalize_theta                        0x0800589c   Section        0  foc_function.o(i.Normalize_theta)
    i.Park                                   0x080058d8   Section        0  foc_function.o(i.Park)
    i.PendSV_Handler                         0x08005936   Section        0  stm32g4xx_it.o(i.PendSV_Handler)
    i.RCC_GetSysClockFreqFromPLLSource       0x08005938   Section        0  stm32g4xx_hal_rcc.o(i.RCC_GetSysClockFreqFromPLLSource)
    RCC_GetSysClockFreqFromPLLSource         0x08005939   Thumb Code    90  stm32g4xx_hal_rcc.o(i.RCC_GetSysClockFreqFromPLLSource)
    i.SVC_Handler                            0x080059a0   Section        0  stm32g4xx_it.o(i.SVC_Handler)
    i.SpeedPI                                0x080059a4   Section        0  foc_function.o(i.SpeedPI)
    i.Svpwm                                  0x08005a5c   Section        0  foc_function.o(i.Svpwm)
    i.SysTick_Handler                        0x08005c8c   Section        0  stm32g4xx_it.o(i.SysTick_Handler)
    i.SystemClock_Config                     0x08005c94   Section        0  main.o(i.SystemClock_Config)
    i.SystemInit                             0x08005d00   Section        0  system_stm32g4xx.o(i.SystemInit)
    i.TIM6_DAC_IRQHandler                    0x08005d14   Section        0  stm32g4xx_it.o(i.TIM6_DAC_IRQHandler)
    i.TIM7_DAC_IRQHandler                    0x08005d24   Section        0  stm32g4xx_it.o(i.TIM7_DAC_IRQHandler)
    i.TIM_Base_SetConfig                     0x08005d34   Section        0  stm32g4xx_hal_tim.o(i.TIM_Base_SetConfig)
    i.TIM_CCxChannelCmd                      0x08005e24   Section        0  stm32g4xx_hal_tim.o(i.TIM_CCxChannelCmd)
    i.TIM_CCxNChannelCmd                     0x08005e46   Section        0  stm32g4xx_hal_tim_ex.o(i.TIM_CCxNChannelCmd)
    TIM_CCxNChannelCmd                       0x08005e47   Thumb Code    34  stm32g4xx_hal_tim_ex.o(i.TIM_CCxNChannelCmd)
    i.TIM_ETR_SetConfig                      0x08005e68   Section        0  stm32g4xx_hal_tim.o(i.TIM_ETR_SetConfig)
    i.TIM_ITRx_SetConfig                     0x08005e80   Section        0  stm32g4xx_hal_tim.o(i.TIM_ITRx_SetConfig)
    TIM_ITRx_SetConfig                       0x08005e81   Thumb Code    18  stm32g4xx_hal_tim.o(i.TIM_ITRx_SetConfig)
    i.TIM_OC1_SetConfig                      0x08005e98   Section        0  stm32g4xx_hal_tim.o(i.TIM_OC1_SetConfig)
    TIM_OC1_SetConfig                        0x08005e99   Thumb Code   160  stm32g4xx_hal_tim.o(i.TIM_OC1_SetConfig)
    i.TIM_OC2_SetConfig                      0x08005f54   Section        0  stm32g4xx_hal_tim.o(i.TIM_OC2_SetConfig)
    i.TIM_OC3_SetConfig                      0x0800601c   Section        0  stm32g4xx_hal_tim.o(i.TIM_OC3_SetConfig)
    TIM_OC3_SetConfig                        0x0800601d   Thumb Code   168  stm32g4xx_hal_tim.o(i.TIM_OC3_SetConfig)
    i.TIM_OC4_SetConfig                      0x080060e0   Section        0  stm32g4xx_hal_tim.o(i.TIM_OC4_SetConfig)
    TIM_OC4_SetConfig                        0x080060e1   Thumb Code   170  stm32g4xx_hal_tim.o(i.TIM_OC4_SetConfig)
    i.TIM_OC5_SetConfig                      0x080061a8   Section        0  stm32g4xx_hal_tim.o(i.TIM_OC5_SetConfig)
    TIM_OC5_SetConfig                        0x080061a9   Thumb Code    92  stm32g4xx_hal_tim.o(i.TIM_OC5_SetConfig)
    i.TIM_OC6_SetConfig                      0x08006220   Section        0  stm32g4xx_hal_tim.o(i.TIM_OC6_SetConfig)
    TIM_OC6_SetConfig                        0x08006221   Thumb Code    94  stm32g4xx_hal_tim.o(i.TIM_OC6_SetConfig)
    i.TIM_TI1_ConfigInputStage               0x0800629c   Section        0  stm32g4xx_hal_tim.o(i.TIM_TI1_ConfigInputStage)
    TIM_TI1_ConfigInputStage                 0x0800629d   Thumb Code    38  stm32g4xx_hal_tim.o(i.TIM_TI1_ConfigInputStage)
    i.TIM_TI2_ConfigInputStage               0x080062c2   Section        0  stm32g4xx_hal_tim.o(i.TIM_TI2_ConfigInputStage)
    TIM_TI2_ConfigInputStage                 0x080062c3   Thumb Code    40  stm32g4xx_hal_tim.o(i.TIM_TI2_ConfigInputStage)
    i.UsageFault_Handler                     0x080062ea   Section        0  stm32g4xx_it.o(i.UsageFault_Handler)
    i.VF_OpenLoop                            0x080062ee   Section        0  foc_function.o(i.VF_OpenLoop)
    i.__NVIC_GetPriorityGrouping             0x08006320   Section        0  stm32g4xx_hal_cortex.o(i.__NVIC_GetPriorityGrouping)
    __NVIC_GetPriorityGrouping               0x08006321   Thumb Code    10  stm32g4xx_hal_cortex.o(i.__NVIC_GetPriorityGrouping)
    i.__NVIC_SetPriority                     0x08006330   Section        0  stm32g4xx_hal_cortex.o(i.__NVIC_SetPriority)
    __NVIC_SetPriority                       0x08006331   Thumb Code    32  stm32g4xx_hal_cortex.o(i.__NVIC_SetPriority)
    i.__hardfp_fmodf                         0x08006358   Section        0  fmodf.o(i.__hardfp_fmodf)
    i.__mathlib_flt_invalid                  0x08006408   Section        0  funder.o(i.__mathlib_flt_invalid)
    i.__scatterload_copy                     0x08006418   Section       14  handlers.o(i.__scatterload_copy)
    i.__scatterload_null                     0x08006426   Section        2  handlers.o(i.__scatterload_null)
    i.__scatterload_zeroinit                 0x08006428   Section       14  handlers.o(i.__scatterload_zeroinit)
    i.__set_errno                            0x08006438   Section        0  errno.o(i.__set_errno)
    i.key_function                           0x08006444   Section        0  led_key.o(i.key_function)
    i.key_scan                               0x080064f8   Section        0  led_key.o(i.key_scan)
    i.main                                   0x080065a0   Section        0  main.o(i.main)
    .constdata                               0x08006760   Section       16  stm32g4xx_hal_fdcan.o(.constdata)
    DLCtoBytes                               0x08006760   Data          16  stm32g4xx_hal_fdcan.o(.constdata)
    .constdata                               0x08006770   Section       24  system_stm32g4xx.o(.constdata)
    .data                                    0x20000000   Section      193  main.o(.data)
    offset_cnt                               0x200000b0   Data           1  main.o(.data)
    Spdloop_cnt                              0x200000b4   Data           4  main.o(.data)
    can_tx_cnt                               0x200000b8   Data           1  main.o(.data)
    prev_output                              0x200000bc   Data           4  main.o(.data)
    init_flag                                0x200000c0   Data           1  main.o(.data)
    .data                                    0x200000c4   Section       24  fdcan.o(.data)
    .data                                    0x200000dc   Section       12  stm32g4xx_hal.o(.data)
    .data                                    0x200000e8   Section        4  system_stm32g4xx.o(.data)
    .data                                    0x200000ec   Section        1  led_key.o(.data)
    key_up                                   0x200000ec   Data           1  led_key.o(.data)
    .data                                    0x200000f0   Section        4  errno.o(.data)
    _errno                                   0x200000f0   Data           4  errno.o(.data)
    .bss                                     0x200000f4   Section       12  main.o(.bss)
    .bss                                     0x20000100   Section      108  adc.o(.bss)
    .bss                                     0x2000016c   Section      100  fdcan.o(.bss)
    .bss                                     0x200001d0   Section      304  tim.o(.bss)
    .bss                                     0x20000300   Section      156  foc_function.o(.bss)
    .bss                                     0x2000039c   Section       20  encoder.o(.bss)
    STACK                                    0x200003b0   Section     1024  startup_stm32g474xx.o(STACK)

    Global Symbols

    Symbol Name                              Value     Ov Type        Size  Object(Section)

    BuildAttributes$$THM_ISAv4$E$P$D$K$B$S$7EM$VFPi3$EXTD16$VFPS$VFMA$PE$A:L22UL41UL21$X:L11$S22US41US21$IEEE1$IW$USESV6$~STKCKD$USESV7$~SHL$OTIME$ROPI$IEEEX$EBA8$MICROLIB$REQ8$PRES8$EABIv2 0x00000000   Number         0  anon$$obj.o ABSOLUTE
    __ARM_use_no_argv                        0x00000000   Number         0  main.o ABSOLUTE
    __arm_fini_                               - Undefined Weak Reference
    __cpp_initialize__aeabi_                  - Undefined Weak Reference
    __cxa_finalize                            - Undefined Weak Reference
    __decompress                              - Undefined Weak Reference
    _clock_init                               - Undefined Weak Reference
    _microlib_exit                            - Undefined Weak Reference
    __Vectors_Size                           0x000001d8   Number         0  startup_stm32g474xx.o ABSOLUTE
    __Vectors                                0x08000000   Data           4  startup_stm32g474xx.o(RESET)
    __Vectors_End                            0x080001d8   Data           0  startup_stm32g474xx.o(RESET)
    __main                                   0x080001d9   Thumb Code     0  entry.o(.ARM.Collect$$$$00000000)
    _main_stk                                0x080001d9   Thumb Code     0  entry2.o(.ARM.Collect$$$$00000001)
    _main_scatterload                        0x080001dd   Thumb Code     0  entry5.o(.ARM.Collect$$$$00000004)
    __main_after_scatterload                 0x080001e1   Thumb Code     0  entry5.o(.ARM.Collect$$$$00000004)
    _main_clock                              0x080001e1   Thumb Code     0  entry7b.o(.ARM.Collect$$$$00000008)
    _main_cpp_init                           0x080001e1   Thumb Code     0  entry8b.o(.ARM.Collect$$$$0000000A)
    _main_init                               0x080001e1   Thumb Code     0  entry9a.o(.ARM.Collect$$$$0000000B)
    __rt_lib_shutdown_fini                   0x080001e9   Thumb Code     0  entry12b.o(.ARM.Collect$$$$0000000E)
    __rt_final_cpp                           0x080001ed   Thumb Code     0  entry10a.o(.ARM.Collect$$$$0000000F)
    __rt_final_exit                          0x080001ed   Thumb Code     0  entry11a.o(.ARM.Collect$$$$00000011)
    Reset_Handler                            0x080001f1   Thumb Code     8  startup_stm32g474xx.o(.text)
    ADC3_IRQHandler                          0x0800020b   Thumb Code     0  startup_stm32g474xx.o(.text)
    ADC4_IRQHandler                          0x0800020b   Thumb Code     0  startup_stm32g474xx.o(.text)
    ADC5_IRQHandler                          0x0800020b   Thumb Code     0  startup_stm32g474xx.o(.text)
    COMP1_2_3_IRQHandler                     0x0800020b   Thumb Code     0  startup_stm32g474xx.o(.text)
    COMP4_5_6_IRQHandler                     0x0800020b   Thumb Code     0  startup_stm32g474xx.o(.text)
    COMP7_IRQHandler                         0x0800020b   Thumb Code     0  startup_stm32g474xx.o(.text)
    CORDIC_IRQHandler                        0x0800020b   Thumb Code     0  startup_stm32g474xx.o(.text)
    CRS_IRQHandler                           0x0800020b   Thumb Code     0  startup_stm32g474xx.o(.text)
    DMA1_Channel1_IRQHandler                 0x0800020b   Thumb Code     0  startup_stm32g474xx.o(.text)
    DMA1_Channel2_IRQHandler                 0x0800020b   Thumb Code     0  startup_stm32g474xx.o(.text)
    DMA1_Channel3_IRQHandler                 0x0800020b   Thumb Code     0  startup_stm32g474xx.o(.text)
    DMA1_Channel4_IRQHandler                 0x0800020b   Thumb Code     0  startup_stm32g474xx.o(.text)
    DMA1_Channel5_IRQHandler                 0x0800020b   Thumb Code     0  startup_stm32g474xx.o(.text)
    DMA1_Channel6_IRQHandler                 0x0800020b   Thumb Code     0  startup_stm32g474xx.o(.text)
    DMA1_Channel7_IRQHandler                 0x0800020b   Thumb Code     0  startup_stm32g474xx.o(.text)
    DMA1_Channel8_IRQHandler                 0x0800020b   Thumb Code     0  startup_stm32g474xx.o(.text)
    DMA2_Channel1_IRQHandler                 0x0800020b   Thumb Code     0  startup_stm32g474xx.o(.text)
    DMA2_Channel2_IRQHandler                 0x0800020b   Thumb Code     0  startup_stm32g474xx.o(.text)
    DMA2_Channel3_IRQHandler                 0x0800020b   Thumb Code     0  startup_stm32g474xx.o(.text)
    DMA2_Channel4_IRQHandler                 0x0800020b   Thumb Code     0  startup_stm32g474xx.o(.text)
    DMA2_Channel5_IRQHandler                 0x0800020b   Thumb Code     0  startup_stm32g474xx.o(.text)
    DMA2_Channel6_IRQHandler                 0x0800020b   Thumb Code     0  startup_stm32g474xx.o(.text)
    DMA2_Channel7_IRQHandler                 0x0800020b   Thumb Code     0  startup_stm32g474xx.o(.text)
    DMA2_Channel8_IRQHandler                 0x0800020b   Thumb Code     0  startup_stm32g474xx.o(.text)
    DMAMUX_OVR_IRQHandler                    0x0800020b   Thumb Code     0  startup_stm32g474xx.o(.text)
    EXTI0_IRQHandler                         0x0800020b   Thumb Code     0  startup_stm32g474xx.o(.text)
    EXTI15_10_IRQHandler                     0x0800020b   Thumb Code     0  startup_stm32g474xx.o(.text)
    EXTI1_IRQHandler                         0x0800020b   Thumb Code     0  startup_stm32g474xx.o(.text)
    EXTI2_IRQHandler                         0x0800020b   Thumb Code     0  startup_stm32g474xx.o(.text)
    EXTI3_IRQHandler                         0x0800020b   Thumb Code     0  startup_stm32g474xx.o(.text)
    EXTI9_5_IRQHandler                       0x0800020b   Thumb Code     0  startup_stm32g474xx.o(.text)
    FDCAN1_IT1_IRQHandler                    0x0800020b   Thumb Code     0  startup_stm32g474xx.o(.text)
    FDCAN2_IT0_IRQHandler                    0x0800020b   Thumb Code     0  startup_stm32g474xx.o(.text)
    FDCAN2_IT1_IRQHandler                    0x0800020b   Thumb Code     0  startup_stm32g474xx.o(.text)
    FDCAN3_IT0_IRQHandler                    0x0800020b   Thumb Code     0  startup_stm32g474xx.o(.text)
    FDCAN3_IT1_IRQHandler                    0x0800020b   Thumb Code     0  startup_stm32g474xx.o(.text)
    FLASH_IRQHandler                         0x0800020b   Thumb Code     0  startup_stm32g474xx.o(.text)
    FMAC_IRQHandler                          0x0800020b   Thumb Code     0  startup_stm32g474xx.o(.text)
    FMC_IRQHandler                           0x0800020b   Thumb Code     0  startup_stm32g474xx.o(.text)
    FPU_IRQHandler                           0x0800020b   Thumb Code     0  startup_stm32g474xx.o(.text)
    HRTIM1_FLT_IRQHandler                    0x0800020b   Thumb Code     0  startup_stm32g474xx.o(.text)
    HRTIM1_Master_IRQHandler                 0x0800020b   Thumb Code     0  startup_stm32g474xx.o(.text)
    HRTIM1_TIMA_IRQHandler                   0x0800020b   Thumb Code     0  startup_stm32g474xx.o(.text)
    HRTIM1_TIMB_IRQHandler                   0x0800020b   Thumb Code     0  startup_stm32g474xx.o(.text)
    HRTIM1_TIMC_IRQHandler                   0x0800020b   Thumb Code     0  startup_stm32g474xx.o(.text)
    HRTIM1_TIMD_IRQHandler                   0x0800020b   Thumb Code     0  startup_stm32g474xx.o(.text)
    HRTIM1_TIME_IRQHandler                   0x0800020b   Thumb Code     0  startup_stm32g474xx.o(.text)
    HRTIM1_TIMF_IRQHandler                   0x0800020b   Thumb Code     0  startup_stm32g474xx.o(.text)
    I2C1_ER_IRQHandler                       0x0800020b   Thumb Code     0  startup_stm32g474xx.o(.text)
    I2C1_EV_IRQHandler                       0x0800020b   Thumb Code     0  startup_stm32g474xx.o(.text)
    I2C2_ER_IRQHandler                       0x0800020b   Thumb Code     0  startup_stm32g474xx.o(.text)
    I2C2_EV_IRQHandler                       0x0800020b   Thumb Code     0  startup_stm32g474xx.o(.text)
    I2C3_ER_IRQHandler                       0x0800020b   Thumb Code     0  startup_stm32g474xx.o(.text)
    I2C3_EV_IRQHandler                       0x0800020b   Thumb Code     0  startup_stm32g474xx.o(.text)
    I2C4_ER_IRQHandler                       0x0800020b   Thumb Code     0  startup_stm32g474xx.o(.text)
    I2C4_EV_IRQHandler                       0x0800020b   Thumb Code     0  startup_stm32g474xx.o(.text)
    LPTIM1_IRQHandler                        0x0800020b   Thumb Code     0  startup_stm32g474xx.o(.text)
    LPUART1_IRQHandler                       0x0800020b   Thumb Code     0  startup_stm32g474xx.o(.text)
    PVD_PVM_IRQHandler                       0x0800020b   Thumb Code     0  startup_stm32g474xx.o(.text)
    QUADSPI_IRQHandler                       0x0800020b   Thumb Code     0  startup_stm32g474xx.o(.text)
    RCC_IRQHandler                           0x0800020b   Thumb Code     0  startup_stm32g474xx.o(.text)
    RNG_IRQHandler                           0x0800020b   Thumb Code     0  startup_stm32g474xx.o(.text)
    RTC_Alarm_IRQHandler                     0x0800020b   Thumb Code     0  startup_stm32g474xx.o(.text)
    RTC_TAMP_LSECSS_IRQHandler               0x0800020b   Thumb Code     0  startup_stm32g474xx.o(.text)
    RTC_WKUP_IRQHandler                      0x0800020b   Thumb Code     0  startup_stm32g474xx.o(.text)
    SAI1_IRQHandler                          0x0800020b   Thumb Code     0  startup_stm32g474xx.o(.text)
    SPI1_IRQHandler                          0x0800020b   Thumb Code     0  startup_stm32g474xx.o(.text)
    SPI2_IRQHandler                          0x0800020b   Thumb Code     0  startup_stm32g474xx.o(.text)
    SPI3_IRQHandler                          0x0800020b   Thumb Code     0  startup_stm32g474xx.o(.text)
    SPI4_IRQHandler                          0x0800020b   Thumb Code     0  startup_stm32g474xx.o(.text)
    TIM1_BRK_TIM15_IRQHandler                0x0800020b   Thumb Code     0  startup_stm32g474xx.o(.text)
    TIM1_CC_IRQHandler                       0x0800020b   Thumb Code     0  startup_stm32g474xx.o(.text)
    TIM1_TRG_COM_TIM17_IRQHandler            0x0800020b   Thumb Code     0  startup_stm32g474xx.o(.text)
    TIM1_UP_TIM16_IRQHandler                 0x0800020b   Thumb Code     0  startup_stm32g474xx.o(.text)
    TIM20_BRK_IRQHandler                     0x0800020b   Thumb Code     0  startup_stm32g474xx.o(.text)
    TIM20_CC_IRQHandler                      0x0800020b   Thumb Code     0  startup_stm32g474xx.o(.text)
    TIM20_TRG_COM_IRQHandler                 0x0800020b   Thumb Code     0  startup_stm32g474xx.o(.text)
    TIM20_UP_IRQHandler                      0x0800020b   Thumb Code     0  startup_stm32g474xx.o(.text)
    TIM2_IRQHandler                          0x0800020b   Thumb Code     0  startup_stm32g474xx.o(.text)
    TIM3_IRQHandler                          0x0800020b   Thumb Code     0  startup_stm32g474xx.o(.text)
    TIM4_IRQHandler                          0x0800020b   Thumb Code     0  startup_stm32g474xx.o(.text)
    TIM5_IRQHandler                          0x0800020b   Thumb Code     0  startup_stm32g474xx.o(.text)
    TIM8_BRK_IRQHandler                      0x0800020b   Thumb Code     0  startup_stm32g474xx.o(.text)
    TIM8_CC_IRQHandler                       0x0800020b   Thumb Code     0  startup_stm32g474xx.o(.text)
    TIM8_TRG_COM_IRQHandler                  0x0800020b   Thumb Code     0  startup_stm32g474xx.o(.text)
    TIM8_UP_IRQHandler                       0x0800020b   Thumb Code     0  startup_stm32g474xx.o(.text)
    UART4_IRQHandler                         0x0800020b   Thumb Code     0  startup_stm32g474xx.o(.text)
    UART5_IRQHandler                         0x0800020b   Thumb Code     0  startup_stm32g474xx.o(.text)
    UCPD1_IRQHandler                         0x0800020b   Thumb Code     0  startup_stm32g474xx.o(.text)
    USART1_IRQHandler                        0x0800020b   Thumb Code     0  startup_stm32g474xx.o(.text)
    USART2_IRQHandler                        0x0800020b   Thumb Code     0  startup_stm32g474xx.o(.text)
    USART3_IRQHandler                        0x0800020b   Thumb Code     0  startup_stm32g474xx.o(.text)
    USBWakeUp_IRQHandler                     0x0800020b   Thumb Code     0  startup_stm32g474xx.o(.text)
    USB_HP_IRQHandler                        0x0800020b   Thumb Code     0  startup_stm32g474xx.o(.text)
    USB_LP_IRQHandler                        0x0800020b   Thumb Code     0  startup_stm32g474xx.o(.text)
    WWDG_IRQHandler                          0x0800020b   Thumb Code     0  startup_stm32g474xx.o(.text)
    __aeabi_memset                           0x08000215   Thumb Code    14  memseta.o(.text)
    __aeabi_memset4                          0x08000215   Thumb Code     0  memseta.o(.text)
    __aeabi_memset8                          0x08000215   Thumb Code     0  memseta.o(.text)
    __aeabi_memclr                           0x08000223   Thumb Code     4  memseta.o(.text)
    __aeabi_memclr4                          0x08000223   Thumb Code     0  memseta.o(.text)
    __aeabi_memclr8                          0x08000223   Thumb Code     0  memseta.o(.text)
    _memset$wrapper                          0x08000227   Thumb Code    18  memseta.o(.text)
    __I$use$fp                               0x08000239   Thumb Code     0  iusefp.o(.text)
    _float_round                             0x08000239   Thumb Code    18  fepilogue.o(.text)
    _float_epilogue                          0x0800024b   Thumb Code    92  fepilogue.o(.text)
    _frem                                    0x080002a7   Thumb Code    82  frem.o(.text)
    __scatterload                            0x080002f9   Thumb Code    28  init.o(.text)
    __scatterload_rt2                        0x080002f9   Thumb Code     0  init.o(.text)
    arm_cos_f32                              0x0800031d   Thumb Code   152  arm_cos_f32.o(.text.arm_cos_f32)
    arm_sin_f32                              0x080003b5   Thumb Code   144  arm_sin_f32.o(.text.arm_sin_f32)
    ADC1_2_IRQHandler                        0x08000445   Thumb Code    10  stm32g4xx_it.o(i.ADC1_2_IRQHandler)
    ADC_Disable                              0x08000455   Thumb Code   142  stm32g4xx_hal_adc.o(i.ADC_Disable)
    ADC_Enable                               0x080004e9   Thumb Code   200  stm32g4xx_hal_adc.o(i.ADC_Enable)
    BusFault_Handler                         0x080005c9   Thumb Code     4  stm32g4xx_it.o(i.BusFault_Handler)
    Clarke                                   0x080005cd   Thumb Code    38  foc_function.o(i.Clarke)
    CurrentPI                                0x080005fd   Thumb Code   330  foc_function.o(i.CurrentPI)
    DWT_Timer_Init                           0x08000751   Thumb Code    30  dwt_timer.o(i.DWT_Timer_Init)
    DWT_Timer_Start                          0x08000779   Thumb Code    14  dwt_timer.o(i.DWT_Timer_Start)
    DWT_Timer_Stop                           0x0800078d   Thumb Code    46  dwt_timer.o(i.DWT_Timer_Stop)
    DebugMon_Handler                         0x080007c9   Thumb Code     2  stm32g4xx_it.o(i.DebugMon_Handler)
    EXTI4_IRQHandler                         0x080007cb   Thumb Code    10  stm32g4xx_it.o(i.EXTI4_IRQHandler)
    Encoder_Align_Zero                       0x080007d5   Thumb Code    86  encoder.o(i.Encoder_Align_Zero)
    Encoder_Calculate_Speed                  0x0800083d   Thumb Code   100  encoder.o(i.Encoder_Calculate_Speed)
    Encoder_Init                             0x080008b1   Thumb Code    48  encoder.o(i.Encoder_Init)
    Encoder_Update_Angle                     0x080008ed   Thumb Code   102  encoder.o(i.Encoder_Update_Angle)
    Error_Handler                            0x08000961   Thumb Code     6  main.o(i.Error_Handler)
    FDCAN1_IT0_IRQHandler                    0x08000969   Thumb Code    10  stm32g4xx_it.o(i.FDCAN1_IT0_IRQHandler)
    FDCAN1_SendStd                           0x08000979   Thumb Code    96  fdcan.o(i.FDCAN1_SendStd)
    HAL_ADCEx_Calibration_Start              0x08000b71   Thumb Code   166  stm32g4xx_hal_adc_ex.o(i.HAL_ADCEx_Calibration_Start)
    HAL_ADCEx_EndOfSamplingCallback          0x08000c21   Thumb Code     2  stm32g4xx_hal_adc_ex.o(i.HAL_ADCEx_EndOfSamplingCallback)
    HAL_ADCEx_InjectedConfigChannel          0x08000c25   Thumb Code  1644  stm32g4xx_hal_adc_ex.o(i.HAL_ADCEx_InjectedConfigChannel)
    HAL_ADCEx_InjectedConvCpltCallback       0x080012c5   Thumb Code   664  main.o(i.HAL_ADCEx_InjectedConvCpltCallback)
    HAL_ADCEx_InjectedQueueOverflowCallback  0x080015e5   Thumb Code     2  stm32g4xx_hal_adc_ex.o(i.HAL_ADCEx_InjectedQueueOverflowCallback)
    HAL_ADCEx_InjectedStart_IT               0x080015e9   Thumb Code   380  stm32g4xx_hal_adc_ex.o(i.HAL_ADCEx_InjectedStart_IT)
    HAL_ADCEx_LevelOutOfWindow2Callback      0x08001779   Thumb Code     2  stm32g4xx_hal_adc_ex.o(i.HAL_ADCEx_LevelOutOfWindow2Callback)
    HAL_ADCEx_LevelOutOfWindow3Callback      0x0800177b   Thumb Code     2  stm32g4xx_hal_adc_ex.o(i.HAL_ADCEx_LevelOutOfWindow3Callback)
    HAL_ADCEx_MultiModeConfigChannel         0x0800177d   Thumb Code   414  stm32g4xx_hal_adc_ex.o(i.HAL_ADCEx_MultiModeConfigChannel)
    HAL_ADC_ConfigChannel                    0x08001935   Thumb Code  1348  stm32g4xx_hal_adc.o(i.HAL_ADC_ConfigChannel)
    HAL_ADC_ConvCpltCallback                 0x08001ea9   Thumb Code     2  stm32g4xx_hal_adc.o(i.HAL_ADC_ConvCpltCallback)
    HAL_ADC_ErrorCallback                    0x08001eab   Thumb Code     2  stm32g4xx_hal_adc.o(i.HAL_ADC_ErrorCallback)
    HAL_ADC_GetValue                         0x08001ead   Thumb Code     8  stm32g4xx_hal_adc.o(i.HAL_ADC_GetValue)
    HAL_ADC_IRQHandler                       0x08001eb5   Thumb Code   898  stm32g4xx_hal_adc.o(i.HAL_ADC_IRQHandler)
    HAL_ADC_Init                             0x0800224d   Thumb Code   652  stm32g4xx_hal_adc.o(i.HAL_ADC_Init)
    HAL_ADC_LevelOutOfWindowCallback         0x08002505   Thumb Code     2  stm32g4xx_hal_adc.o(i.HAL_ADC_LevelOutOfWindowCallback)
    HAL_ADC_MspInit                          0x08002509   Thumb Code   194  adc.o(i.HAL_ADC_MspInit)
    HAL_ADC_Start                            0x080025d5   Thumb Code   336  stm32g4xx_hal_adc.o(i.HAL_ADC_Start)
    HAL_Delay                                0x08002739   Thumb Code    36  stm32g4xx_hal.o(i.HAL_Delay)
    HAL_FDCAN_ActivateNotification           0x08002761   Thumb Code   290  stm32g4xx_hal_fdcan.o(i.HAL_FDCAN_ActivateNotification)
    HAL_FDCAN_AddMessageToTxFifoQ            0x08002883   Thumb Code   106  stm32g4xx_hal_fdcan.o(i.HAL_FDCAN_AddMessageToTxFifoQ)
    HAL_FDCAN_ConfigFilter                   0x080028ed   Thumb Code   100  stm32g4xx_hal_fdcan.o(i.HAL_FDCAN_ConfigFilter)
    HAL_FDCAN_ConfigGlobalFilter             0x08002951   Thumb Code    60  stm32g4xx_hal_fdcan.o(i.HAL_FDCAN_ConfigGlobalFilter)
    HAL_FDCAN_ErrorCallback                  0x0800298d   Thumb Code     2  stm32g4xx_hal_fdcan.o(i.HAL_FDCAN_ErrorCallback)
    HAL_FDCAN_ErrorStatusCallback            0x08002991   Thumb Code    18  fdcan.o(i.HAL_FDCAN_ErrorStatusCallback)
    HAL_FDCAN_GetRxMessage                   0x080029ad   Thumb Code   332  stm32g4xx_hal_fdcan.o(i.HAL_FDCAN_GetRxMessage)
    HAL_FDCAN_HighPriorityMessageCallback    0x08002afd   Thumb Code     2  stm32g4xx_hal_fdcan.o(i.HAL_FDCAN_HighPriorityMessageCallback)
    HAL_FDCAN_IRQHandler                     0x08002aff   Thumb Code   424  stm32g4xx_hal_fdcan.o(i.HAL_FDCAN_IRQHandler)
    HAL_FDCAN_Init                           0x08002ca9   Thumb Code   526  stm32g4xx_hal_fdcan.o(i.HAL_FDCAN_Init)
    HAL_FDCAN_MspInit                        0x08002ec1   Thumb Code   154  fdcan.o(i.HAL_FDCAN_MspInit)
    HAL_FDCAN_RxFifo0Callback                0x08002f65   Thumb Code   122  fdcan.o(i.HAL_FDCAN_RxFifo0Callback)
    HAL_FDCAN_RxFifo1Callback                0x08002ff9   Thumb Code     2  stm32g4xx_hal_fdcan.o(i.HAL_FDCAN_RxFifo1Callback)
    HAL_FDCAN_Start                          0x08002ffb   Thumb Code    46  stm32g4xx_hal_fdcan.o(i.HAL_FDCAN_Start)
    HAL_FDCAN_TimeoutOccurredCallback        0x08003029   Thumb Code     2  stm32g4xx_hal_fdcan.o(i.HAL_FDCAN_TimeoutOccurredCallback)
    HAL_FDCAN_TimestampWraparoundCallback    0x0800302b   Thumb Code     2  stm32g4xx_hal_fdcan.o(i.HAL_FDCAN_TimestampWraparoundCallback)
    HAL_FDCAN_TxBufferAbortCallback          0x0800302d   Thumb Code     2  stm32g4xx_hal_fdcan.o(i.HAL_FDCAN_TxBufferAbortCallback)
    HAL_FDCAN_TxBufferCompleteCallback       0x0800302f   Thumb Code     2  stm32g4xx_hal_fdcan.o(i.HAL_FDCAN_TxBufferCompleteCallback)
    HAL_FDCAN_TxEventFifoCallback            0x08003031   Thumb Code     2  stm32g4xx_hal_fdcan.o(i.HAL_FDCAN_TxEventFifoCallback)
    HAL_FDCAN_TxFifoEmptyCallback            0x08003033   Thumb Code     2  stm32g4xx_hal_fdcan.o(i.HAL_FDCAN_TxFifoEmptyCallback)
    HAL_GPIO_EXTI_Callback                   0x08003035   Thumb Code     2  main.o(i.HAL_GPIO_EXTI_Callback)
    HAL_GPIO_EXTI_IRQHandler                 0x08003039   Thumb Code    24  stm32g4xx_hal_gpio.o(i.HAL_GPIO_EXTI_IRQHandler)
    HAL_GPIO_Init                            0x08003055   Thumb Code   428  stm32g4xx_hal_gpio.o(i.HAL_GPIO_Init)
    HAL_GPIO_ReadPin                         0x08003221   Thumb Code    16  stm32g4xx_hal_gpio.o(i.HAL_GPIO_ReadPin)
    HAL_GPIO_TogglePin                       0x08003231   Thumb Code    20  stm32g4xx_hal_gpio.o(i.HAL_GPIO_TogglePin)
    HAL_GPIO_WritePin                        0x08003245   Thumb Code    10  stm32g4xx_hal_gpio.o(i.HAL_GPIO_WritePin)
    HAL_GetTick                              0x08003251   Thumb Code     6  stm32g4xx_hal.o(i.HAL_GetTick)
    HAL_IncTick                              0x0800325d   Thumb Code    16  stm32g4xx_hal.o(i.HAL_IncTick)
    HAL_Init                                 0x08003275   Thumb Code    30  stm32g4xx_hal.o(i.HAL_Init)
    HAL_InitTick                             0x08003295   Thumb Code    74  stm32g4xx_hal.o(i.HAL_InitTick)
    HAL_MspInit                              0x080032ed   Thumb Code    62  stm32g4xx_hal_msp.o(i.HAL_MspInit)
    HAL_NVIC_EnableIRQ                       0x08003331   Thumb Code    40  stm32g4xx_hal_cortex.o(i.HAL_NVIC_EnableIRQ)
    HAL_NVIC_SetPriority                     0x08003359   Thumb Code   122  stm32g4xx_hal_cortex.o(i.HAL_NVIC_SetPriority)
    HAL_NVIC_SetPriorityGrouping             0x080033d5   Thumb Code    32  stm32g4xx_hal_cortex.o(i.HAL_NVIC_SetPriorityGrouping)
    HAL_PWREx_ControlVoltageScaling          0x080033fd   Thumb Code   268  stm32g4xx_hal_pwr_ex.o(i.HAL_PWREx_ControlVoltageScaling)
    HAL_PWREx_DisableUCPDDeadBattery         0x08003515   Thumb Code    14  stm32g4xx_hal_pwr_ex.o(i.HAL_PWREx_DisableUCPDDeadBattery)
    HAL_RCCEx_PeriphCLKConfig                0x08003529   Thumb Code  1048  stm32g4xx_hal_rcc_ex.o(i.HAL_RCCEx_PeriphCLKConfig)
    HAL_RCC_ClockConfig                      0x08003941   Thumb Code   522  stm32g4xx_hal_rcc.o(i.HAL_RCC_ClockConfig)
    HAL_RCC_GetSysClockFreq                  0x08003b65   Thumb Code   138  stm32g4xx_hal_rcc.o(i.HAL_RCC_GetSysClockFreq)
    HAL_RCC_OscConfig                        0x08003bfd   Thumb Code  1360  stm32g4xx_hal_rcc.o(i.HAL_RCC_OscConfig)
    HAL_SYSTICK_Config                       0x08004159   Thumb Code    52  stm32g4xx_hal_cortex.o(i.HAL_SYSTICK_Config)
    HAL_TIMEx_Break2Callback                 0x0800418d   Thumb Code     2  stm32g4xx_hal_tim_ex.o(i.HAL_TIMEx_Break2Callback)
    HAL_TIMEx_BreakCallback                  0x0800418f   Thumb Code     2  stm32g4xx_hal_tim_ex.o(i.HAL_TIMEx_BreakCallback)
    HAL_TIMEx_CommutCallback                 0x08004191   Thumb Code     2  stm32g4xx_hal_tim_ex.o(i.HAL_TIMEx_CommutCallback)
    HAL_TIMEx_ConfigBreakDeadTime            0x08004195   Thumb Code   200  stm32g4xx_hal_tim_ex.o(i.HAL_TIMEx_ConfigBreakDeadTime)
    HAL_TIMEx_DirectionChangeCallback        0x08004269   Thumb Code     2  stm32g4xx_hal_tim_ex.o(i.HAL_TIMEx_DirectionChangeCallback)
    HAL_TIMEx_EncoderIndexCallback           0x0800426b   Thumb Code     2  stm32g4xx_hal_tim_ex.o(i.HAL_TIMEx_EncoderIndexCallback)
    HAL_TIMEx_IndexErrorCallback             0x0800426d   Thumb Code     2  stm32g4xx_hal_tim_ex.o(i.HAL_TIMEx_IndexErrorCallback)
    HAL_TIMEx_MasterConfigSynchronization    0x08004271   Thumb Code   182  stm32g4xx_hal_tim_ex.o(i.HAL_TIMEx_MasterConfigSynchronization)
    HAL_TIMEx_PWMN_Start                     0x08004349   Thumb Code   222  stm32g4xx_hal_tim_ex.o(i.HAL_TIMEx_PWMN_Start)
    HAL_TIMEx_TransitionErrorCallback        0x08004449   Thumb Code     2  stm32g4xx_hal_tim_ex.o(i.HAL_TIMEx_TransitionErrorCallback)
    HAL_TIM_Base_Init                        0x0800444b   Thumb Code   110  stm32g4xx_hal_tim.o(i.HAL_TIM_Base_Init)
    HAL_TIM_Base_MspInit                     0x080044b9   Thumb Code   148  tim.o(i.HAL_TIM_Base_MspInit)
    HAL_TIM_Base_Start                       0x0800455d   Thumb Code   134  stm32g4xx_hal_tim.o(i.HAL_TIM_Base_Start)
    HAL_TIM_Base_Start_IT                    0x08004605   Thumb Code   146  stm32g4xx_hal_tim.o(i.HAL_TIM_Base_Start_IT)
    HAL_TIM_ConfigClockSource                0x080046b9   Thumb Code   312  stm32g4xx_hal_tim.o(i.HAL_TIM_ConfigClockSource)
    HAL_TIM_Encoder_Init                     0x080047f5   Thumb Code   198  stm32g4xx_hal_tim.o(i.HAL_TIM_Encoder_Init)
    HAL_TIM_Encoder_MspInit                  0x080048c1   Thumb Code   108  tim.o(i.HAL_TIM_Encoder_MspInit)
    HAL_TIM_Encoder_Start                    0x08004935   Thumb Code   204  stm32g4xx_hal_tim.o(i.HAL_TIM_Encoder_Start)
    HAL_TIM_IC_CaptureCallback               0x08004a01   Thumb Code     2  stm32g4xx_hal_tim.o(i.HAL_TIM_IC_CaptureCallback)
    HAL_TIM_IRQHandler                       0x08004a03   Thumb Code   544  stm32g4xx_hal_tim.o(i.HAL_TIM_IRQHandler)
    HAL_TIM_MspPostInit                      0x08004c25   Thumb Code   166  tim.o(i.HAL_TIM_MspPostInit)
    HAL_TIM_OC_DelayElapsedCallback          0x08004cd9   Thumb Code     2  stm32g4xx_hal_tim.o(i.HAL_TIM_OC_DelayElapsedCallback)
    HAL_TIM_PWM_ConfigChannel                0x08004cdb   Thumb Code   368  stm32g4xx_hal_tim.o(i.HAL_TIM_PWM_ConfigChannel)
    HAL_TIM_PWM_Init                         0x08004e4b   Thumb Code   110  stm32g4xx_hal_tim.o(i.HAL_TIM_PWM_Init)
    HAL_TIM_PWM_MspInit                      0x08004eb9   Thumb Code     2  stm32g4xx_hal_tim.o(i.HAL_TIM_PWM_MspInit)
    HAL_TIM_PWM_PulseFinishedCallback        0x08004ebb   Thumb Code     2  stm32g4xx_hal_tim.o(i.HAL_TIM_PWM_PulseFinishedCallback)
    HAL_TIM_PWM_Start                        0x08004ebd   Thumb Code   322  stm32g4xx_hal_tim.o(i.HAL_TIM_PWM_Start)
    HAL_TIM_PeriodElapsedCallback            0x08005029   Thumb Code   142  main.o(i.HAL_TIM_PeriodElapsedCallback)
    HAL_TIM_TriggerCallback                  0x080050e5   Thumb Code     2  stm32g4xx_hal_tim.o(i.HAL_TIM_TriggerCallback)
    HardFault_Handler                        0x080050e7   Thumb Code     4  stm32g4xx_it.o(i.HardFault_Handler)
    IF_OpenLoop                              0x080050eb   Thumb Code   100  foc_function.o(i.IF_OpenLoop)
    Invpark                                  0x0800514f   Thumb Code    90  foc_function.o(i.Invpark)
    MX_ADC1_Init                             0x08005345   Thumb Code   278  adc.o(i.MX_ADC1_Init)
    MX_FDCAN1_Init                           0x08005471   Thumb Code   172  fdcan.o(i.MX_FDCAN1_Init)
    MX_GPIO_Init                             0x08005529   Thumb Code   276  gpio.o(i.MX_GPIO_Init)
    MX_TIM1_Init                             0x08005649   Thumb Code   296  tim.o(i.MX_TIM1_Init)
    MX_TIM3_Init                             0x08005779   Thumb Code   122  tim.o(i.MX_TIM3_Init)
    MX_TIM6_Init                             0x080057fd   Thumb Code    68  tim.o(i.MX_TIM6_Init)
    MX_TIM7_Init                             0x08005849   Thumb Code    68  tim.o(i.MX_TIM7_Init)
    MemManage_Handler                        0x08005895   Thumb Code     4  stm32g4xx_it.o(i.MemManage_Handler)
    NMI_Handler                              0x08005899   Thumb Code     4  stm32g4xx_it.o(i.NMI_Handler)
    Normalize_theta                          0x0800589d   Thumb Code    56  foc_function.o(i.Normalize_theta)
    Park                                     0x080058d9   Thumb Code    94  foc_function.o(i.Park)
    PendSV_Handler                           0x08005937   Thumb Code     2  stm32g4xx_it.o(i.PendSV_Handler)
    SVC_Handler                              0x080059a1   Thumb Code     2  stm32g4xx_it.o(i.SVC_Handler)
    SpeedPI                                  0x080059a5   Thumb Code   174  foc_function.o(i.SpeedPI)
    Svpwm                                    0x08005a5d   Thumb Code   534  foc_function.o(i.Svpwm)
    SysTick_Handler                          0x08005c8d   Thumb Code     8  stm32g4xx_it.o(i.SysTick_Handler)
    SystemClock_Config                       0x08005c95   Thumb Code   106  main.o(i.SystemClock_Config)
    SystemInit                               0x08005d01   Thumb Code    14  system_stm32g4xx.o(i.SystemInit)
    TIM6_DAC_IRQHandler                      0x08005d15   Thumb Code    10  stm32g4xx_it.o(i.TIM6_DAC_IRQHandler)
    TIM7_DAC_IRQHandler                      0x08005d25   Thumb Code    10  stm32g4xx_it.o(i.TIM7_DAC_IRQHandler)
    TIM_Base_SetConfig                       0x08005d35   Thumb Code   204  stm32g4xx_hal_tim.o(i.TIM_Base_SetConfig)
    TIM_CCxChannelCmd                        0x08005e25   Thumb Code    34  stm32g4xx_hal_tim.o(i.TIM_CCxChannelCmd)
    TIM_ETR_SetConfig                        0x08005e69   Thumb Code    22  stm32g4xx_hal_tim.o(i.TIM_ETR_SetConfig)
    TIM_OC2_SetConfig                        0x08005f55   Thumb Code   170  stm32g4xx_hal_tim.o(i.TIM_OC2_SetConfig)
    UsageFault_Handler                       0x080062eb   Thumb Code     4  stm32g4xx_it.o(i.UsageFault_Handler)
    VF_OpenLoop                              0x080062ef   Thumb Code    50  foc_function.o(i.VF_OpenLoop)
    __hardfp_fmodf                           0x08006359   Thumb Code   176  fmodf.o(i.__hardfp_fmodf)
    __mathlib_flt_invalid                    0x08006409   Thumb Code    10  funder.o(i.__mathlib_flt_invalid)
    __scatterload_copy                       0x08006419   Thumb Code    14  handlers.o(i.__scatterload_copy)
    __scatterload_null                       0x08006427   Thumb Code     2  handlers.o(i.__scatterload_null)
    __scatterload_zeroinit                   0x08006429   Thumb Code    14  handlers.o(i.__scatterload_zeroinit)
    __set_errno                              0x08006439   Thumb Code     6  errno.o(i.__set_errno)
    key_function                             0x08006445   Thumb Code   170  led_key.o(i.key_function)
    key_scan                                 0x080064f9   Thumb Code   158  led_key.o(i.key_scan)
    main                                     0x080065a1   Thumb Code   358  main.o(i.main)
    AHBPrescTable                            0x08006770   Data          16  system_stm32g4xx.o(.constdata)
    APBPrescTable                            0x08006780   Data           8  system_stm32g4xx.o(.constdata)
    sinTable_f32                             0x08006788   Data        2052  arm_common_tables.o(.rodata.sinTable_f32)
    Region$$Table$$Base                      0x08006f8c   Number         0  anon$$obj.o(Region$$Table)
    Region$$Table$$Limit                     0x08006fac   Number         0  anon$$obj.o(Region$$Table)
    ref                                      0x20000000   Data           4  main.o(.data)
    step                                     0x20000004   Data           4  main.o(.data)
    ADC_Vbus                                 0x20000008   Data           2  main.o(.data)
    ADC_IsensU                               0x2000000a   Data           2  main.o(.data)
    ADC_IsensV                               0x2000000c   Data           2  main.o(.data)
    ADC_IsensW                               0x2000000e   Data           2  main.o(.data)
    U_Offset                                 0x20000010   Data           4  main.o(.data)
    V_Offset                                 0x20000014   Data           4  main.o(.data)
    W_Offset                                 0x20000018   Data           4  main.o(.data)
    Vbus                                     0x2000001c   Data           4  main.o(.data)
    IsensU_raw                               0x20000020   Data           4  main.o(.data)
    IsensV_raw                               0x20000024   Data           4  main.o(.data)
    IsensW_raw                               0x20000028   Data           4  main.o(.data)
    IsensU                                   0x2000002c   Data           4  main.o(.data)
    IsensV                                   0x20000030   Data           4  main.o(.data)
    IsensW                                   0x20000034   Data           4  main.o(.data)
    Offset_Flag                              0x20000038   Data           1  main.o(.data)
    Run_Flag                                 0x20000039   Data           1  main.o(.data)
    Run_Switch                               0x2000003a   Data           1  main.o(.data)
    ThetaUp_Flag                             0x2000003b   Data           1  main.o(.data)
    Z_flag                                   0x2000003c   Data           1  main.o(.data)
    Close_Flag                               0x2000003d   Data           1  main.o(.data)
    Hat_Flag                                 0x2000003e   Data           1  main.o(.data)
    key                                      0x2000003f   Data           1  main.o(.data)
    my_theta                                 0x20000040   Data           4  main.o(.data)
    EncValueRaw                              0x20000044   Data           2  main.o(.data)
    EncValue                                 0x20000046   Data           2  main.o(.data)
    Enc_eTheta                               0x20000048   Data           4  main.o(.data)
    Enc_Speed                                0x2000004c   Data           4  main.o(.data)
    Enc_Pos                                  0x20000050   Data           2  main.o(.data)
    Enc_cnt                                  0x20000052   Data           2  main.o(.data)
    Smo_e_Theta                              0x20000054   Data           4  main.o(.data)
    Smo_Pll_e_Theta                          0x20000058   Data           4  main.o(.data)
    Bef_e_Theta                              0x2000005c   Data           4  main.o(.data)
    Smo_Speed                                0x20000060   Data           4  main.o(.data)
    Smo_err                                  0x20000064   Data           4  main.o(.data)
    kp                                       0x20000068   Data           4  main.o(.data)
    ki                                       0x2000006c   Data           4  main.o(.data)
    skp                                      0x20000070   Data           4  main.o(.data)
    ski                                      0x20000074   Data           4  main.o(.data)
    pkp                                      0x20000078   Data           4  main.o(.data)
    pkd                                      0x2000007c   Data           4  main.o(.data)
    Iqref                                    0x20000080   Data           4  main.o(.data)
    Speedref                                 0x20000084   Data           2  main.o(.data)
    Posref                                   0x20000086   Data           2  main.o(.data)
    Speedref_ramp                            0x20000088   Data           2  main.o(.data)
    Speed_step_up                            0x2000008a   Data           2  main.o(.data)
    Speed_step_dn                            0x2000008c   Data           2  main.o(.data)
    Ud                                       0x20000090   Data           4  main.o(.data)
    Uq                                       0x20000094   Data           4  main.o(.data)
    Ualpha                                   0x20000098   Data           4  main.o(.data)
    Ubeta                                    0x2000009c   Data           4  main.o(.data)
    Id                                       0x200000a0   Data           4  main.o(.data)
    Iq                                       0x200000a4   Data           4  main.o(.data)
    Ialpha                                   0x200000a8   Data           4  main.o(.data)
    Ibeta                                    0x200000ac   Data           4  main.o(.data)
    g_fdcan1_rx_count                        0x200000c4   Data           4  fdcan.o(.data)
    g_fdcan1_last_rx_id                      0x200000c8   Data           4  fdcan.o(.data)
    g_fdcan1_last_rx_len                     0x200000cc   Data           1  fdcan.o(.data)
    g_fdcan1_last_rx_data                    0x200000cd   Data           8  fdcan.o(.data)
    g_fdcan1_error_count                     0x200000d8   Data           4  fdcan.o(.data)
    uwTick                                   0x200000dc   Data           4  stm32g4xx_hal.o(.data)
    uwTickPrio                               0x200000e0   Data           4  stm32g4xx_hal.o(.data)
    uwTickFreq                               0x200000e4   Data           4  stm32g4xx_hal.o(.data)
    SystemCoreClock                          0x200000e8   Data           4  system_stm32g4xx.o(.data)
    t                                        0x200000f4   Data          12  main.o(.bss)
    hadc1                                    0x20000100   Data         108  adc.o(.bss)
    hfdcan1                                  0x2000016c   Data         100  fdcan.o(.bss)
    htim1                                    0x200001d0   Data          76  tim.o(.bss)
    htim3                                    0x2000021c   Data          76  tim.o(.bss)
    htim6                                    0x20000268   Data          76  tim.o(.bss)
    htim7                                    0x200002b4   Data          76  tim.o(.bss)
    MyFoc                                    0x20000300   Data          84  foc_function.o(.bss)
    C_PI                                     0x20000354   Data          32  foc_function.o(.bss)
    S_PI                                     0x20000374   Data          20  foc_function.o(.bss)
    P_PI                                     0x20000388   Data          20  foc_function.o(.bss)
    MyEnc                                    0x2000039c   Data          20  encoder.o(.bss)
    __initial_sp                             0x200007b0   Data           0  startup_stm32g474xx.o(STACK)



==============================================================================

Memory Map of the image

  Image Entry point : 0x080001d9

  Load Region LR_IROM1 (Base: 0x08000000, Size: 0x000070a0, Max: 0x00080000, ABSOLUTE)

    Execution Region ER_IROM1 (Exec base: 0x08000000, Load base: 0x08000000, Size: 0x00006fac, Max: 0x00080000, ABSOLUTE)

    Exec Addr    Load Addr    Size         Type   Attr      Idx    E Section Name        Object

    0x08000000   0x08000000   0x000001d8   Data   RO            3    RESET               startup_stm32g474xx.o
    0x080001d8   0x080001d8   0x00000000   Code   RO         4727  * .ARM.Collect$$$$00000000  mc_w.l(entry.o)
    0x080001d8   0x080001d8   0x00000004   Code   RO         4757    .ARM.Collect$$$$00000001  mc_w.l(entry2.o)
    0x080001dc   0x080001dc   0x00000004   Code   RO         4760    .ARM.Collect$$$$00000004  mc_w.l(entry5.o)
    0x080001e0   0x080001e0   0x00000000   Code   RO         4762    .ARM.Collect$$$$00000008  mc_w.l(entry7b.o)
    0x080001e0   0x080001e0   0x00000000   Code   RO         4764    .ARM.Collect$$$$0000000A  mc_w.l(entry8b.o)
    0x080001e0   0x080001e0   0x00000008   Code   RO         4765    .ARM.Collect$$$$0000000B  mc_w.l(entry9a.o)
    0x080001e8   0x080001e8   0x00000004   Code   RO         4772    .ARM.Collect$$$$0000000E  mc_w.l(entry12b.o)
    0x080001ec   0x080001ec   0x00000000   Code   RO         4767    .ARM.Collect$$$$0000000F  mc_w.l(entry10a.o)
    0x080001ec   0x080001ec   0x00000000   Code   RO         4769    .ARM.Collect$$$$00000011  mc_w.l(entry11a.o)
    0x080001ec   0x080001ec   0x00000004   Code   RO         4758    .ARM.Collect$$$$00002712  mc_w.l(entry2.o)
    0x080001f0   0x080001f0   0x00000024   Code   RO            4    .text               startup_stm32g474xx.o
    0x08000214   0x08000214   0x00000024   Code   RO         4730    .text               mc_w.l(memseta.o)
    0x08000238   0x08000238   0x00000000   Code   RO         4784    .text               mc_w.l(iusefp.o)
    0x08000238   0x08000238   0x0000006e   Code   RO         4785    .text               mf_w.l(fepilogue.o)
    0x080002a6   0x080002a6   0x00000052   Code   RO         4787    .text               mf_w.l(frem.o)
    0x080002f8   0x080002f8   0x00000024   Code   RO         4791    .text               mc_w.l(init.o)
    0x0800031c   0x0800031c   0x00000098   Code   RO         4542    .text.arm_cos_f32   arm_cortexM4lf_math.lib(arm_cos_f32.o)
    0x080003b4   0x080003b4   0x00000090   Code   RO         4551    .text.arm_sin_f32   arm_cortexM4lf_math.lib(arm_sin_f32.o)
    0x08000444   0x08000444   0x00000010   Code   RO          448    i.ADC1_2_IRQHandler  stm32g4xx_it.o
    0x08000454   0x08000454   0x00000094   Code   RO          582    i.ADC_Disable       stm32g4xx_hal_adc.o
    0x080004e8   0x080004e8   0x000000e0   Code   RO          583    i.ADC_Enable        stm32g4xx_hal_adc.o
    0x080005c8   0x080005c8   0x00000004   Code   RO          449    i.BusFault_Handler  stm32g4xx_it.o
    0x080005cc   0x080005cc   0x00000030   Code   RO         4252    i.Clarke            foc_function.o
    0x080005fc   0x080005fc   0x00000154   Code   RO         4254    i.CurrentPI         foc_function.o
    0x08000750   0x08000750   0x00000028   Code   RO         4468    i.DWT_Timer_Init    dwt_timer.o
    0x08000778   0x08000778   0x00000014   Code   RO         4469    i.DWT_Timer_Start   dwt_timer.o
    0x0800078c   0x0800078c   0x0000003c   Code   RO         4470    i.DWT_Timer_Stop    dwt_timer.o
    0x080007c8   0x080007c8   0x00000002   Code   RO          450    i.DebugMon_Handler  stm32g4xx_it.o
    0x080007ca   0x080007ca   0x0000000a   Code   RO          451    i.EXTI4_IRQHandler  stm32g4xx_it.o
    0x080007d4   0x080007d4   0x00000068   Code   RO         4368    i.Encoder_Align_Zero  encoder.o
    0x0800083c   0x0800083c   0x00000074   Code   RO         4369    i.Encoder_Calculate_Speed  encoder.o
    0x080008b0   0x080008b0   0x0000003c   Code   RO         4370    i.Encoder_Init      encoder.o
    0x080008ec   0x080008ec   0x00000074   Code   RO         4371    i.Encoder_Update_Angle  encoder.o
    0x08000960   0x08000960   0x00000006   Code   RO           13    i.Error_Handler     main.o
    0x08000966   0x08000966   0x00000002   PAD
    0x08000968   0x08000968   0x00000010   Code   RO          452    i.FDCAN1_IT0_IRQHandler  stm32g4xx_it.o
    0x08000978   0x08000978   0x00000064   Code   RO          299    i.FDCAN1_SendStd    fdcan.o
    0x080009dc   0x080009dc   0x00000084   Code   RO         2669    i.FDCAN_CalcultateRamBlockAddresses  stm32g4xx_hal_fdcan.o
    0x08000a60   0x08000a60   0x000000cc   Code   RO         2670    i.FDCAN_CopyMessageToRAM  stm32g4xx_hal_fdcan.o
    0x08000b2c   0x08000b2c   0x0000000e   Code   RO          300    i.FDCAN_DlcToLen    fdcan.o
    0x08000b3a   0x08000b3a   0x00000036   Code   RO          301    i.FDCAN_LenToDlc    fdcan.o
    0x08000b70   0x08000b70   0x000000b0   Code   RO          866    i.HAL_ADCEx_Calibration_Start  stm32g4xx_hal_adc_ex.o
    0x08000c20   0x08000c20   0x00000002   Code   RO          870    i.HAL_ADCEx_EndOfSamplingCallback  stm32g4xx_hal_adc_ex.o
    0x08000c22   0x08000c22   0x00000002   PAD
    0x08000c24   0x08000c24   0x000006a0   Code   RO          872    i.HAL_ADCEx_InjectedConfigChannel  stm32g4xx_hal_adc_ex.o
    0x080012c4   0x080012c4   0x00000320   Code   RO           14    i.HAL_ADCEx_InjectedConvCpltCallback  main.o
    0x080015e4   0x080015e4   0x00000002   Code   RO          876    i.HAL_ADCEx_InjectedQueueOverflowCallback  stm32g4xx_hal_adc_ex.o
    0x080015e6   0x080015e6   0x00000002   PAD
    0x080015e8   0x080015e8   0x00000190   Code   RO          878    i.HAL_ADCEx_InjectedStart_IT  stm32g4xx_hal_adc_ex.o
    0x08001778   0x08001778   0x00000002   Code   RO          881    i.HAL_ADCEx_LevelOutOfWindow2Callback  stm32g4xx_hal_adc_ex.o
    0x0800177a   0x0800177a   0x00000002   Code   RO          882    i.HAL_ADCEx_LevelOutOfWindow3Callback  stm32g4xx_hal_adc_ex.o
    0x0800177c   0x0800177c   0x000001b8   Code   RO          883    i.HAL_ADCEx_MultiModeConfigChannel  stm32g4xx_hal_adc_ex.o
    0x08001934   0x08001934   0x00000574   Code   RO          585    i.HAL_ADC_ConfigChannel  stm32g4xx_hal_adc.o
    0x08001ea8   0x08001ea8   0x00000002   Code   RO          586    i.HAL_ADC_ConvCpltCallback  stm32g4xx_hal_adc.o
    0x08001eaa   0x08001eaa   0x00000002   Code   RO          589    i.HAL_ADC_ErrorCallback  stm32g4xx_hal_adc.o
    0x08001eac   0x08001eac   0x00000008   Code   RO          592    i.HAL_ADC_GetValue  stm32g4xx_hal_adc.o
    0x08001eb4   0x08001eb4   0x00000398   Code   RO          593    i.HAL_ADC_IRQHandler  stm32g4xx_hal_adc.o
    0x0800224c   0x0800224c   0x000002b8   Code   RO          594    i.HAL_ADC_Init      stm32g4xx_hal_adc.o
    0x08002504   0x08002504   0x00000002   Code   RO          595    i.HAL_ADC_LevelOutOfWindowCallback  stm32g4xx_hal_adc.o
    0x08002506   0x08002506   0x00000002   PAD
    0x08002508   0x08002508   0x000000cc   Code   RO          258    i.HAL_ADC_MspInit   adc.o
    0x080025d4   0x080025d4   0x00000164   Code   RO          600    i.HAL_ADC_Start     stm32g4xx_hal_adc.o
    0x08002738   0x08002738   0x00000028   Code   RO         1112    i.HAL_Delay         stm32g4xx_hal.o
    0x08002760   0x08002760   0x00000122   Code   RO         2672    i.HAL_FDCAN_ActivateNotification  stm32g4xx_hal_fdcan.o
    0x08002882   0x08002882   0x0000006a   Code   RO         2673    i.HAL_FDCAN_AddMessageToTxFifoQ  stm32g4xx_hal_fdcan.o
    0x080028ec   0x080028ec   0x00000064   Code   RO         2675    i.HAL_FDCAN_ConfigFilter  stm32g4xx_hal_fdcan.o
    0x08002950   0x08002950   0x0000003c   Code   RO         2676    i.HAL_FDCAN_ConfigGlobalFilter  stm32g4xx_hal_fdcan.o
    0x0800298c   0x0800298c   0x00000002   Code   RO         2696    i.HAL_FDCAN_ErrorCallback  stm32g4xx_hal_fdcan.o
    0x0800298e   0x0800298e   0x00000002   PAD
    0x08002990   0x08002990   0x0000001c   Code   RO          302    i.HAL_FDCAN_ErrorStatusCallback  fdcan.o
    0x080029ac   0x080029ac   0x00000150   Code   RO         2706    i.HAL_FDCAN_GetRxMessage  stm32g4xx_hal_fdcan.o
    0x08002afc   0x08002afc   0x00000002   Code   RO         2712    i.HAL_FDCAN_HighPriorityMessageCallback  stm32g4xx_hal_fdcan.o
    0x08002afe   0x08002afe   0x000001a8   Code   RO         2713    i.HAL_FDCAN_IRQHandler  stm32g4xx_hal_fdcan.o
    0x08002ca6   0x08002ca6   0x00000002   PAD
    0x08002ca8   0x08002ca8   0x00000218   Code   RO         2714    i.HAL_FDCAN_Init    stm32g4xx_hal_fdcan.o
    0x08002ec0   0x08002ec0   0x000000a4   Code   RO          304    i.HAL_FDCAN_MspInit  fdcan.o
    0x08002f64   0x08002f64   0x00000094   Code   RO          305    i.HAL_FDCAN_RxFifo0Callback  fdcan.o
    0x08002ff8   0x08002ff8   0x00000002   Code   RO         2722    i.HAL_FDCAN_RxFifo1Callback  stm32g4xx_hal_fdcan.o
    0x08002ffa   0x08002ffa   0x0000002e   Code   RO         2723    i.HAL_FDCAN_Start   stm32g4xx_hal_fdcan.o
    0x08003028   0x08003028   0x00000002   Code   RO         2725    i.HAL_FDCAN_TimeoutOccurredCallback  stm32g4xx_hal_fdcan.o
    0x0800302a   0x0800302a   0x00000002   Code   RO         2726    i.HAL_FDCAN_TimestampWraparoundCallback  stm32g4xx_hal_fdcan.o
    0x0800302c   0x0800302c   0x00000002   Code   RO         2727    i.HAL_FDCAN_TxBufferAbortCallback  stm32g4xx_hal_fdcan.o
    0x0800302e   0x0800302e   0x00000002   Code   RO         2728    i.HAL_FDCAN_TxBufferCompleteCallback  stm32g4xx_hal_fdcan.o
    0x08003030   0x08003030   0x00000002   Code   RO         2729    i.HAL_FDCAN_TxEventFifoCallback  stm32g4xx_hal_fdcan.o
    0x08003032   0x08003032   0x00000002   Code   RO         2730    i.HAL_FDCAN_TxFifoEmptyCallback  stm32g4xx_hal_fdcan.o
    0x08003034   0x08003034   0x00000002   Code   RO           15    i.HAL_GPIO_EXTI_Callback  main.o
    0x08003036   0x08003036   0x00000002   PAD
    0x08003038   0x08003038   0x0000001c   Code   RO         1886    i.HAL_GPIO_EXTI_IRQHandler  stm32g4xx_hal_gpio.o
    0x08003054   0x08003054   0x000001cc   Code   RO         1887    i.HAL_GPIO_Init     stm32g4xx_hal_gpio.o
    0x08003220   0x08003220   0x00000010   Code   RO         1889    i.HAL_GPIO_ReadPin  stm32g4xx_hal_gpio.o
    0x08003230   0x08003230   0x00000014   Code   RO         1890    i.HAL_GPIO_TogglePin  stm32g4xx_hal_gpio.o
    0x08003244   0x08003244   0x0000000a   Code   RO         1891    i.HAL_GPIO_WritePin  stm32g4xx_hal_gpio.o
    0x0800324e   0x0800324e   0x00000002   PAD
    0x08003250   0x08003250   0x0000000c   Code   RO         1116    i.HAL_GetTick       stm32g4xx_hal.o
    0x0800325c   0x0800325c   0x00000018   Code   RO         1122    i.HAL_IncTick       stm32g4xx_hal.o
    0x08003274   0x08003274   0x0000001e   Code   RO         1123    i.HAL_Init          stm32g4xx_hal.o
    0x08003292   0x08003292   0x00000002   PAD
    0x08003294   0x08003294   0x00000058   Code   RO         1124    i.HAL_InitTick      stm32g4xx_hal.o
    0x080032ec   0x080032ec   0x00000044   Code   RO          554    i.HAL_MspInit       stm32g4xx_hal_msp.o
    0x08003330   0x08003330   0x00000028   Code   RO         2534    i.HAL_NVIC_EnableIRQ  stm32g4xx_hal_cortex.o
    0x08003358   0x08003358   0x0000007a   Code   RO         2540    i.HAL_NVIC_SetPriority  stm32g4xx_hal_cortex.o
    0x080033d2   0x080033d2   0x00000002   PAD
    0x080033d4   0x080033d4   0x00000028   Code   RO         2541    i.HAL_NVIC_SetPriorityGrouping  stm32g4xx_hal_cortex.o
    0x080033fc   0x080033fc   0x00000118   Code   RO         2290    i.HAL_PWREx_ControlVoltageScaling  stm32g4xx_hal_pwr_ex.o
    0x08003514   0x08003514   0x00000014   Code   RO         2302    i.HAL_PWREx_DisableUCPDDeadBattery  stm32g4xx_hal_pwr_ex.o
    0x08003528   0x08003528   0x00000418   Code   RO         1488    i.HAL_RCCEx_PeriphCLKConfig  stm32g4xx_hal_rcc_ex.o
    0x08003940   0x08003940   0x00000224   Code   RO         1358    i.HAL_RCC_ClockConfig  stm32g4xx_hal_rcc.o
    0x08003b64   0x08003b64   0x00000098   Code   RO         1368    i.HAL_RCC_GetSysClockFreq  stm32g4xx_hal_rcc.o
    0x08003bfc   0x08003bfc   0x0000055c   Code   RO         1371    i.HAL_RCC_OscConfig  stm32g4xx_hal_rcc.o
    0x08004158   0x08004158   0x00000034   Code   RO         2545    i.HAL_SYSTICK_Config  stm32g4xx_hal_cortex.o
    0x0800418c   0x0800418c   0x00000002   Code   RO         3786    i.HAL_TIMEx_Break2Callback  stm32g4xx_hal_tim_ex.o
    0x0800418e   0x0800418e   0x00000002   Code   RO         3787    i.HAL_TIMEx_BreakCallback  stm32g4xx_hal_tim_ex.o
    0x08004190   0x08004190   0x00000002   Code   RO         3788    i.HAL_TIMEx_CommutCallback  stm32g4xx_hal_tim_ex.o
    0x08004192   0x08004192   0x00000002   PAD
    0x08004194   0x08004194   0x000000d4   Code   RO         3791    i.HAL_TIMEx_ConfigBreakDeadTime  stm32g4xx_hal_tim_ex.o
    0x08004268   0x08004268   0x00000002   Code   RO         3799    i.HAL_TIMEx_DirectionChangeCallback  stm32g4xx_hal_tim_ex.o
    0x0800426a   0x0800426a   0x00000002   Code   RO         3813    i.HAL_TIMEx_EncoderIndexCallback  stm32g4xx_hal_tim_ex.o
    0x0800426c   0x0800426c   0x00000002   Code   RO         3827    i.HAL_TIMEx_IndexErrorCallback  stm32g4xx_hal_tim_ex.o
    0x0800426e   0x0800426e   0x00000002   PAD
    0x08004270   0x08004270   0x000000d8   Code   RO         3828    i.HAL_TIMEx_MasterConfigSynchronization  stm32g4xx_hal_tim_ex.o
    0x08004348   0x08004348   0x00000100   Code   RO         3840    i.HAL_TIMEx_PWMN_Start  stm32g4xx_hal_tim_ex.o
    0x08004448   0x08004448   0x00000002   Code   RO         3849    i.HAL_TIMEx_TransitionErrorCallback  stm32g4xx_hal_tim_ex.o
    0x0800444a   0x0800444a   0x0000006e   Code   RO         3061    i.HAL_TIM_Base_Init  stm32g4xx_hal_tim.o
    0x080044b8   0x080044b8   0x000000a4   Code   RO          371    i.HAL_TIM_Base_MspInit  tim.o
    0x0800455c   0x0800455c   0x000000a8   Code   RO         3064    i.HAL_TIM_Base_Start  stm32g4xx_hal_tim.o
    0x08004604   0x08004604   0x000000b4   Code   RO         3066    i.HAL_TIM_Base_Start_IT  stm32g4xx_hal_tim.o
    0x080046b8   0x080046b8   0x0000013c   Code   RO         3070    i.HAL_TIM_ConfigClockSource  stm32g4xx_hal_tim.o
    0x080047f4   0x080047f4   0x000000cc   Code   RO         3082    i.HAL_TIM_Encoder_Init  stm32g4xx_hal_tim.o
    0x080048c0   0x080048c0   0x00000074   Code   RO          373    i.HAL_TIM_Encoder_MspInit  tim.o
    0x08004934   0x08004934   0x000000cc   Code   RO         3085    i.HAL_TIM_Encoder_Start  stm32g4xx_hal_tim.o
    0x08004a00   0x08004a00   0x00000002   Code   RO         3095    i.HAL_TIM_IC_CaptureCallback  stm32g4xx_hal_tim.o
    0x08004a02   0x08004a02   0x00000220   Code   RO         3109    i.HAL_TIM_IRQHandler  stm32g4xx_hal_tim.o
    0x08004c22   0x08004c22   0x00000002   PAD
    0x08004c24   0x08004c24   0x000000b4   Code   RO          374    i.HAL_TIM_MspPostInit  tim.o
    0x08004cd8   0x08004cd8   0x00000002   Code   RO         3112    i.HAL_TIM_OC_DelayElapsedCallback  stm32g4xx_hal_tim.o
    0x08004cda   0x08004cda   0x00000170   Code   RO         3133    i.HAL_TIM_PWM_ConfigChannel  stm32g4xx_hal_tim.o
    0x08004e4a   0x08004e4a   0x0000006e   Code   RO         3136    i.HAL_TIM_PWM_Init  stm32g4xx_hal_tim.o
    0x08004eb8   0x08004eb8   0x00000002   Code   RO         3138    i.HAL_TIM_PWM_MspInit  stm32g4xx_hal_tim.o
    0x08004eba   0x08004eba   0x00000002   Code   RO         3139    i.HAL_TIM_PWM_PulseFinishedCallback  stm32g4xx_hal_tim.o
    0x08004ebc   0x08004ebc   0x0000016c   Code   RO         3141    i.HAL_TIM_PWM_Start  stm32g4xx_hal_tim.o
    0x08005028   0x08005028   0x000000bc   Code   RO           16    i.HAL_TIM_PeriodElapsedCallback  main.o
    0x080050e4   0x080050e4   0x00000002   Code   RO         3152    i.HAL_TIM_TriggerCallback  stm32g4xx_hal_tim.o
    0x080050e6   0x080050e6   0x00000004   Code   RO          453    i.HardFault_Handler  stm32g4xx_it.o
    0x080050ea   0x080050ea   0x00000064   Code   RO         4255    i.IF_OpenLoop       foc_function.o
    0x0800514e   0x0800514e   0x0000005a   Code   RO         4256    i.Invpark           foc_function.o
    0x080051a8   0x080051a8   0x00000010   Code   RO          608    i.LL_ADC_Enable     stm32g4xx_hal_adc.o
    0x080051b8   0x080051b8   0x0000000a   Code   RO          609    i.LL_ADC_GetCommonPathInternalCh  stm32g4xx_hal_adc.o
    0x080051c2   0x080051c2   0x0000000a   Code   RO          610    i.LL_ADC_GetMultiDMATransfer  stm32g4xx_hal_adc.o
    0x080051cc   0x080051cc   0x0000000a   Code   RO          611    i.LL_ADC_GetMultimode  stm32g4xx_hal_adc.o
    0x080051d6   0x080051d6   0x0000000a   Code   RO          891    i.LL_ADC_GetMultimode  stm32g4xx_hal_adc_ex.o
    0x080051e0   0x080051e0   0x00000012   Code   RO          612    i.LL_ADC_GetOffsetChannel  stm32g4xx_hal_adc.o
    0x080051f2   0x080051f2   0x00000012   Code   RO          892    i.LL_ADC_GetOffsetChannel  stm32g4xx_hal_adc_ex.o
    0x08005204   0x08005204   0x0000000a   Code   RO          893    i.LL_ADC_INJ_GetTrigAuto  stm32g4xx_hal_adc_ex.o
    0x0800520e   0x0800520e   0x0000000a   Code   RO          613    i.LL_ADC_INJ_IsConversionOngoing  stm32g4xx_hal_adc.o
    0x08005218   0x08005218   0x0000000a   Code   RO          894    i.LL_ADC_INJ_IsConversionOngoing  stm32g4xx_hal_adc_ex.o
    0x08005222   0x08005222   0x00000002   PAD
    0x08005224   0x08005224   0x00000014   Code   RO          895    i.LL_ADC_INJ_StartConversion  stm32g4xx_hal_adc_ex.o
    0x08005238   0x08005238   0x0000000a   Code   RO          614    i.LL_ADC_IsDisableOngoing  stm32g4xx_hal_adc.o
    0x08005242   0x08005242   0x0000000a   Code   RO          615    i.LL_ADC_IsEnabled  stm32g4xx_hal_adc.o
    0x0800524c   0x0800524c   0x0000000a   Code   RO          896    i.LL_ADC_IsEnabled  stm32g4xx_hal_adc_ex.o
    0x08005256   0x08005256   0x0000000a   Code   RO          616    i.LL_ADC_IsInternalRegulatorEnabled  stm32g4xx_hal_adc.o
    0x08005260   0x08005260   0x0000000a   Code   RO          617    i.LL_ADC_REG_IsConversionOngoing  stm32g4xx_hal_adc.o
    0x0800526a   0x0800526a   0x0000000a   Code   RO          897    i.LL_ADC_REG_IsConversionOngoing  stm32g4xx_hal_adc_ex.o
    0x08005274   0x08005274   0x00000012   Code   RO          618    i.LL_ADC_REG_IsTriggerSourceSWStart  stm32g4xx_hal_adc.o
    0x08005286   0x08005286   0x00000002   PAD
    0x08005288   0x08005288   0x00000010   Code   RO          619    i.LL_ADC_REG_StartConversion  stm32g4xx_hal_adc.o
    0x08005298   0x08005298   0x00000028   Code   RO          621    i.LL_ADC_SetChannelSamplingTime  stm32g4xx_hal_adc.o
    0x080052c0   0x080052c0   0x00000028   Code   RO          898    i.LL_ADC_SetChannelSamplingTime  stm32g4xx_hal_adc_ex.o
    0x080052e8   0x080052e8   0x0000000c   Code   RO          622    i.LL_ADC_SetCommonPathInternalCh  stm32g4xx_hal_adc.o
    0x080052f4   0x080052f4   0x0000000c   Code   RO          899    i.LL_ADC_SetCommonPathInternalCh  stm32g4xx_hal_adc_ex.o
    0x08005300   0x08005300   0x00000016   Code   RO          623    i.LL_ADC_SetOffsetState  stm32g4xx_hal_adc.o
    0x08005316   0x08005316   0x00000016   Code   RO          900    i.LL_ADC_SetOffsetState  stm32g4xx_hal_adc_ex.o
    0x0800532c   0x0800532c   0x0000000c   Code   RO          624    i.LL_ADC_SetSamplingTimeCommonConfig  stm32g4xx_hal_adc.o
    0x08005338   0x08005338   0x0000000c   Code   RO          901    i.LL_ADC_SetSamplingTimeCommonConfig  stm32g4xx_hal_adc_ex.o
    0x08005344   0x08005344   0x0000012c   Code   RO          259    i.MX_ADC1_Init      adc.o
    0x08005470   0x08005470   0x000000b8   Code   RO          306    i.MX_FDCAN1_Init    fdcan.o
    0x08005528   0x08005528   0x00000120   Code   RO          233    i.MX_GPIO_Init      gpio.o
    0x08005648   0x08005648   0x00000130   Code   RO          375    i.MX_TIM1_Init      tim.o
    0x08005778   0x08005778   0x00000084   Code   RO          376    i.MX_TIM3_Init      tim.o
    0x080057fc   0x080057fc   0x0000004c   Code   RO          377    i.MX_TIM6_Init      tim.o
    0x08005848   0x08005848   0x0000004c   Code   RO          378    i.MX_TIM7_Init      tim.o
    0x08005894   0x08005894   0x00000004   Code   RO          454    i.MemManage_Handler  stm32g4xx_it.o
    0x08005898   0x08005898   0x00000004   Code   RO          455    i.NMI_Handler       stm32g4xx_it.o
    0x0800589c   0x0800589c   0x0000003c   Code   RO         4258    i.Normalize_theta   foc_function.o
    0x080058d8   0x080058d8   0x0000005e   Code   RO         4259    i.Park              foc_function.o
    0x08005936   0x08005936   0x00000002   Code   RO          456    i.PendSV_Handler    stm32g4xx_it.o
    0x08005938   0x08005938   0x00000068   Code   RO         1372    i.RCC_GetSysClockFreqFromPLLSource  stm32g4xx_hal_rcc.o
    0x080059a0   0x080059a0   0x00000002   Code   RO          457    i.SVC_Handler       stm32g4xx_it.o
    0x080059a2   0x080059a2   0x00000002   PAD
    0x080059a4   0x080059a4   0x000000b8   Code   RO         4263    i.SpeedPI           foc_function.o
    0x08005a5c   0x08005a5c   0x00000230   Code   RO         4264    i.Svpwm             foc_function.o
    0x08005c8c   0x08005c8c   0x00000008   Code   RO          458    i.SysTick_Handler   stm32g4xx_it.o
    0x08005c94   0x08005c94   0x0000006a   Code   RO           18    i.SystemClock_Config  main.o
    0x08005cfe   0x08005cfe   0x00000002   PAD
    0x08005d00   0x08005d00   0x00000014   Code   RO         4216    i.SystemInit        system_stm32g4xx.o
    0x08005d14   0x08005d14   0x00000010   Code   RO          459    i.TIM6_DAC_IRQHandler  stm32g4xx_it.o
    0x08005d24   0x08005d24   0x00000010   Code   RO          460    i.TIM7_DAC_IRQHandler  stm32g4xx_it.o
    0x08005d34   0x08005d34   0x000000f0   Code   RO         3154    i.TIM_Base_SetConfig  stm32g4xx_hal_tim.o
    0x08005e24   0x08005e24   0x00000022   Code   RO         3155    i.TIM_CCxChannelCmd  stm32g4xx_hal_tim.o
    0x08005e46   0x08005e46   0x00000022   Code   RO         3852    i.TIM_CCxNChannelCmd  stm32g4xx_hal_tim_ex.o
    0x08005e68   0x08005e68   0x00000016   Code   RO         3165    i.TIM_ETR_SetConfig  stm32g4xx_hal_tim.o
    0x08005e7e   0x08005e7e   0x00000002   PAD
    0x08005e80   0x08005e80   0x00000018   Code   RO         3166    i.TIM_ITRx_SetConfig  stm32g4xx_hal_tim.o
    0x08005e98   0x08005e98   0x000000bc   Code   RO         3167    i.TIM_OC1_SetConfig  stm32g4xx_hal_tim.o
    0x08005f54   0x08005f54   0x000000c8   Code   RO         3168    i.TIM_OC2_SetConfig  stm32g4xx_hal_tim.o
    0x0800601c   0x0800601c   0x000000c4   Code   RO         3169    i.TIM_OC3_SetConfig  stm32g4xx_hal_tim.o
    0x080060e0   0x080060e0   0x000000c8   Code   RO         3170    i.TIM_OC4_SetConfig  stm32g4xx_hal_tim.o
    0x080061a8   0x080061a8   0x00000078   Code   RO         3171    i.TIM_OC5_SetConfig  stm32g4xx_hal_tim.o
    0x08006220   0x08006220   0x0000007c   Code   RO         3172    i.TIM_OC6_SetConfig  stm32g4xx_hal_tim.o
    0x0800629c   0x0800629c   0x00000026   Code   RO         3174    i.TIM_TI1_ConfigInputStage  stm32g4xx_hal_tim.o
    0x080062c2   0x080062c2   0x00000028   Code   RO         3176    i.TIM_TI2_ConfigInputStage  stm32g4xx_hal_tim.o
    0x080062ea   0x080062ea   0x00000004   Code   RO          461    i.UsageFault_Handler  stm32g4xx_it.o
    0x080062ee   0x080062ee   0x00000032   Code   RO         4265    i.VF_OpenLoop       foc_function.o
    0x08006320   0x08006320   0x00000010   Code   RO         2547    i.__NVIC_GetPriorityGrouping  stm32g4xx_hal_cortex.o
    0x08006330   0x08006330   0x00000028   Code   RO         2548    i.__NVIC_SetPriority  stm32g4xx_hal_cortex.o
    0x08006358   0x08006358   0x000000b0   Code   RO         4703    i.__hardfp_fmodf    m_wm.l(fmodf.o)
    0x08006408   0x08006408   0x00000010   Code   RO         4743    i.__mathlib_flt_invalid  m_wm.l(funder.o)
    0x08006418   0x08006418   0x0000000e   Code   RO         4797    i.__scatterload_copy  mc_w.l(handlers.o)
    0x08006426   0x08006426   0x00000002   Code   RO         4798    i.__scatterload_null  mc_w.l(handlers.o)
    0x08006428   0x08006428   0x0000000e   Code   RO         4799    i.__scatterload_zeroinit  mc_w.l(handlers.o)
    0x08006436   0x08006436   0x00000002   PAD
    0x08006438   0x08006438   0x0000000c   Code   RO         4779    i.__set_errno       mc_w.l(errno.o)
    0x08006444   0x08006444   0x000000b4   Code   RO         4507    i.key_function      led_key.o
    0x080064f8   0x080064f8   0x000000a8   Code   RO         4508    i.key_scan          led_key.o
    0x080065a0   0x080065a0   0x000001c0   Code   RO           19    i.main              main.o
    0x08006760   0x08006760   0x00000010   Data   RO         2731    .constdata          stm32g4xx_hal_fdcan.o
    0x08006770   0x08006770   0x00000018   Data   RO         4217    .constdata          system_stm32g4xx.o
    0x08006788   0x08006788   0x00000804   Data   RO         4672    .rodata.sinTable_f32  arm_cortexM4lf_math.lib(arm_common_tables.o)
    0x08006f8c   0x08006f8c   0x00000020   Data   RO         4795    Region$$Table       anon$$obj.o


    Execution Region RW_IRAM1 (Exec base: 0x20000000, Load base: 0x08006fac, Size: 0x000007b0, Max: 0x00020000, ABSOLUTE)

    Exec Addr    Load Addr    Size         Type   Attr      Idx    E Section Name        Object

    0x20000000   0x08006fac   0x000000c1   Data   RW           21    .data               main.o
    0x200000c1   0x0800706d   0x00000003   PAD
    0x200000c4   0x08007070   0x00000018   Data   RW          308    .data               fdcan.o
    0x200000dc   0x08007088   0x0000000c   Data   RW         1143    .data               stm32g4xx_hal.o
    0x200000e8   0x08007094   0x00000004   Data   RW         4218    .data               system_stm32g4xx.o
    0x200000ec   0x08007098   0x00000001   Data   RW         4509    .data               led_key.o
    0x200000ed   0x08007099   0x00000003   PAD
    0x200000f0   0x0800709c   0x00000004   Data   RW         4780    .data               mc_w.l(errno.o)
    0x200000f4        -       0x0000000c   Zero   RW           20    .bss                main.o
    0x20000100        -       0x0000006c   Zero   RW          260    .bss                adc.o
    0x2000016c        -       0x00000064   Zero   RW          307    .bss                fdcan.o
    0x200001d0        -       0x00000130   Zero   RW          379    .bss                tim.o
    0x20000300        -       0x0000009c   Zero   RW         4266    .bss                foc_function.o
    0x2000039c        -       0x00000014   Zero   RW         4372    .bss                encoder.o
    0x200003b0        -       0x00000400   Zero   RW            1    STACK               startup_stm32g474xx.o


==============================================================================

Image component sizes


      Code (inc. data)   RO Data    RW Data    ZI Data      Debug   Object Name

       504         32          0          0        108       2185   adc.o
       120         30          0          0          0       2364   dwt_timer.o
       396         60          0          0         20       3285   encoder.o
       692         70          0         24        100       5766   fdcan.o
      1526         76          0          0        156       8917   foc_function.o
       288         12          0          0          0       1119   gpio.o
       348         20          0          1          0       1746   led_key.o
      1550        272          0        193         12     918640   main.o
        36          8        472          0       1024        860   startup_stm32g474xx.o
       194         32          0         12          0       4553   stm32g4xx_hal.o
      3988        184          0          0          0      87588   stm32g4xx_hal_adc.o
      2894        130          0          0          0      82120   stm32g4xx_hal_adc_ex.o
       310         22          0          0          0      34571   stm32g4xx_hal_cortex.o
      2252         32         16          0          0      18529   stm32g4xx_hal_fdcan.o
       534         36          0          0          0       4203   stm32g4xx_hal_gpio.o
        68          6          0          0          0        922   stm32g4xx_hal_msp.o
       300         18          0          0          0       1477   stm32g4xx_hal_pwr_ex.o
      2176         80          0          0          0       5684   stm32g4xx_hal_rcc.o
      1048         10          0          0          0       2048   stm32g4xx_hal_rcc_ex.o
      4004        344          0          0          0      22132   stm32g4xx_hal_tim.o
       732         80          0          0          0       8367   stm32g4xx_hal_tim_ex.o
       108         24          0          0          0       7173   stm32g4xx_it.o
        20          6         24          4          0       1223   system_stm32g4xx.o
      1048         72          0          0        304       5553   tim.o

    ----------------------------------------------------------------------
     25172       1656        544        240       1724    1231025   Object Totals
         0          0         32          0          0          0   (incl. Generated)
        36          0          0          6          0          0   (incl. Padding)

    ----------------------------------------------------------------------

      Code (inc. data)   RO Data    RW Data    ZI Data      Debug   Library Member Name

         0          0       2052          0          0       6294   arm_common_tables.o
       152         12          0          0          0       1104   arm_cos_f32.o
       144         12          0          0          0       1092   arm_sin_f32.o
       176          0          0          0          0        168   fmodf.o
        16          6          0          0          0        116   funder.o
         0          0          0          0          0          0   entry.o
         0          0          0          0          0          0   entry10a.o
         0          0          0          0          0          0   entry11a.o
         4          0          0          0          0          0   entry12b.o
         8          4          0          0          0          0   entry2.o
         4          0          0          0          0          0   entry5.o
         0          0          0          0          0          0   entry7b.o
         0          0          0          0          0          0   entry8b.o
         8          4          0          0          0          0   entry9a.o
        12          6          0          4          0         68   errno.o
        30          0          0          0          0          0   handlers.o
        36          8          0          0          0         68   init.o
         0          0          0          0          0          0   iusefp.o
        36          0          0          0          0        108   memseta.o
       110          0          0          0          0        168   fepilogue.o
        82          0          0          0          0         96   frem.o

    ----------------------------------------------------------------------
       820         52       2052          4          0       9282   Library Totals
         2          0          0          0          0          0   (incl. Padding)

    ----------------------------------------------------------------------

      Code (inc. data)   RO Data    RW Data    ZI Data      Debug   Library Name

       296         24       2052          0          0       8490   arm_cortexM4lf_math.lib
       192          6          0          0          0        284   m_wm.l
       138         22          0          4          0        244   mc_w.l
       192          0          0          0          0        264   mf_w.l

    ----------------------------------------------------------------------
       820         52       2052          4          0       9282   Library Totals

    ----------------------------------------------------------------------

==============================================================================


      Code (inc. data)   RO Data    RW Data    ZI Data      Debug   

     25992       1708       2596        244       1724    1223091   Grand Totals
     25992       1708       2596        244       1724    1223091   ELF Image Totals
     25992       1708       2596        244          0          0   ROM Totals

==============================================================================

    Total RO  Size (Code + RO Data)                28588 (  27.92kB)
    Total RW  Size (RW Data + ZI Data)              1968 (   1.92kB)
    Total ROM Size (Code + RO Data + RW Data)      28832 (  28.16kB)

==============================================================================

