Component: ARM Compiler 5.06 update 7 (build 960) Tool: armlink [4d3601]

==============================================================================

Section Cross References

    startup_stm32g474xx.o(RESET) refers to startup_stm32g474xx.o(STACK) for __initial_sp
    startup_stm32g474xx.o(RESET) refers to startup_stm32g474xx.o(.text) for Reset_Handler
    startup_stm32g474xx.o(RESET) refers to stm32g4xx_it.o(i.NMI_Handler) for NMI_Handler
    startup_stm32g474xx.o(RESET) refers to stm32g4xx_it.o(i.HardFault_Handler) for HardFault_Handler
    startup_stm32g474xx.o(RESET) refers to stm32g4xx_it.o(i.MemManage_Handler) for MemManage_Handler
    startup_stm32g474xx.o(RESET) refers to stm32g4xx_it.o(i.BusFault_Handler) for BusFault_Handler
    startup_stm32g474xx.o(RESET) refers to stm32g4xx_it.o(i.UsageFault_Handler) for UsageFault_Handler
    startup_stm32g474xx.o(RESET) refers to stm32g4xx_it.o(i.SVC_Handler) for SVC_Handler
    startup_stm32g474xx.o(RESET) refers to stm32g4xx_it.o(i.DebugMon_Handler) for DebugMon_Handler
    startup_stm32g474xx.o(RESET) refers to stm32g4xx_it.o(i.PendSV_Handler) for PendSV_Handler
    startup_stm32g474xx.o(RESET) refers to stm32g4xx_it.o(i.SysTick_Handler) for SysTick_Handler
    startup_stm32g474xx.o(RESET) refers to stm32g4xx_it.o(i.EXTI4_IRQHandler) for EXTI4_IRQHandler
    startup_stm32g474xx.o(RESET) refers to stm32g4xx_it.o(i.ADC1_2_IRQHandler) for ADC1_2_IRQHandler
    startup_stm32g474xx.o(RESET) refers to stm32g4xx_it.o(i.FDCAN1_IT0_IRQHandler) for FDCAN1_IT0_IRQHandler
    startup_stm32g474xx.o(RESET) refers to stm32g4xx_it.o(i.TIM6_DAC_IRQHandler) for TIM6_DAC_IRQHandler
    startup_stm32g474xx.o(RESET) refers to stm32g4xx_it.o(i.TIM7_DAC_IRQHandler) for TIM7_DAC_IRQHandler
    startup_stm32g474xx.o(.text) refers to system_stm32g4xx.o(i.SystemInit) for SystemInit
    startup_stm32g474xx.o(.text) refers to entry.o(.ARM.Collect$$$$00000000) for __main
    main.o(i.HAL_ADCEx_InjectedConvCpltCallback) refers to encoder.o(i.Encoder_Update_Angle) for Encoder_Update_Angle
    main.o(i.HAL_ADCEx_InjectedConvCpltCallback) refers to foc_function.o(i.IF_OpenLoop) for IF_OpenLoop
    main.o(i.HAL_ADCEx_InjectedConvCpltCallback) refers to adc.o(.bss) for hadc1
    main.o(i.HAL_ADCEx_InjectedConvCpltCallback) refers to main.o(.data) for Offset_Flag
    main.o(i.HAL_ADCEx_InjectedConvCpltCallback) refers to encoder.o(.bss) for MyEnc
    main.o(i.HAL_ADCEx_InjectedConvCpltCallback) refers to foc_function.o(.bss) for MyFoc
    main.o(i.HAL_TIM_PeriodElapsedCallback) refers to stm32g4xx_hal.o(i.HAL_IncTick) for HAL_IncTick
    main.o(i.HAL_TIM_PeriodElapsedCallback) refers to encoder.o(i.Encoder_Calculate_Speed) for Encoder_Calculate_Speed
    main.o(i.HAL_TIM_PeriodElapsedCallback) refers to identify_j_b.o(i.Id_J_B_Update_1kHz) for Id_J_B_Update_1kHz
    main.o(i.HAL_TIM_PeriodElapsedCallback) refers to encoder.o(.bss) for MyEnc
    main.o(i.HAL_TIM_PeriodElapsedCallback) refers to main.o(.data) for Enc_Speed
    main.o(i.HAL_TIM_PeriodElapsedCallback) refers to foc_function.o(.bss) for MyFoc
    main.o(i.HAL_TIM_PeriodElapsedCallback) refers to main.o(.bss) for idjb_in
    main.o(i.LowPassFilter) refers to main.o(.data) for init_flag
    main.o(i.SystemClock_Config) refers to memseta.o(.text) for __aeabi_memclr4
    main.o(i.SystemClock_Config) refers to stm32g4xx_hal_pwr_ex.o(i.HAL_PWREx_ControlVoltageScaling) for HAL_PWREx_ControlVoltageScaling
    main.o(i.SystemClock_Config) refers to stm32g4xx_hal_rcc.o(i.HAL_RCC_OscConfig) for HAL_RCC_OscConfig
    main.o(i.SystemClock_Config) refers to main.o(i.Error_Handler) for Error_Handler
    main.o(i.SystemClock_Config) refers to stm32g4xx_hal_rcc.o(i.HAL_RCC_ClockConfig) for HAL_RCC_ClockConfig
    main.o(i.main) refers to stm32g4xx_hal.o(i.HAL_Init) for HAL_Init
    main.o(i.main) refers to main.o(i.SystemClock_Config) for SystemClock_Config
    main.o(i.main) refers to dwt_timer.o(i.DWT_Timer_Init) for DWT_Timer_Init
    main.o(i.main) refers to gpio.o(i.MX_GPIO_Init) for MX_GPIO_Init
    main.o(i.main) refers to adc.o(i.MX_ADC1_Init) for MX_ADC1_Init
    main.o(i.main) refers to tim.o(i.MX_TIM1_Init) for MX_TIM1_Init
    main.o(i.main) refers to tim.o(i.MX_TIM3_Init) for MX_TIM3_Init
    main.o(i.main) refers to tim.o(i.MX_TIM7_Init) for MX_TIM7_Init
    main.o(i.main) refers to fdcan.o(i.MX_FDCAN1_Init) for MX_FDCAN1_Init
    main.o(i.main) refers to stm32g4xx_hal_gpio.o(i.HAL_GPIO_WritePin) for HAL_GPIO_WritePin
    main.o(i.main) refers to stm32g4xx_hal_tim.o(i.HAL_TIM_Base_Start_IT) for HAL_TIM_Base_Start_IT
    main.o(i.main) refers to stm32g4xx_hal_tim.o(i.HAL_TIM_Base_Start) for HAL_TIM_Base_Start
    main.o(i.main) refers to stm32g4xx_hal_tim.o(i.HAL_TIM_PWM_Start) for HAL_TIM_PWM_Start
    main.o(i.main) refers to stm32g4xx_hal_tim_ex.o(i.HAL_TIMEx_PWMN_Start) for HAL_TIMEx_PWMN_Start
    main.o(i.main) refers to stm32g4xx_hal_adc_ex.o(i.HAL_ADCEx_Calibration_Start) for HAL_ADCEx_Calibration_Start
[...]
    i.HAL_FDCAN_TxFifoEmptyCallback          0x08002df6   Section        0  stm32g4xx_hal_fdcan.o(i.HAL_FDCAN_TxFifoEmptyCallback)
    i.HAL_GPIO_EXTI_Callback                 0x08002df8   Section        0  main.o(i.HAL_GPIO_EXTI_Callback)
    i.HAL_GPIO_EXTI_IRQHandler               0x08002dfc   Section        0  stm32g4xx_hal_gpio.o(i.HAL_GPIO_EXTI_IRQHandler)
    i.HAL_GPIO_Init                          0x08002e18   Section        0  stm32g4xx_hal_gpio.o(i.HAL_GPIO_Init)
    i.HAL_GPIO_ReadPin                       0x08002fe4   Section        0  stm32g4xx_hal_gpio.o(i.HAL_GPIO_ReadPin)
    i.HAL_GPIO_TogglePin                     0x08002ff4   Section        0  stm32g4xx_hal_gpio.o(i.HAL_GPIO_TogglePin)
    i.HAL_GPIO_WritePin                      0x08003008   Section        0  stm32g4xx_hal_gpio.o(i.HAL_GPIO_WritePin)
    i.HAL_GetTick                            0x08003014   Section        0  stm32g4xx_hal.o(i.HAL_GetTick)
    i.HAL_IncTick                            0x08003020   Section        0  stm32g4xx_hal.o(i.HAL_IncTick)
    i.HAL_Init                               0x08003038   Section        0  stm32g4xx_hal.o(i.HAL_Init)
    i.HAL_InitTick                           0x08003058   Section        0  stm32g4xx_hal_timebase_tim.o(i.HAL_InitTick)
    i.HAL_MspInit                            0x080030f4   Section        0  stm32g4xx_hal_msp.o(i.HAL_MspInit)
    i.HAL_NVIC_EnableIRQ                     0x08003138   Section        0  stm32g4xx_hal_cortex.o(i.HAL_NVIC_EnableIRQ)
    i.HAL_NVIC_SetPriority                   0x08003160   Section        0  stm32g4xx_hal_cortex.o(i.HAL_NVIC_SetPriority)
    i.HAL_NVIC_SetPriorityGrouping           0x080031dc   Section        0  stm32g4xx_hal_cortex.o(i.HAL_NVIC_SetPriorityGrouping)
    i.HAL_PWREx_ControlVoltageScaling        0x08003204   Section        0  stm32g4xx_hal_pwr_ex.o(i.HAL_PWREx_ControlVoltageScaling)
    i.HAL_PWREx_DisableUCPDDeadBattery       0x0800331c   Section        0  stm32g4xx_hal_pwr_ex.o(i.HAL_PWREx_DisableUCPDDeadBattery)
    i.HAL_RCCEx_PeriphCLKConfig              0x08003330   Section        0  stm32g4xx_hal_rcc_ex.o(i.HAL_RCCEx_PeriphCLKConfig)
    i.HAL_RCC_ClockConfig                    0x08003748   Section        0  stm32g4xx_hal_rcc.o(i.HAL_RCC_ClockConfig)
    i.HAL_RCC_GetClockConfig                 0x0800396c   Section        0  stm32g4xx_hal_rcc.o(i.HAL_RCC_GetClockConfig)
    i.HAL_RCC_GetHCLKFreq                    0x080039b0   Section        0  stm32g4xx_hal_rcc.o(i.HAL_RCC_GetHCLKFreq)
    i.HAL_RCC_GetPCLK1Freq                   0x080039bc   Section        0  stm32g4xx_hal_rcc.o(i.HAL_RCC_GetPCLK1Freq)
    i.HAL_RCC_GetSysClockFreq                0x080039e0   Section        0  stm32g4xx_hal_rcc.o(i.HAL_RCC_GetSysClockFreq)
    i.HAL_RCC_OscConfig                      0x08003a78   Section        0  stm32g4xx_hal_rcc.o(i.HAL_RCC_OscConfig)
    i.HAL_TIMEx_Break2Callback               0x08003fd4   Section        0  stm32g4xx_hal_tim_ex.o(i.HAL_TIMEx_Break2Callback)
    i.HAL_TIMEx_BreakCallback                0x08003fd6   Section        0  stm32g4xx_hal_tim_ex.o(i.HAL_TIMEx_BreakCallback)
    i.HAL_TIMEx_CommutCallback               0x08003fd8   Section        0  stm32g4xx_hal_tim_ex.o(i.HAL_TIMEx_CommutCallback)
    i.HAL_TIMEx_ConfigBreakDeadTime          0x08003fdc   Section        0  stm32g4xx_hal_tim_ex.o(i.HAL_TIMEx_ConfigBreakDeadTime)
    i.HAL_TIMEx_DirectionChangeCallback      0x080040b0   Section        0  stm32g4xx_hal_tim_ex.o(i.HAL_TIMEx_DirectionChangeCallback)
    i.HAL_TIMEx_EncoderIndexCallback         0x080040b2   Section        0  stm32g4xx_hal_tim_ex.o(i.HAL_TIMEx_EncoderIndexCallback)
    i.HAL_TIMEx_IndexErrorCallback           0x080040b4   Section        0  stm32g4xx_hal_tim_ex.o(i.HAL_TIMEx_IndexErrorCallback)
    i.HAL_TIMEx_MasterConfigSynchronization  0x080040b8   Section        0  stm32g4xx_hal_tim_ex.o(i.HAL_TIMEx_MasterConfigSynchronization)
    i.HAL_TIMEx_PWMN_Start                   0x08004190   Section        0  stm32g4xx_hal_tim_ex.o(i.HAL_TIMEx_PWMN_Start)
    i.HAL_TIMEx_TransitionErrorCallback      0x08004290   Section        0  stm32g4xx_hal_tim_ex.o(i.HAL_TIMEx_TransitionErrorCallback)
    i.HAL_TIM_Base_Init                      0x08004292   Section        0  stm32g4xx_hal_tim.o(i.HAL_TIM_Base_Init)
    i.HAL_TIM_Base_MspInit                   0x08004300   Section        0  tim.o(i.HAL_TIM_Base_MspInit)
    i.HAL_TIM_Base_Start                     0x0800436c   Section        0  stm32g4xx_hal_tim.o(i.HAL_TIM_Base_Start)
    i.HAL_TIM_Base_Start_IT                  0x08004414   Section        0  stm32g4xx_hal_tim.o(i.HAL_TIM_Base_Start_IT)
    i.HAL_TIM_ConfigClockSource              0x080044c8   Section        0  stm32g4xx_hal_tim.o(i.HAL_TIM_ConfigClockSource)
    i.HAL_TIM_Encoder_Init                   0x08004604   Section        0  stm32g4xx_hal_tim.o(i.HAL_TIM_Encoder_Init)
    i.HAL_TIM_Encoder_MspInit                0x080046d0   Section        0  tim.o(i.HAL_TIM_Encoder_MspInit)
    i.HAL_TIM_Encoder_Start                  0x08004744   Section        0  stm32g4xx_hal_tim.o(i.HAL_TIM_Encoder_Start)
    i.HAL_TIM_IC_CaptureCallback             0x08004810   Section        0  stm32g4xx_hal_tim.o(i.HAL_TIM_IC_CaptureCallback)
    i.HAL_TIM_IRQHandler                     0x08004812   Section        0  stm32g4xx_hal_tim.o(i.HAL_TIM_IRQHandler)
    i.HAL_TIM_MspPostInit                    0x08004a34   Section        0  tim.o(i.HAL_TIM_MspPostInit)
    i.HAL_TIM_OC_DelayElapsedCallback        0x08004ae8   Section        0  stm32g4xx_hal_tim.o(i.HAL_TIM_OC_DelayElapsedCallback)
    i.HAL_TIM_PWM_ConfigChannel              0x08004aea   Section        0  stm32g4xx_hal_tim.o(i.HAL_TIM_PWM_ConfigChannel)
    i.HAL_TIM_PWM_Init                       0x08004c5a   Section        0  stm32g4xx_hal_tim.o(i.HAL_TIM_PWM_Init)
    i.HAL_TIM_PWM_MspInit                    0x08004cc8   Section        0  stm32g4xx_hal_tim.o(i.HAL_TIM_PWM_MspInit)
    i.HAL_TIM_PWM_PulseFinishedCallback      0x08004cca   Section        0  stm32g4xx_hal_tim.o(i.HAL_TIM_PWM_PulseFinishedCallback)
    i.HAL_TIM_PWM_Start                      0x08004ccc   Section        0  stm32g4xx_hal_tim.o(i.HAL_TIM_PWM_Start)
    i.HAL_TIM_PeriodElapsedCallback          0x08004e38   Section        0  main.o(i.HAL_TIM_PeriodElapsedCallback)
    i.HAL_TIM_TriggerCallback                0x08004ec8   Section        0  stm32g4xx_hal_tim.o(i.HAL_TIM_TriggerCallback)
    i.HardFault_Handler                      0x08004eca   Section        0  stm32g4xx_it.o(i.HardFault_Handler)
    i.IF_OpenLoop                            0x08004ece   Section        0  foc_function.o(i.IF_OpenLoop)
    i.Id_J_B_DefaultConfig                   0x08004f38   Section        0  identify_j_b.o(i.Id_J_B_DefaultConfig)
    i.Id_J_B_Init                            0x08004f8c   Section        0  identify_j_b.o(i.Id_J_B_Init)
    i.Id_J_B_Start                           0x08004fb4   Section        0  identify_j_b.o(i.Id_J_B_Start)
    i.Id_J_B_Update_1kHz                     0x08005000   Section        0  identify_j_b.o(i.Id_J_B_Update_1kHz)
    i.Id_J_B_abort                           0x080051f8   Section        0  identify_j_b.o(i.Id_J_B_abort)
    Id_J_B_abort                             0x080051f9   Thumb Code    28  identify_j_b.o(i.Id_J_B_abort)
    i.Id_J_B_clampf                          0x08005218   Section        0  identify_j_b.o(i.Id_J_B_clampf)
    Id_J_B_clampf                            0x08005219   Thumb Code    42  identify_j_b.o(i.Id_J_B_clampf)
    i.Id_J_B_rpm_to_rad_s                    0x08005244   Section        0  identify_j_b.o(i.Id_J_B_rpm_to_rad_s)
    Id_J_B_rpm_to_rad_s                      0x08005245   Thumb Code    14  identify_j_b.o(i.Id_J_B_rpm_to_rad_s)
    i.Id_J_B_update_sample                   0x08005258   Section        0  identify_j_b.o(i.Id_J_B_update_sample)
    Id_J_B_update_sample                     0x08005259   Thumb Code    84  identify_j_b.o(i.Id_J_B_update_sample)
    i.Invpark                                0x080052b0   Section        0  foc_function.o(i.Invpark)
    i.LL_ADC_Enable                          0x0800532c   Section        0  stm32g4xx_hal_adc.o(i.LL_ADC_Enable)
    LL_ADC_Enable                            0x0800532d   Thumb Code    12  stm32g4xx_hal_adc.o(i.LL_ADC_Enable)
    i.LL_ADC_GetCommonPathInternalCh         0x0800533c   Section        0  stm32g4xx_hal_adc.o(i.LL_ADC_GetCommonPathInternalCh)
    LL_ADC_GetCommonPathInternalCh           0x0800533d   Thumb Code    10  stm32g4xx_hal_adc.o(i.LL_ADC_GetCommonPathInternalCh)
    i.LL_ADC_GetMultiDMATransfer             0x08005346   Section        0  stm32g4xx_hal_adc.o(i.LL_ADC_GetMultiDMATransfer)
    LL_ADC_GetMultiDMATransfer               0x08005347   Thumb Code    10  stm32g4xx_hal_adc.o(i.LL_ADC_GetMultiDMATransfer)
    i.LL_ADC_GetMultimode                    0x08005350   Section        0  stm32g4xx_hal_adc.o(i.LL_ADC_GetMultimode)
    LL_ADC_GetMultimode                      0x08005351   Thumb Code    10  stm32g4xx_hal_adc.o(i.LL_ADC_GetMultimode)
    i.LL_ADC_GetMultimode                    0x0800535a   Section        0  stm32g4xx_hal_adc_ex.o(i.LL_ADC_GetMultimode)
    LL_ADC_GetMultimode                      0x0800535b   Thumb Code    10  stm32g4xx_hal_adc_ex.o(i.LL_ADC_GetMultimode)
    i.LL_ADC_GetOffsetChannel                0x08005364   Section        0  stm32g4xx_hal_adc.o(i.LL_ADC_GetOffsetChannel)
    LL_ADC_GetOffsetChannel                  0x08005365   Thumb Code    18  stm32g4xx_hal_adc.o(i.LL_ADC_GetOffsetChannel)
    i.LL_ADC_GetOffsetChannel                0x08005376   Section        0  stm32g4xx_hal_adc_ex.o(i.LL_ADC_GetOffsetChannel)
    LL_ADC_GetOffsetChannel                  0x08005377   Thumb Code    18  stm32g4xx_hal_adc_ex.o(i.LL_ADC_GetOffsetChannel)
    i.LL_ADC_INJ_GetTrigAuto                 0x08005388   Section        0  stm32g4xx_hal_adc_ex.o(i.LL_ADC_INJ_GetTrigAuto)
    LL_ADC_INJ_GetTrigAuto                   0x08005389   Thumb Code    10  stm32g4xx_hal_adc_ex.o(i.LL_ADC_INJ_GetTrigAuto)
    i.LL_ADC_INJ_IsConversionOngoing         0x08005392   Section        0  stm32g4xx_hal_adc.o(i.LL_ADC_INJ_IsConversionOngoing)
    LL_ADC_INJ_IsConversionOngoing           0x08005393   Thumb Code    10  stm32g4xx_hal_adc.o(i.LL_ADC_INJ_IsConversionOngoing)
    i.LL_ADC_INJ_IsConversionOngoing         0x0800539c   Section        0  stm32g4xx_hal_adc_ex.o(i.LL_ADC_INJ_IsConversionOngoing)
    LL_ADC_INJ_IsConversionOngoing           0x0800539d   Thumb Code    10  stm32g4xx_hal_adc_ex.o(i.LL_ADC_INJ_IsConversionOngoing)
    i.LL_ADC_INJ_StartConversion             0x080053a8   Section        0  stm32g4xx_hal_adc_ex.o(i.LL_ADC_INJ_StartConversion)
    LL_ADC_INJ_StartConversion               0x080053a9   Thumb Code    14  stm32g4xx_hal_adc_ex.o(i.LL_ADC_INJ_StartConversion)
    i.LL_ADC_IsDisableOngoing                0x080053bc   Section        0  stm32g4xx_hal_adc.o(i.LL_ADC_IsDisableOngoing)
    LL_ADC_IsDisableOngoing                  0x080053bd   Thumb Code    10  stm32g4xx_hal_adc.o(i.LL_ADC_IsDisableOngoing)
    i.LL_ADC_IsEnabled                       0x080053c6   Section        0  stm32g4xx_hal_adc.o(i.LL_ADC_IsEnabled)
    LL_ADC_IsEnabled                         0x080053c7   Thumb Code    10  stm32g4xx_hal_adc.o(i.LL_ADC_IsEnabled)
    i.LL_ADC_IsEnabled                       0x080053d0   Section        0  stm32g4xx_hal_adc_ex.o(i.LL_ADC_IsEnabled)
    LL_ADC_IsEnabled                         0x080053d1   Thumb Code    10  stm32g4xx_hal_adc_ex.o(i.LL_ADC_IsEnabled)
    i.LL_ADC_IsInternalRegulatorEnabled      0x080053da   Section        0  stm32g4xx_hal_adc.o(i.LL_ADC_IsInternalRegulatorEnabled)
    LL_ADC_IsInternalRegulatorEnabled        0x080053db   Thumb Code    10  stm32g4xx_hal_adc.o(i.LL_ADC_IsInternalRegulatorEnabled)
    i.LL_ADC_REG_IsConversionOngoing         0x080053e4   Section        0  stm32g4xx_hal_adc.o(i.LL_ADC_REG_IsConversionOngoing)
    LL_ADC_REG_IsConversionOngoing           0x080053e5   Thumb Code    10  stm32g4xx_hal_adc.o(i.LL_ADC_REG_IsConversionOngoing)
    i.LL_ADC_REG_IsConversionOngoing         0x080053ee   Section        0  stm32g4xx_hal_adc_ex.o(i.LL_ADC_REG_IsConversionOngoing)
    LL_ADC_REG_IsConversionOngoing           0x080053ef   Thumb Code    10  stm32g4xx_hal_adc_ex.o(i.LL_ADC_REG_IsConversionOngoing)
    i.LL_ADC_REG_IsTriggerSourceSWStart      0x080053f8   Section        0  stm32g4xx_hal_adc.o(i.LL_ADC_REG_IsTriggerSourceSWStart)
    LL_ADC_REG_IsTriggerSourceSWStart        0x080053f9   Thumb Code    18  stm32g4xx_hal_adc.o(i.LL_ADC_REG_IsTriggerSourceSWStart)
    i.LL_ADC_REG_StartConversion             0x0800540c   Section        0  stm32g4xx_hal_adc.o(i.LL_ADC_REG_StartConversion)
    LL_ADC_REG_StartConversion               0x0800540d   Thumb Code    12  stm32g4xx_hal_adc.o(i.LL_ADC_REG_StartConversion)
    i.LL_ADC_SetChannelSamplingTime          0x0800541c   Section        0  stm32g4xx_hal_adc.o(i.LL_ADC_SetChannelSamplingTime)
    LL_ADC_SetChannelSamplingTime            0x0800541d   Thumb Code    40  stm32g4xx_hal_adc.o(i.LL_ADC_SetChannelSamplingTime)
    i.LL_ADC_SetChannelSamplingTime          0x08005444   Section        0  stm32g4xx_hal_adc_ex.o(i.LL_ADC_SetChannelSamplingTime)
    LL_ADC_SetChannelSamplingTime            0x08005445   Thumb Code    40  stm32g4xx_hal_adc_ex.o(i.LL_ADC_SetChannelSamplingTime)
    i.LL_ADC_SetCommonPathInternalCh         0x0800546c   Section        0  stm32g4xx_hal_adc.o(i.LL_ADC_SetCommonPathInternalCh)
    LL_ADC_SetCommonPathInternalCh           0x0800546d   Thumb Code    12  stm32g4xx_hal_adc.o(i.LL_ADC_SetCommonPathInternalCh)
    i.LL_ADC_SetCommonPathInternalCh         0x08005478   Section        0  stm32g4xx_hal_adc_ex.o(i.LL_ADC_SetCommonPathInternalCh)
    LL_ADC_SetCommonPathInternalCh           0x08005479   Thumb Code    12  stm32g4xx_hal_adc_ex.o(i.LL_ADC_SetCommonPathInternalCh)
    i.LL_ADC_SetOffsetState                  0x08005484   Section        0  stm32g4xx_hal_adc.o(i.LL_ADC_SetOffsetState)
    LL_ADC_SetOffsetState                    0x08005485   Thumb Code    22  stm32g4xx_hal_adc.o(i.LL_ADC_SetOffsetState)
    i.LL_ADC_SetOffsetState                  0x0800549a   Section        0  stm32g4xx_hal_adc_ex.o(i.LL_ADC_SetOffsetState)
    LL_ADC_SetOffsetState                    0x0800549b   Thumb Code    22  stm32g4xx_hal_adc_ex.o(i.LL_ADC_SetOffsetState)
    i.LL_ADC_SetSamplingTimeCommonConfig     0x080054b0   Section        0  stm32g4xx_hal_adc.o(i.LL_ADC_SetSamplingTimeCommonConfig)
    LL_ADC_SetSamplingTimeCommonConfig       0x080054b1   Thumb Code    12  stm32g4xx_hal_adc.o(i.LL_ADC_SetSamplingTimeCommonConfig)
    i.LL_ADC_SetSamplingTimeCommonConfig     0x080054bc   Section        0  stm32g4xx_hal_adc_ex.o(i.LL_ADC_SetSamplingTimeCommonConfig)
    LL_ADC_SetSamplingTimeCommonConfig       0x080054bd   Thumb Code    12  stm32g4xx_hal_adc_ex.o(i.LL_ADC_SetSamplingTimeCommonConfig)
    i.MX_ADC1_Init                           0x080054c8   Section        0  adc.o(i.MX_ADC1_Init)
    i.MX_FDCAN1_Init                         0x080055f4   Section        0  fdcan.o(i.MX_FDCAN1_Init)
    i.MX_GPIO_Init                           0x080056ac   Section        0  gpio.o(i.MX_GPIO_Init)
    i.MX_TIM1_Init                           0x080057cc   Section        0  tim.o(i.MX_TIM1_Init)
    i.MX_TIM3_Init                           0x080058fc   Section        0  tim.o(i.MX_TIM3_Init)
    i.MX_TIM7_Init                           0x08005980   Section        0  tim.o(i.MX_TIM7_Init)
    i.MemManage_Handler                      0x080059cc   Section        0  stm32g4xx_it.o(i.MemManage_Handler)
    i.NMI_Handler                            0x080059d0   Section        0  stm32g4xx_it.o(i.NMI_Handler)
    i.Normalize_theta                        0x080059d4   Section        0  foc_function.o(i.Normalize_theta)
    i.Park                                   0x08005a14   Section        0  foc_function.o(i.Park)
    i.PendSV_Handler                         0x08005a94   Section        0  stm32g4xx_it.o(i.PendSV_Handler)
    i.RCC_GetSysClockFreqFromPLLSource       0x08005a98   Section        0  stm32g4xx_hal_rcc.o(i.RCC_GetSysClockFreqFromPLLSource)
    RCC_GetSysClockFreqFromPLLSource         0x08005a99   Thumb Code    90  stm32g4xx_hal_rcc.o(i.RCC_GetSysClockFreqFromPLLSource)
    i.SVC_Handler                            0x08005b00   Section        0  stm32g4xx_it.o(i.SVC_Handler)
    i.Svpwm                                  0x08005b04   Section        0  foc_function.o(i.Svpwm)
    i.SysTick_Handler                        0x08005dd8   Section        0  stm32g4xx_it.o(i.SysTick_Handler)
    i.SystemClock_Config                     0x08005dda   Section        0  main.o(i.SystemClock_Config)
    i.SystemInit                             0x08005e44   Section        0  system_stm32g4xx.o(i.SystemInit)
    i.TIM6_DAC_IRQHandler                    0x08005e58   Section        0  stm32g4xx_it.o(i.TIM6_DAC_IRQHandler)
    i.TIM7_DAC_IRQHandler                    0x08005e68   Section        0  stm32g4xx_it.o(i.TIM7_DAC_IRQHandler)
    i.TIM_Base_SetConfig                     0x08005e78   Section        0  stm32g4xx_hal_tim.o(i.TIM_Base_SetConfig)
    i.TIM_CCxChannelCmd                      0x08005f68   Section        0  stm32g4xx_hal_tim.o(i.TIM_CCxChannelCmd)
    i.TIM_CCxNChannelCmd                     0x08005f8a   Section        0  stm32g4xx_hal_tim_ex.o(i.TIM_CCxNChannelCmd)
    TIM_CCxNChannelCmd                       0x08005f8b   Thumb Code    34  stm32g4xx_hal_tim_ex.o(i.TIM_CCxNChannelCmd)
    i.TIM_ETR_SetConfig                      0x08005fac   Section        0  stm32g4xx_hal_tim.o(i.TIM_ETR_SetConfig)
    i.TIM_ITRx_SetConfig                     0x08005fc4   Section        0  stm32g4xx_hal_tim.o(i.TIM_ITRx_SetConfig)
    TIM_ITRx_SetConfig                       0x08005fc5   Thumb Code    18  stm32g4xx_hal_tim.o(i.TIM_ITRx_SetConfig)
    i.TIM_OC1_SetConfig                      0x08005fdc   Section        0  stm32g4xx_hal_tim.o(i.TIM_OC1_SetConfig)
    TIM_OC1_SetConfig                        0x08005fdd   Thumb Code   160  stm32g4xx_hal_tim.o(i.TIM_OC1_SetConfig)
    i.TIM_OC2_SetConfig                      0x08006098   Section        0  stm32g4xx_hal_tim.o(i.TIM_OC2_SetConfig)
    i.TIM_OC3_SetConfig                      0x08006160   Section        0  stm32g4xx_hal_tim.o(i.TIM_OC3_SetConfig)
    TIM_OC3_SetConfig                        0x08006161   Thumb Code   168  stm32g4xx_hal_tim.o(i.TIM_OC3_SetConfig)
    i.TIM_OC4_SetConfig                      0x08006224   Section        0  stm32g4xx_hal_tim.o(i.TIM_OC4_SetConfig)
    TIM_OC4_SetConfig                        0x08006225   Thumb Code   170  stm32g4xx_hal_tim.o(i.TIM_OC4_SetConfig)
    i.TIM_OC5_SetConfig                      0x080062ec   Section        0  stm32g4xx_hal_tim.o(i.TIM_OC5_SetConfig)
    TIM_OC5_SetConfig                        0x080062ed   Thumb Code    92  stm32g4xx_hal_tim.o(i.TIM_OC5_SetConfig)
    i.TIM_OC6_SetConfig                      0x08006364   Section        0  stm32g4xx_hal_tim.o(i.TIM_OC6_SetConfig)
    TIM_OC6_SetConfig                        0x08006365   Thumb Code    94  stm32g4xx_hal_tim.o(i.TIM_OC6_SetConfig)
    i.TIM_TI1_ConfigInputStage               0x080063e0   Section        0  stm32g4xx_hal_tim.o(i.TIM_TI1_ConfigInputStage)
    TIM_TI1_ConfigInputStage                 0x080063e1   Thumb Code    38  stm32g4xx_hal_tim.o(i.TIM_TI1_ConfigInputStage)
    i.TIM_TI2_ConfigInputStage               0x08006406   Section        0  stm32g4xx_hal_tim.o(i.TIM_TI2_ConfigInputStage)
    TIM_TI2_ConfigInputStage                 0x08006407   Thumb Code    40  stm32g4xx_hal_tim.o(i.TIM_TI2_ConfigInputStage)
    i.UsageFault_Handler                     0x0800642e   Section        0  stm32g4xx_it.o(i.UsageFault_Handler)
    i.VF_OpenLoop                            0x08006432   Section        0  foc_function.o(i.VF_OpenLoop)
    i.__NVIC_GetPriorityGrouping             0x08006464   Section        0  stm32g4xx_hal_cortex.o(i.__NVIC_GetPriorityGrouping)
    __NVIC_GetPriorityGrouping               0x08006465   Thumb Code    10  stm32g4xx_hal_cortex.o(i.__NVIC_GetPriorityGrouping)
    i.__NVIC_SetPriority                     0x08006474   Section        0  stm32g4xx_hal_cortex.o(i.__NVIC_SetPriority)
    __NVIC_SetPriority                       0x08006475   Thumb Code    32  stm32g4xx_hal_cortex.o(i.__NVIC_SetPriority)
    i.__scatterload_copy                     0x0800649c   Section       14  handlers.o(i.__scatterload_copy)
    i.__scatterload_null                     0x080064aa   Section        2  handlers.o(i.__scatterload_null)
    i.__scatterload_zeroinit                 0x080064ac   Section       14  handlers.o(i.__scatterload_zeroinit)
    i.key_function                           0x080064bc   Section        0  led_key.o(i.key_function)
    i.key_scan                               0x08006550   Section        0  led_key.o(i.key_scan)
    i.main                                   0x080065f0   Section        0  main.o(i.main)
    .constdata                               0x080067b4   Section       16  stm32g4xx_hal_fdcan.o(.constdata)
    DLCtoBytes                               0x080067b4   Data          16  stm32g4xx_hal_fdcan.o(.constdata)
    .constdata                               0x080067c4   Section       24  system_stm32g4xx.o(.constdata)
    .data                                    0x20000000   Section      193  main.o(.data)
    offset_cnt                               0x200000b8   Data           1  main.o(.data)
    prev_output                              0x200000bc   Data           4  main.o(.data)
    init_flag                                0x200000c0   Data           1  main.o(.data)
    .data                                    0x200000c4   Section       24  fdcan.o(.data)
    .data                                    0x200000dc   Section       12  stm32g4xx_hal.o(.data)
    .data                                    0x200000e8   Section        4  system_stm32g4xx.o(.data)
    .data                                    0x200000ec   Section        1  led_key.o(.data)
    key_up                                   0x200000ec   Data           1  led_key.o(.data)
    .bss                                     0x200000f0   Section      132  main.o(.bss)
    .bss                                     0x20000174   Section      108  adc.o(.bss)
    .bss                                     0x200001e0   Section      100  fdcan.o(.bss)
    .bss                                     0x20000244   Section      228  tim.o(.bss)
    .bss                                     0x20000328   Section       76  stm32g4xx_hal_timebase_tim.o(.bss)
    .bss                                     0x20000374   Section      156  foc_function.o(.bss)
    .bss                                     0x20000410   Section       20  encoder.o(.bss)
    STACK                                    0x20000428   Section     1024  startup_stm32g474xx.o(STACK)

    Global Symbols

    Symbol Name                              Value     Ov Type        Size  Object(Section)

    BuildAttributes$$THM_ISAv4$E$P$D$K$B$S$7EM$VFPi3$EXTD16$VFPS$VFMA$PE$A:L22UL41UL21$X:L11$S22US41US21$IEEE1$IW$USESV6$~STKCKD$USESV7$~SHL$OTIME$ROPI$IEEEX$EBA8$MICROLIB$REQ8$PRES8$EABIv2 0x00000000   Number         0  anon$$obj.o ABSOLUTE
    __ARM_use_no_argv                        0x00000000   Number         0  main.o ABSOLUTE
    __arm_fini_                               - Undefined Weak Reference
    __cpp_initialize__aeabi_                  - Undefined Weak Reference
    __cxa_finalize                            - Undefined Weak Reference
    __decompress                              - Undefined Weak Reference
    _clock_init                               - Undefined Weak Reference
    _microlib_exit                            - Undefined Weak Reference
    __Vectors_Size                           0x000001d8   Number         0  startup_stm32g474xx.o ABSOLUTE
    __Vectors                                0x08000000   Data           4  startup_stm32g474xx.o(RESET)
    __Vectors_End                            0x080001d8   Data           0  startup_stm32g474xx.o(RESET)
    __main                                   0x080001d9   Thumb Code     0  entry.o(.ARM.Collect$$$$00000000)
    _main_stk                                0x080001d9   Thumb Code     0  entry2.o(.ARM.Collect$$$$00000001)
    _main_scatterload                        0x080001dd   Thumb Code     0  entry5.o(.ARM.Collect$$$$00000004)
    __main_after_scatterload                 0x080001e1   Thumb Code     0  entry5.o(.ARM.Collect$$$$00000004)
    _main_clock                              0x080001e1   Thumb Code     0  entry7b.o(.ARM.Collect$$$$00000008)
    _main_cpp_init                           0x080001e1   Thumb Code     0  entry8b.o(.ARM.Collect$$$$0000000A)
    _main_init                               0x080001e1   Thumb Code     0  entry9a.o(.ARM.Collect$$$$0000000B)
    __rt_lib_shutdown_fini                   0x080001e9   Thumb Code     0  entry12b.o(.ARM.Collect$$$$0000000E)
    __rt_final_cpp                           0x080001ed   Thumb Code     0  entry10a.o(.ARM.Collect$$$$0000000F)
    __rt_final_exit                          0x080001ed   Thumb Code     0  entry11a.o(.ARM.Collect$$$$00000011)
    Reset_Handler                            0x080001f1   Thumb Code     8  startup_stm32g474xx.o(.text)
    ADC3_IRQHandler                          0x0800020b   Thumb Code     0  startup_stm32g474xx.o(.text)
    ADC4_IRQHandler                          0x0800020b   Thumb Code     0  startup_stm32g474xx.o(.text)
    ADC5_IRQHandler                          0x0800020b   Thumb Code     0  startup_stm32g474xx.o(.text)
    COMP1_2_3_IRQHandler                     0x0800020b   Thumb Code     0  startup_stm32g474xx.o(.text)
    COMP4_5_6_IRQHandler                     0x0800020b   Thumb Code     0  startup_stm32g474xx.o(.text)
    COMP7_IRQHandler                         0x0800020b   Thumb Code     0  startup_stm32g474xx.o(.text)
    CORDIC_IRQHandler                        0x0800020b   Thumb Code     0  startup_stm32g474xx.o(.text)
    CRS_IRQHandler                           0x0800020b   Thumb Code     0  startup_stm32g474xx.o(.text)
    DMA1_Channel1_IRQHandler                 0x0800020b   Thumb Code     0  startup_stm32g474xx.o(.text)
    DMA1_Channel2_IRQHandler                 0x0800020b   Thumb Code     0  startup_stm32g474xx.o(.text)
    DMA1_Channel3_IRQHandler                 0x0800020b   Thumb Code     0  startup_stm32g474xx.o(.text)
    DMA1_Channel4_IRQHandler                 0x0800020b   Thumb Code     0  startup_stm32g474xx.o(.text)
    DMA1_Channel5_IRQHandler                 0x0800020b   Thumb Code     0  startup_stm32g474xx.o(.text)
    DMA1_Channel6_IRQHandler                 0x0800020b   Thumb Code     0  startup_stm32g474xx.o(.text)
    DMA1_Channel7_IRQHandler                 0x0800020b   Thumb Code     0  startup_stm32g474xx.o(.text)
    DMA1_Channel8_IRQHandler                 0x0800020b   Thumb Code     0  startup_stm32g474xx.o(.text)
    DMA2_Channel1_IRQHandler                 0x0800020b   Thumb Code     0  startup_stm32g474xx.o(.text)
    DMA2_Channel2_IRQHandler                 0x0800020b   Thumb Code     0  startup_stm32g474xx.o(.text)
    DMA2_Channel3_IRQHandler                 0x0800020b   Thumb Code     0  startup_stm32g474xx.o(.text)
    DMA2_Channel4_IRQHandler                 0x0800020b   Thumb Code     0  startup_stm32g474xx.o(.text)
    DMA2_Channel5_IRQHandler                 0x0800020b   Thumb Code     0  startup_stm32g474xx.o(.text)
    DMA2_Channel6_IRQHandler                 0x0800020b   Thumb Code     0  startup_stm32g474xx.o(.text)
    DMA2_Channel7_IRQHandler                 0x0800020b   Thumb Code     0  startup_stm32g474xx.o(.text)
    DMA2_Channel8_IRQHandler                 0x0800020b   Thumb Code     0  startup_stm32g474xx.o(.text)
    DMAMUX_OVR_IRQHandler                    0x0800020b   Thumb Code     0  startup_stm32g474xx.o(.text)
    EXTI0_IRQHandler                         0x0800020b   Thumb Code     0  startup_stm32g474xx.o(.text)
    EXTI15_10_IRQHandler                     0x0800020b   Thumb Code     0  startup_stm32g474xx.o(.text)
    EXTI1_IRQHandler                         0x0800020b   Thumb Code     0  startup_stm32g474xx.o(.text)
    EXTI2_IRQHandler                         0x0800020b   Thumb Code     0  startup_stm32g474xx.o(.text)
    EXTI3_IRQHandler                         0x0800020b   Thumb Code     0  startup_stm32g474xx.o(.text)
    EXTI9_5_IRQHandler                       0x0800020b   Thumb Code     0  startup_stm32g474xx.o(.text)
    FDCAN1_IT1_IRQHandler                    0x0800020b   Thumb Code     0  startup_stm32g474xx.o(.text)
    FDCAN2_IT0_IRQHandler                    0x0800020b   Thumb Code     0  startup_stm32g474xx.o(.text)
    FDCAN2_IT1_IRQHandler                    0x0800020b   Thumb Code     0  startup_stm32g474xx.o(.text)
    FDCAN3_IT0_IRQHandler                    0x0800020b   Thumb Code     0  startup_stm32g474xx.o(.text)
    FDCAN3_IT1_IRQHandler                    0x0800020b   Thumb Code     0  startup_stm32g474xx.o(.text)
    FLASH_IRQHandler                         0x0800020b   Thumb Code     0  startup_stm32g474xx.o(.text)
    FMAC_IRQHandler                          0x0800020b   Thumb Code     0  startup_stm32g474xx.o(.text)
    FMC_IRQHandler                           0x0800020b   Thumb Code     0  startup_stm32g474xx.o(.text)
    FPU_IRQHandler                           0x0800020b   Thumb Code     0  startup_stm32g474xx.o(.text)
    HRTIM1_FLT_IRQHandler                    0x0800020b   Thumb Code     0  startup_stm32g474xx.o(.text)
    HRTIM1_Master_IRQHandler                 0x0800020b   Thumb Code     0  startup_stm32g474xx.o(.text)
    HRTIM1_TIMA_IRQHandler                   0x0800020b   Thumb Code     0  startup_stm32g474xx.o(.text)
    HRTIM1_TIMB_IRQHandler                   0x0800020b   Thumb Code     0  startup_stm32g474xx.o(.text)
    HRTIM1_TIMC_IRQHandler                   0x0800020b   Thumb Code     0  startup_stm32g474xx.o(.text)
    HRTIM1_TIMD_IRQHandler                   0x0800020b   Thumb Code     0  startup_stm32g474xx.o(.text)
    HRTIM1_TIME_IRQHandler                   0x0800020b   Thumb Code     0  startup_stm32g474xx.o(.text)
    HRTIM1_TIMF_IRQHandler                   0x0800020b   Thumb Code     0  startup_stm32g474xx.o(.text)
    I2C1_ER_IRQHandler                       0x0800020b   Thumb Code     0  startup_stm32g474xx.o(.text)
    I2C1_EV_IRQHandler                       0x0800020b   Thumb Code     0  startup_stm32g474xx.o(.text)
    I2C2_ER_IRQHandler                       0x0800020b   Thumb Code     0  startup_stm32g474xx.o(.text)
    I2C2_EV_IRQHandler                       0x0800020b   Thumb Code     0  startup_stm32g474xx.o(.text)
    I2C3_ER_IRQHandler                       0x0800020b   Thumb Code     0  startup_stm32g474xx.o(.text)
    I2C3_EV_IRQHandler                       0x0800020b   Thumb Code     0  startup_stm32g474xx.o(.text)
    I2C4_ER_IRQHandler                       0x0800020b   Thumb Code     0  startup_stm32g474xx.o(.text)
    I2C4_EV_IRQHandler                       0x0800020b   Thumb Code     0  startup_stm32g474xx.o(.text)
    LPTIM1_IRQHandler                        0x0800020b   Thumb Code     0  startup_stm32g474xx.o(.text)
    LPUART1_IRQHandler                       0x0800020b   Thumb Code     0  startup_stm32g474xx.o(.text)
    PVD_PVM_IRQHandler                       0x0800020b   Thumb Code     0  startup_stm32g474xx.o(.text)
    QUADSPI_IRQHandler                       0x0800020b   Thumb Code     0  startup_stm32g474xx.o(.text)
    RCC_IRQHandler                           0x0800020b   Thumb Code     0  startup_stm32g474xx.o(.text)
    RNG_IRQHandler                           0x0800020b   Thumb Code     0  startup_stm32g474xx.o(.text)
    RTC_Alarm_IRQHandler                     0x0800020b   Thumb Code     0  startup_stm32g474xx.o(.text)
    RTC_TAMP_LSECSS_IRQHandler               0x0800020b   Thumb Code     0  startup_stm32g474xx.o(.text)
    RTC_WKUP_IRQHandler                      0x0800020b   Thumb Code     0  startup_stm32g474xx.o(.text)
    SAI1_IRQHandler                          0x0800020b   Thumb Code     0  startup_stm32g474xx.o(.text)
    SPI1_IRQHandler                          0x0800020b   Thumb Code     0  startup_stm32g474xx.o(.text)
    SPI2_IRQHandler                          0x0800020b   Thumb Code     0  startup_stm32g474xx.o(.text)
    SPI3_IRQHandler                          0x0800020b   Thumb Code     0  startup_stm32g474xx.o(.text)
    SPI4_IRQHandler                          0x0800020b   Thumb Code     0  startup_stm32g474xx.o(.text)
    TIM1_BRK_TIM15_IRQHandler                0x0800020b   Thumb Code     0  startup_stm32g474xx.o(.text)
    TIM1_CC_IRQHandler                       0x0800020b   Thumb Code     0  startup_stm32g474xx.o(.text)
    TIM1_TRG_COM_TIM17_IRQHandler            0x0800020b   Thumb Code     0  startup_stm32g474xx.o(.text)
    TIM1_UP_TIM16_IRQHandler                 0x0800020b   Thumb Code     0  startup_stm32g474xx.o(.text)
    TIM20_BRK_IRQHandler                     0x0800020b   Thumb Code     0  startup_stm32g474xx.o(.text)
    TIM20_CC_IRQHandler                      0x0800020b   Thumb Code     0  startup_stm32g474xx.o(.text)
    TIM20_TRG_COM_IRQHandler                 0x0800020b   Thumb Code     0  startup_stm32g474xx.o(.text)
    TIM20_UP_IRQHandler                      0x0800020b   Thumb Code     0  startup_stm32g474xx.o(.text)
    TIM2_IRQHandler                          0x0800020b   Thumb Code     0  startup_stm32g474xx.o(.text)
    TIM3_IRQHandler                          0x0800020b   Thumb Code     0  startup_stm32g474xx.o(.text)
    TIM4_IRQHandler                          0x0800020b   Thumb Code     0  startup_stm32g474xx.o(.text)
    TIM5_IRQHandler                          0x0800020b   Thumb Code     0  startup_stm32g474xx.o(.text)
    TIM8_BRK_IRQHandler                      0x0800020b   Thumb Code     0  startup_stm32g474xx.o(.text)
    TIM8_CC_IRQHandler                       0x0800020b   Thumb Code     0  startup_stm32g474xx.o(.text)
    TIM8_TRG_COM_IRQHandler                  0x0800020b   Thumb Code     0  startup_stm32g474xx.o(.text)
    TIM8_UP_IRQHandler                       0x0800020b   Thumb Code     0  startup_stm32g474xx.o(.text)
    UART4_IRQHandler                         0x0800020b   Thumb Code     0  startup_stm32g474xx.o(.text)
    UART5_IRQHandler                         0x0800020b   Thumb Code     0  startup_stm32g474xx.o(.text)
    UCPD1_IRQHandler                         0x0800020b   Thumb Code     0  startup_stm32g474xx.o(.text)
    USART1_IRQHandler                        0x0800020b   Thumb Code     0  startup_stm32g474xx.o(.text)
    USART2_IRQHandler                        0x0800020b   Thumb Code     0  startup_stm32g474xx.o(.text)
    USART3_IRQHandler                        0x0800020b   Thumb Code     0  startup_stm32g474xx.o(.text)
    USBWakeUp_IRQHandler                     0x0800020b   Thumb Code     0  startup_stm32g474xx.o(.text)
    USB_HP_IRQHandler                        0x0800020b   Thumb Code     0  startup_stm32g474xx.o(.text)
    USB_LP_IRQHandler                        0x0800020b   Thumb Code     0  startup_stm32g474xx.o(.text)
    WWDG_IRQHandler                          0x0800020b   Thumb Code     0  startup_stm32g474xx.o(.text)
    __aeabi_memcpy                           0x08000215   Thumb Code    36  memcpya.o(.text)
    __aeabi_memcpy4                          0x08000215   Thumb Code     0  memcpya.o(.text)
    __aeabi_memcpy8                          0x08000215   Thumb Code     0  memcpya.o(.text)
    __aeabi_memset                           0x08000239   Thumb Code    14  memseta.o(.text)
    __aeabi_memset4                          0x08000239   Thumb Code     0  memseta.o(.text)
    __aeabi_memset8                          0x08000239   Thumb Code     0  memseta.o(.text)
    __aeabi_memclr                           0x08000247   Thumb Code     4  memseta.o(.text)
    __aeabi_memclr4                          0x08000247   Thumb Code     0  memseta.o(.text)
    __aeabi_memclr8                          0x08000247   Thumb Code     0  memseta.o(.text)
    _memset$wrapper                          0x0800024b   Thumb Code    18  memseta.o(.text)
    __aeabi_f2d                              0x0800025d   Thumb Code    38  f2d.o(.text)
    __aeabi_cdcmpeq                          0x08000285   Thumb Code     0  cdcmple.o(.text)
    __aeabi_cdcmple                          0x08000285   Thumb Code    48  cdcmple.o(.text)
    __aeabi_cdrcmple                         0x080002b5   Thumb Code    48  cdrcmple.o(.text)
    __I$use$fp                               0x080002e5   Thumb Code     0  iusefp.o(.text)
    __scatterload                            0x080002e5   Thumb Code    28  init.o(.text)
    __scatterload_rt2                        0x080002e5   Thumb Code     0  init.o(.text)
    arm_sin_cos_f32                          0x08000309   Thumb Code   292  arm_sin_cos_f32.o(.text.arm_sin_cos_f32)
    ADC1_2_IRQHandler                        0x0800042d   Thumb Code    10  stm32g4xx_it.o(i.ADC1_2_IRQHandler)
    ADC_Disable                              0x0800043d   Thumb Code   142  stm32g4xx_hal_adc.o(i.ADC_Disable)
    ADC_Enable                               0x080004d1   Thumb Code   200  stm32g4xx_hal_adc.o(i.ADC_Enable)
    BusFault_Handler                         0x080005b1   Thumb Code     4  stm32g4xx_it.o(i.BusFault_Handler)
    Clarke                                   0x080005b5   Thumb Code    38  foc_function.o(i.Clarke)
    CurrentPI                                0x080005e5   Thumb Code   478  foc_function.o(i.CurrentPI)
    DWT_Timer_Init                           0x080007f5   Thumb Code    30  dwt_timer.o(i.DWT_Timer_Init)
    DebugMon_Handler                         0x0800081d   Thumb Code     2  stm32g4xx_it.o(i.DebugMon_Handler)
    EXTI4_IRQHandler                         0x0800081f   Thumb Code    10  stm32g4xx_it.o(i.EXTI4_IRQHandler)
    Encoder_Align_Zero                       0x08000829   Thumb Code    84  encoder.o(i.Encoder_Align_Zero)
    Encoder_Calculate_Speed                  0x0800088d   Thumb Code   100  encoder.o(i.Encoder_Calculate_Speed)
    Encoder_Init                             0x08000901   Thumb Code    48  encoder.o(i.Encoder_Init)
    Encoder_Update_Angle                     0x0800093d   Thumb Code   102  encoder.o(i.Encoder_Update_Angle)
    Error_Handler                            0x080009b1   Thumb Code     6  main.o(i.Error_Handler)
    FDCAN1_IT0_IRQHandler                    0x080009b9   Thumb Code    10  stm32g4xx_it.o(i.FDCAN1_IT0_IRQHandler)
    HAL_ADCEx_Calibration_Start              0x08000a5d   Thumb Code   166  stm32g4xx_hal_adc_ex.o(i.HAL_ADCEx_Calibration_Start)
    HAL_ADCEx_EndOfSamplingCallback          0x08000b0d   Thumb Code     2  stm32g4xx_hal_adc_ex.o(i.HAL_ADCEx_EndOfSamplingCallback)
    HAL_ADCEx_InjectedConfigChannel          0x08000b11   Thumb Code  1644  stm32g4xx_hal_adc_ex.o(i.HAL_ADCEx_InjectedConfigChannel)
    HAL_ADCEx_InjectedConvCpltCallback       0x080011b1   Thumb Code   498  main.o(i.HAL_ADCEx_InjectedConvCpltCallback)
    HAL_ADCEx_InjectedQueueOverflowCallback  0x08001415   Thumb Code     2  stm32g4xx_hal_adc_ex.o(i.HAL_ADCEx_InjectedQueueOverflowCallback)
    HAL_ADCEx_InjectedStart_IT               0x08001419   Thumb Code   380  stm32g4xx_hal_adc_ex.o(i.HAL_ADCEx_InjectedStart_IT)
    HAL_ADCEx_LevelOutOfWindow2Callback      0x080015a9   Thumb Code     2  stm32g4xx_hal_adc_ex.o(i.HAL_ADCEx_LevelOutOfWindow2Callback)
    HAL_ADCEx_LevelOutOfWindow3Callback      0x080015ab   Thumb Code     2  stm32g4xx_hal_adc_ex.o(i.HAL_ADCEx_LevelOutOfWindow3Callback)
    HAL_ADCEx_MultiModeConfigChannel         0x080015ad   Thumb Code   414  stm32g4xx_hal_adc_ex.o(i.HAL_ADCEx_MultiModeConfigChannel)
    HAL_ADC_ConfigChannel                    0x08001765   Thumb Code  1348  stm32g4xx_hal_adc.o(i.HAL_ADC_ConfigChannel)
    HAL_ADC_ConvCpltCallback                 0x08001cd9   Thumb Code     2  stm32g4xx_hal_adc.o(i.HAL_ADC_ConvCpltCallback)
    HAL_ADC_ErrorCallback                    0x08001cdb   Thumb Code     2  stm32g4xx_hal_adc.o(i.HAL_ADC_ErrorCallback)
    HAL_ADC_GetValue                         0x08001cdd   Thumb Code     8  stm32g4xx_hal_adc.o(i.HAL_ADC_GetValue)
    HAL_ADC_IRQHandler                       0x08001ce5   Thumb Code   898  stm32g4xx_hal_adc.o(i.HAL_ADC_IRQHandler)
    HAL_ADC_Init                             0x0800207d   Thumb Code   652  stm32g4xx_hal_adc.o(i.HAL_ADC_Init)
    HAL_ADC_LevelOutOfWindowCallback         0x08002335   Thumb Code     2  stm32g4xx_hal_adc.o(i.HAL_ADC_LevelOutOfWindowCallback)
    HAL_ADC_MspInit                          0x08002339   Thumb Code   194  adc.o(i.HAL_ADC_MspInit)
    HAL_ADC_Start                            0x08002405   Thumb Code   336  stm32g4xx_hal_adc.o(i.HAL_ADC_Start)
    HAL_Delay                                0x08002569   Thumb Code    36  stm32g4xx_hal.o(i.HAL_Delay)
    HAL_FDCAN_ActivateNotification           0x08002591   Thumb Code   290  stm32g4xx_hal_fdcan.o(i.HAL_FDCAN_ActivateNotification)
    HAL_FDCAN_ConfigFilter                   0x080026b3   Thumb Code   100  stm32g4xx_hal_fdcan.o(i.HAL_FDCAN_ConfigFilter)
    HAL_FDCAN_ConfigGlobalFilter             0x08002717   Thumb Code    60  stm32g4xx_hal_fdcan.o(i.HAL_FDCAN_ConfigGlobalFilter)
    HAL_FDCAN_ErrorCallback                  0x08002753   Thumb Code     2  stm32g4xx_hal_fdcan.o(i.HAL_FDCAN_ErrorCallback)
    HAL_FDCAN_ErrorStatusCallback            0x08002755   Thumb Code    18  fdcan.o(i.HAL_FDCAN_ErrorStatusCallback)
    HAL_FDCAN_GetRxMessage                   0x08002771   Thumb Code   332  stm32g4xx_hal_fdcan.o(i.HAL_FDCAN_GetRxMessage)
    HAL_FDCAN_HighPriorityMessageCallback    0x080028c1   Thumb Code     2  stm32g4xx_hal_fdcan.o(i.HAL_FDCAN_HighPriorityMessageCallback)
    HAL_FDCAN_IRQHandler                     0x080028c3   Thumb Code   424  stm32g4xx_hal_fdcan.o(i.HAL_FDCAN_IRQHandler)
    HAL_FDCAN_Init                           0x08002a6d   Thumb Code   526  stm32g4xx_hal_fdcan.o(i.HAL_FDCAN_Init)
    HAL_FDCAN_MspInit                        0x08002c85   Thumb Code   154  fdcan.o(i.HAL_FDCAN_MspInit)
    HAL_FDCAN_RxFifo0Callback                0x08002d29   Thumb Code   122  fdcan.o(i.HAL_FDCAN_RxFifo0Callback)
    HAL_FDCAN_RxFifo1Callback                0x08002dbd   Thumb Code     2  stm32g4xx_hal_fdcan.o(i.HAL_FDCAN_RxFifo1Callback)
    HAL_FDCAN_Start                          0x08002dbf   Thumb Code    46  stm32g4xx_hal_fdcan.o(i.HAL_FDCAN_Start)
    HAL_FDCAN_TimeoutOccurredCallback        0x08002ded   Thumb Code     2  stm32g4xx_hal_fdcan.o(i.HAL_FDCAN_TimeoutOccurredCallback)
    HAL_FDCAN_TimestampWraparoundCallback    0x08002def   Thumb Code     2  stm32g4xx_hal_fdcan.o(i.HAL_FDCAN_TimestampWraparoundCallback)
    HAL_FDCAN_TxBufferAbortCallback          0x08002df1   Thumb Code     2  stm32g4xx_hal_fdcan.o(i.HAL_FDCAN_TxBufferAbortCallback)
    HAL_FDCAN_TxBufferCompleteCallback       0x08002df3   Thumb Code     2  stm32g4xx_hal_fdcan.o(i.HAL_FDCAN_TxBufferCompleteCallback)
    HAL_FDCAN_TxEventFifoCallback            0x08002df5   Thumb Code     2  stm32g4xx_hal_fdcan.o(i.HAL_FDCAN_TxEventFifoCallback)
    HAL_FDCAN_TxFifoEmptyCallback            0x08002df7   Thumb Code     2  stm32g4xx_hal_fdcan.o(i.HAL_FDCAN_TxFifoEmptyCallback)
    HAL_GPIO_EXTI_Callback                   0x08002df9   Thumb Code     2  main.o(i.HAL_GPIO_EXTI_Callback)
    HAL_GPIO_EXTI_IRQHandler                 0x08002dfd   Thumb Code    24  stm32g4xx_hal_gpio.o(i.HAL_GPIO_EXTI_IRQHandler)
    HAL_GPIO_Init                            0x08002e19   Thumb Code   428  stm32g4xx_hal_gpio.o(i.HAL_GPIO_Init)
    HAL_GPIO_ReadPin                         0x08002fe5   Thumb Code    16  stm32g4xx_hal_gpio.o(i.HAL_GPIO_ReadPin)
    HAL_GPIO_TogglePin                       0x08002ff5   Thumb Code    20  stm32g4xx_hal_gpio.o(i.HAL_GPIO_TogglePin)
    HAL_GPIO_WritePin                        0x08003009   Thumb Code    10  stm32g4xx_hal_gpio.o(i.HAL_GPIO_WritePin)
    HAL_GetTick                              0x08003015   Thumb Code     6  stm32g4xx_hal.o(i.HAL_GetTick)
    HAL_IncTick                              0x08003021   Thumb Code    16  stm32g4xx_hal.o(i.HAL_IncTick)
    HAL_Init                                 0x08003039   Thumb Code    30  stm32g4xx_hal.o(i.HAL_Init)
    HAL_InitTick                             0x08003059   Thumb Code   134  stm32g4xx_hal_timebase_tim.o(i.HAL_InitTick)
    HAL_MspInit                              0x080030f5   Thumb Code    62  stm32g4xx_hal_msp.o(i.HAL_MspInit)
    HAL_NVIC_EnableIRQ                       0x08003139   Thumb Code    40  stm32g4xx_hal_cortex.o(i.HAL_NVIC_EnableIRQ)
    HAL_NVIC_SetPriority                     0x08003161   Thumb Code   122  stm32g4xx_hal_cortex.o(i.HAL_NVIC_SetPriority)
    HAL_NVIC_SetPriorityGrouping             0x080031dd   Thumb Code    32  stm32g4xx_hal_cortex.o(i.HAL_NVIC_SetPriorityGrouping)
    HAL_PWREx_ControlVoltageScaling          0x08003205   Thumb Code   268  stm32g4xx_hal_pwr_ex.o(i.HAL_PWREx_ControlVoltageScaling)
    HAL_PWREx_DisableUCPDDeadBattery         0x0800331d   Thumb Code    14  stm32g4xx_hal_pwr_ex.o(i.HAL_PWREx_DisableUCPDDeadBattery)
    HAL_RCCEx_PeriphCLKConfig                0x08003331   Thumb Code  1048  stm32g4xx_hal_rcc_ex.o(i.HAL_RCCEx_PeriphCLKConfig)
    HAL_RCC_ClockConfig                      0x08003749   Thumb Code   522  stm32g4xx_hal_rcc.o(i.HAL_RCC_ClockConfig)
    HAL_RCC_GetClockConfig                   0x0800396d   Thumb Code    58  stm32g4xx_hal_rcc.o(i.HAL_RCC_GetClockConfig)
    HAL_RCC_GetHCLKFreq                      0x080039b1   Thumb Code     6  stm32g4xx_hal_rcc.o(i.HAL_RCC_GetHCLKFreq)
    HAL_RCC_GetPCLK1Freq                     0x080039bd   Thumb Code    26  stm32g4xx_hal_rcc.o(i.HAL_RCC_GetPCLK1Freq)
    HAL_RCC_GetSysClockFreq                  0x080039e1   Thumb Code   138  stm32g4xx_hal_rcc.o(i.HAL_RCC_GetSysClockFreq)
    HAL_RCC_OscConfig                        0x08003a79   Thumb Code  1360  stm32g4xx_hal_rcc.o(i.HAL_RCC_OscConfig)
    HAL_TIMEx_Break2Callback                 0x08003fd5   Thumb Code     2  stm32g4xx_hal_tim_ex.o(i.HAL_TIMEx_Break2Callback)
    HAL_TIMEx_BreakCallback                  0x08003fd7   Thumb Code     2  stm32g4xx_hal_tim_ex.o(i.HAL_TIMEx_BreakCallback)
    HAL_TIMEx_CommutCallback                 0x08003fd9   Thumb Code     2  stm32g4xx_hal_tim_ex.o(i.HAL_TIMEx_CommutCallback)
    HAL_TIMEx_ConfigBreakDeadTime            0x08003fdd   Thumb Code   200  stm32g4xx_hal_tim_ex.o(i.HAL_TIMEx_ConfigBreakDeadTime)
    HAL_TIMEx_DirectionChangeCallback        0x080040b1   Thumb Code     2  stm32g4xx_hal_tim_ex.o(i.HAL_TIMEx_DirectionChangeCallback)
    HAL_TIMEx_EncoderIndexCallback           0x080040b3   Thumb Code     2  stm32g4xx_hal_tim_ex.o(i.HAL_TIMEx_EncoderIndexCallback)
    HAL_TIMEx_IndexErrorCallback             0x080040b5   Thumb Code     2  stm32g4xx_hal_tim_ex.o(i.HAL_TIMEx_IndexErrorCallback)
    HAL_TIMEx_MasterConfigSynchronization    0x080040b9   Thumb Code   182  stm32g4xx_hal_tim_ex.o(i.HAL_TIMEx_MasterConfigSynchronization)
    HAL_TIMEx_PWMN_Start                     0x08004191   Thumb Code   222  stm32g4xx_hal_tim_ex.o(i.HAL_TIMEx_PWMN_Start)
    HAL_TIMEx_TransitionErrorCallback        0x08004291   Thumb Code     2  stm32g4xx_hal_tim_ex.o(i.HAL_TIMEx_TransitionErrorCallback)
    HAL_TIM_Base_Init                        0x08004293   Thumb Code   110  stm32g4xx_hal_tim.o(i.HAL_TIM_Base_Init)
    HAL_TIM_Base_MspInit                     0x08004301   Thumb Code    94  tim.o(i.HAL_TIM_Base_MspInit)
    HAL_TIM_Base_Start                       0x0800436d   Thumb Code   134  stm32g4xx_hal_tim.o(i.HAL_TIM_Base_Start)
    HAL_TIM_Base_Start_IT                    0x08004415   Thumb Code   146  stm32g4xx_hal_tim.o(i.HAL_TIM_Base_Start_IT)
    HAL_TIM_ConfigClockSource                0x080044c9   Thumb Code   312  stm32g4xx_hal_tim.o(i.HAL_TIM_ConfigClockSource)
    HAL_TIM_Encoder_Init                     0x08004605   Thumb Code   198  stm32g4xx_hal_tim.o(i.HAL_TIM_Encoder_Init)
    HAL_TIM_Encoder_MspInit                  0x080046d1   Thumb Code   108  tim.o(i.HAL_TIM_Encoder_MspInit)
    HAL_TIM_Encoder_Start                    0x08004745   Thumb Code   204  stm32g4xx_hal_tim.o(i.HAL_TIM_Encoder_Start)
    HAL_TIM_IC_CaptureCallback               0x08004811   Thumb Code     2  stm32g4xx_hal_tim.o(i.HAL_TIM_IC_CaptureCallback)
    HAL_TIM_IRQHandler                       0x08004813   Thumb Code   544  stm32g4xx_hal_tim.o(i.HAL_TIM_IRQHandler)
    HAL_TIM_MspPostInit                      0x08004a35   Thumb Code   166  tim.o(i.HAL_TIM_MspPostInit)
    HAL_TIM_OC_DelayElapsedCallback          0x08004ae9   Thumb Code     2  stm32g4xx_hal_tim.o(i.HAL_TIM_OC_DelayElapsedCallback)
    HAL_TIM_PWM_ConfigChannel                0x08004aeb   Thumb Code   368  stm32g4xx_hal_tim.o(i.HAL_TIM_PWM_ConfigChannel)
    HAL_TIM_PWM_Init                         0x08004c5b   Thumb Code   110  stm32g4xx_hal_tim.o(i.HAL_TIM_PWM_Init)
    HAL_TIM_PWM_MspInit                      0x08004cc9   Thumb Code     2  stm32g4xx_hal_tim.o(i.HAL_TIM_PWM_MspInit)
    HAL_TIM_PWM_PulseFinishedCallback        0x08004ccb   Thumb Code     2  stm32g4xx_hal_tim.o(i.HAL_TIM_PWM_PulseFinishedCallback)
    HAL_TIM_PWM_Start                        0x08004ccd   Thumb Code   322  stm32g4xx_hal_tim.o(i.HAL_TIM_PWM_Start)
    HAL_TIM_PeriodElapsedCallback            0x08004e39   Thumb Code   108  main.o(i.HAL_TIM_PeriodElapsedCallback)
    HAL_TIM_TriggerCallback                  0x08004ec9   Thumb Code     2  stm32g4xx_hal_tim.o(i.HAL_TIM_TriggerCallback)
    HardFault_Handler                        0x08004ecb   Thumb Code     4  stm32g4xx_it.o(i.HardFault_Handler)
    IF_OpenLoop                              0x08004ecf   Thumb Code   104  foc_function.o(i.IF_OpenLoop)
    Id_J_B_DefaultConfig                     0x08004f39   Thumb Code    72  identify_j_b.o(i.Id_J_B_DefaultConfig)
    Id_J_B_Init                              0x08004f8d   Thumb Code    40  identify_j_b.o(i.Id_J_B_Init)
    Id_J_B_Start                             0x08004fb5   Thumb Code    70  identify_j_b.o(i.Id_J_B_Start)
    Id_J_B_Update_1kHz                       0x08005001   Thumb Code   494  identify_j_b.o(i.Id_J_B_Update_1kHz)
    Invpark                                  0x080052b1   Thumb Code   114  foc_function.o(i.Invpark)
    MX_ADC1_Init                             0x080054c9   Thumb Code   278  adc.o(i.MX_ADC1_Init)
    MX_FDCAN1_Init                           0x080055f5   Thumb Code   172  fdcan.o(i.MX_FDCAN1_Init)
    MX_GPIO_Init                             0x080056ad   Thumb Code   276  gpio.o(i.MX_GPIO_Init)
    MX_TIM1_Init                             0x080057cd   Thumb Code   296  tim.o(i.MX_TIM1_Init)
    MX_TIM3_Init                             0x080058fd   Thumb Code   122  tim.o(i.MX_TIM3_Init)
    MX_TIM7_Init                             0x08005981   Thumb Code    68  tim.o(i.MX_TIM7_Init)
    MemManage_Handler                        0x080059cd   Thumb Code     4  stm32g4xx_it.o(i.MemManage_Handler)
    NMI_Handler                              0x080059d1   Thumb Code     4  stm32g4xx_it.o(i.NMI_Handler)
    Normalize_theta                          0x080059d5   Thumb Code    60  foc_function.o(i.Normalize_theta)
    Park                                     0x08005a15   Thumb Code   118  foc_function.o(i.Park)
    PendSV_Handler                           0x08005a95   Thumb Code     2  stm32g4xx_it.o(i.PendSV_Handler)
    SVC_Handler                              0x08005b01   Thumb Code     2  stm32g4xx_it.o(i.SVC_Handler)
    Svpwm                                    0x08005b05   Thumb Code   690  foc_function.o(i.Svpwm)
    SysTick_Handler                          0x08005dd9   Thumb Code     2  stm32g4xx_it.o(i.SysTick_Handler)
    SystemClock_Config                       0x08005ddb   Thumb Code   106  main.o(i.SystemClock_Config)
    SystemInit                               0x08005e45   Thumb Code    14  system_stm32g4xx.o(i.SystemInit)
    TIM6_DAC_IRQHandler                      0x08005e59   Thumb Code    10  stm32g4xx_it.o(i.TIM6_DAC_IRQHandler)
    TIM7_DAC_IRQHandler                      0x08005e69   Thumb Code    10  stm32g4xx_it.o(i.TIM7_DAC_IRQHandler)
    TIM_Base_SetConfig                       0x08005e79   Thumb Code   204  stm32g4xx_hal_tim.o(i.TIM_Base_SetConfig)
    TIM_CCxChannelCmd                        0x08005f69   Thumb Code    34  stm32g4xx_hal_tim.o(i.TIM_CCxChannelCmd)
    TIM_ETR_SetConfig                        0x08005fad   Thumb Code    22  stm32g4xx_hal_tim.o(i.TIM_ETR_SetConfig)
    TIM_OC2_SetConfig                        0x08006099   Thumb Code   170  stm32g4xx_hal_tim.o(i.TIM_OC2_SetConfig)
    UsageFault_Handler                       0x0800642f   Thumb Code     4  stm32g4xx_it.o(i.UsageFault_Handler)
    VF_OpenLoop                              0x08006433   Thumb Code    50  foc_function.o(i.VF_OpenLoop)
    __scatterload_copy                       0x0800649d   Thumb Code    14  handlers.o(i.__scatterload_copy)
    __scatterload_null                       0x080064ab   Thumb Code     2  handlers.o(i.__scatterload_null)
    __scatterload_zeroinit                   0x080064ad   Thumb Code    14  handlers.o(i.__scatterload_zeroinit)
    key_function                             0x080064bd   Thumb Code   134  led_key.o(i.key_function)
    key_scan                                 0x08006551   Thumb Code   152  led_key.o(i.key_scan)
    main                                     0x080065f1   Thumb Code   356  main.o(i.main)
    AHBPrescTable                            0x080067c4   Data          16  system_stm32g4xx.o(.constdata)
    APBPrescTable                            0x080067d4   Data           8  system_stm32g4xx.o(.constdata)
    sinTable_f32                             0x080067dc   Data        2052  arm_common_tables.o(.rodata.sinTable_f32)
    Region$$Table$$Base                      0x08006fe0   Number         0  anon$$obj.o(Region$$Table)
    Region$$Table$$Limit                     0x08007000   Number         0  anon$$obj.o(Region$$Table)
    ref                                      0x20000000   Data           4  main.o(.data)
    step                                     0x20000004   Data           4  main.o(.data)
    ADC_Vbus                                 0x20000008   Data           2  main.o(.data)
    ADC_IsensU                               0x2000000a   Data           2  main.o(.data)
    ADC_IsensV                               0x2000000c   Data           2  main.o(.data)
    ADC_IsensW                               0x2000000e   Data           2  main.o(.data)
    U_Offset                                 0x20000010   Data           4  main.o(.data)
    V_Offset                                 0x20000014   Data           4  main.o(.data)
    W_Offset                                 0x20000018   Data           4  main.o(.data)
    Vbus                                     0x2000001c   Data           4  main.o(.data)
    IsensU_raw                               0x20000020   Data           4  main.o(.data)
    IsensV_raw                               0x20000024   Data           4  main.o(.data)
    IsensW_raw                               0x20000028   Data           4  main.o(.data)
    IsensU                                   0x2000002c   Data           4  main.o(.data)
    IsensV                                   0x20000030   Data           4  main.o(.data)
    IsensW                                   0x20000034   Data           4  main.o(.data)
    Offset_Flag                              0x20000038   Data           1  main.o(.data)
    Run_Flag                                 0x20000039   Data           1  main.o(.data)
    Run_Switch                               0x2000003a   Data           1  main.o(.data)
    ThetaUp_Flag                             0x2000003b   Data           1  main.o(.data)
    Z_flag                                   0x2000003c   Data           1  main.o(.data)
    Close_Flag                               0x2000003d   Data           1  main.o(.data)
    Hat_Flag                                 0x2000003e   Data           1  main.o(.data)
    key                                      0x2000003f   Data           1  main.o(.data)
    my_theta                                 0x20000040   Data           4  main.o(.data)
    EncValueRaw                              0x20000044   Data           2  main.o(.data)
    EncValue                                 0x20000046   Data           2  main.o(.data)
    Enc_eTheta                               0x20000048   Data           4  main.o(.data)
    Enc_Speed                                0x2000004c   Data           4  main.o(.data)
    Enc_Pos                                  0x20000050   Data           2  main.o(.data)
    Enc_cnt                                  0x20000052   Data           2  main.o(.data)
    Smo_e_Theta                              0x20000054   Data           4  main.o(.data)
    Smo_Pll_e_Theta                          0x20000058   Data           4  main.o(.data)
    Bef_e_Theta                              0x2000005c   Data           4  main.o(.data)
    Smo_Speed                                0x20000060   Data           4  main.o(.data)
    Smo_err                                  0x20000064   Data           4  main.o(.data)
    kp                                       0x20000068   Data           4  main.o(.data)
    ki                                       0x2000006c   Data           4  main.o(.data)
    skp                                      0x20000070   Data           4  main.o(.data)
    ski                                      0x20000074   Data           4  main.o(.data)
    pkp                                      0x20000078   Data           4  main.o(.data)
    pkd                                      0x2000007c   Data           4  main.o(.data)
    Iqref                                    0x20000080   Data           4  main.o(.data)
    Speedref                                 0x20000084   Data           2  main.o(.data)
    Posref                                   0x20000086   Data           2  main.o(.data)
    Speedref_ramp                            0x20000088   Data           2  main.o(.data)
    Speed_step_up                            0x2000008a   Data           2  main.o(.data)
    Speed_step_dn                            0x2000008c   Data           2  main.o(.data)
    Ud                                       0x20000090   Data           4  main.o(.data)
    Uq                                       0x20000094   Data           4  main.o(.data)
    Ualpha                                   0x20000098   Data           4  main.o(.data)
    Ubeta                                    0x2000009c   Data           4  main.o(.data)
    Id                                       0x200000a0   Data           4  main.o(.data)
    Iq                                       0x200000a4   Data           4  main.o(.data)
    Ialpha                                   0x200000a8   Data           4  main.o(.data)
    Ibeta                                    0x200000ac   Data           4  main.o(.data)
    g_idjb_out                               0x200000b0   Data           8  main.o(.data)
    g_fdcan1_rx_count                        0x200000c4   Data           4  fdcan.o(.data)
    g_fdcan1_last_rx_id                      0x200000c8   Data           4  fdcan.o(.data)
    g_fdcan1_last_rx_len                     0x200000cc   Data           1  fdcan.o(.data)
    g_fdcan1_last_rx_data                    0x200000cd   Data           8  fdcan.o(.data)
    g_fdcan1_error_count                     0x200000d8   Data           4  fdcan.o(.data)
    uwTick                                   0x200000dc   Data           4  stm32g4xx_hal.o(.data)
    uwTickPrio                               0x200000e0   Data           4  stm32g4xx_hal.o(.data)
    uwTickFreq                               0x200000e4   Data           4  stm32g4xx_hal.o(.data)
    SystemCoreClock                          0x200000e8   Data           4  system_stm32g4xx.o(.data)
    g_idjb                                   0x200000f0   Data          84  main.o(.bss)
    g_idjb_cfg                               0x20000144   Data          24  main.o(.bss)
    idjb_in                                  0x2000015c   Data          12  main.o(.bss)
    t                                        0x20000168   Data          12  main.o(.bss)
    hadc1                                    0x20000174   Data         108  adc.o(.bss)
    hfdcan1                                  0x200001e0   Data         100  fdcan.o(.bss)
    htim1                                    0x20000244   Data          76  tim.o(.bss)
    htim3                                    0x20000290   Data          76  tim.o(.bss)
    htim7                                    0x200002dc   Data          76  tim.o(.bss)
    htim6                                    0x20000328   Data          76  stm32g4xx_hal_timebase_tim.o(.bss)
    MyFoc                                    0x20000374   Data          84  foc_function.o(.bss)
    C_PI                                     0x200003c8   Data          32  foc_function.o(.bss)
    S_PI                                     0x200003e8   Data          20  foc_function.o(.bss)
    P_PI                                     0x200003fc   Data          20  foc_function.o(.bss)
    MyEnc                                    0x20000410   Data          20  encoder.o(.bss)
    __initial_sp                             0x20000828   Data           0  startup_stm32g474xx.o(STACK)



==============================================================================

Memory Map of the image

  Image Entry point : 0x080001d9

  Load Region LR_IROM1 (Base: 0x08000000, Size: 0x000070f0, Max: 0x00080000, ABSOLUTE)

    Execution Region ER_IROM1 (Exec base: 0x08000000, Load base: 0x08000000, Size: 0x00007000, Max: 0x00080000, ABSOLUTE)

    Exec Addr    Load Addr    Size         Type   Attr      Idx    E Section Name        Object

    0x08000000   0x08000000   0x000001d8   Data   RO            3    RESET               startup_stm32g474xx.o
    0x080001d8   0x080001d8   0x00000000   Code   RO         4817  * .ARM.Collect$$$$00000000  mc_w.l(entry.o)
    0x080001d8   0x080001d8   0x00000004   Code   RO         4851    .ARM.Collect$$$$00000001  mc_w.l(entry2.o)
    0x080001dc   0x080001dc   0x00000004   Code   RO         4854    .ARM.Collect$$$$00000004  mc_w.l(entry5.o)
    0x080001e0   0x080001e0   0x00000000   Code   RO         4856    .ARM.Collect$$$$00000008  mc_w.l(entry7b.o)
    0x080001e0   0x080001e0   0x00000000   Code   RO         4858    .ARM.Collect$$$$0000000A  mc_w.l(entry8b.o)
    0x080001e0   0x080001e0   0x00000008   Code   RO         4859    .ARM.Collect$$$$0000000B  mc_w.l(entry9a.o)
    0x080001e8   0x080001e8   0x00000004   Code   RO         4866    .ARM.Collect$$$$0000000E  mc_w.l(entry12b.o)
    0x080001ec   0x080001ec   0x00000000   Code   RO         4861    .ARM.Collect$$$$0000000F  mc_w.l(entry10a.o)
    0x080001ec   0x080001ec   0x00000000   Code   RO         4863    .ARM.Collect$$$$00000011  mc_w.l(entry11a.o)
    0x080001ec   0x080001ec   0x00000004   Code   RO         4852    .ARM.Collect$$$$00002712  mc_w.l(entry2.o)
    0x080001f0   0x080001f0   0x00000024   Code   RO            4    .text               startup_stm32g474xx.o
    0x08000214   0x08000214   0x00000024   Code   RO         4820    .text               mc_w.l(memcpya.o)
    0x08000238   0x08000238   0x00000024   Code   RO         4822    .text               mc_w.l(memseta.o)
    0x0800025c   0x0800025c   0x00000026   Code   RO         4826    .text               mf_w.l(f2d.o)
    0x08000282   0x08000282   0x00000002   PAD
    0x08000284   0x08000284   0x00000030   Code   RO         4828    .text               mf_w.l(cdcmple.o)
    0x080002b4   0x080002b4   0x00000030   Code   RO         4830    .text               mf_w.l(cdrcmple.o)
    0x080002e4   0x080002e4   0x00000000   Code   RO         4874    .text               mc_w.l(iusefp.o)
    0x080002e4   0x080002e4   0x00000024   Code   RO         4875    .text               mc_w.l(init.o)
    0x08000308   0x08000308   0x00000124   Code   RO         4665    .text.arm_sin_cos_f32  arm_cortexM4lf_math.lib(arm_sin_cos_f32.o)
    0x0800042c   0x0800042c   0x00000010   Code   RO          445    i.ADC1_2_IRQHandler  stm32g4xx_it.o
    0x0800043c   0x0800043c   0x00000094   Code   RO          618    i.ADC_Disable       stm32g4xx_hal_adc.o
    0x080004d0   0x080004d0   0x000000e0   Code   RO          619    i.ADC_Enable        stm32g4xx_hal_adc.o
    0x080005b0   0x080005b0   0x00000004   Code   RO          446    i.BusFault_Handler  stm32g4xx_it.o
    0x080005b4   0x080005b4   0x00000030   Code   RO         4288    i.Clarke            foc_function.o
    0x080005e4   0x080005e4   0x00000210   Code   RO         4290    i.CurrentPI         foc_function.o
    0x080007f4   0x080007f4   0x00000028   Code   RO         4622    i.DWT_Timer_Init    dwt_timer.o
    0x0800081c   0x0800081c   0x00000002   Code   RO          447    i.DebugMon_Handler  stm32g4xx_it.o
    0x0800081e   0x0800081e   0x0000000a   Code   RO          448    i.EXTI4_IRQHandler  stm32g4xx_it.o
    0x08000828   0x08000828   0x00000064   Code   RO         4404    i.Encoder_Align_Zero  encoder.o
    0x0800088c   0x0800088c   0x00000074   Code   RO         4405    i.Encoder_Calculate_Speed  encoder.o
    0x08000900   0x08000900   0x0000003c   Code   RO         4406    i.Encoder_Init      encoder.o
    0x0800093c   0x0800093c   0x00000074   Code   RO         4407    i.Encoder_Update_Angle  encoder.o
    0x080009b0   0x080009b0   0x00000006   Code   RO           13    i.Error_Handler     main.o
    0x080009b6   0x080009b6   0x00000002   PAD
    0x080009b8   0x080009b8   0x00000010   Code   RO          449    i.FDCAN1_IT0_IRQHandler  stm32g4xx_it.o
    0x080009c8   0x080009c8   0x00000084   Code   RO         2705    i.FDCAN_CalcultateRamBlockAddresses  stm32g4xx_hal_fdcan.o
    0x08000a4c   0x08000a4c   0x0000000e   Code   RO          303    i.FDCAN_DlcToLen    fdcan.o
    0x08000a5a   0x08000a5a   0x00000002   PAD
    0x08000a5c   0x08000a5c   0x000000b0   Code   RO          902    i.HAL_ADCEx_Calibration_Start  stm32g4xx_hal_adc_ex.o
    0x08000b0c   0x08000b0c   0x00000002   Code   RO          906    i.HAL_ADCEx_EndOfSamplingCallback  stm32g4xx_hal_adc_ex.o
    0x08000b0e   0x08000b0e   0x00000002   PAD
    0x08000b10   0x08000b10   0x000006a0   Code   RO          908    i.HAL_ADCEx_InjectedConfigChannel  stm32g4xx_hal_adc_ex.o
    0x080011b0   0x080011b0   0x00000264   Code   RO           14    i.HAL_ADCEx_InjectedConvCpltCallback  main.o
    0x08001414   0x08001414   0x00000002   Code   RO          912    i.HAL_ADCEx_InjectedQueueOverflowCallback  stm32g4xx_hal_adc_ex.o
    0x08001416   0x08001416   0x00000002   PAD
    0x08001418   0x08001418   0x00000190   Code   RO          914    i.HAL_ADCEx_InjectedStart_IT  stm32g4xx_hal_adc_ex.o
    0x080015a8   0x080015a8   0x00000002   Code   RO          917    i.HAL_ADCEx_LevelOutOfWindow2Callback  stm32g4xx_hal_adc_ex.o
    0x080015aa   0x080015aa   0x00000002   Code   RO          918    i.HAL_ADCEx_LevelOutOfWindow3Callback  stm32g4xx_hal_adc_ex.o
    0x080015ac   0x080015ac   0x000001b8   Code   RO          919    i.HAL_ADCEx_MultiModeConfigChannel  stm32g4xx_hal_adc_ex.o
    0x08001764   0x08001764   0x00000574   Code   RO          621    i.HAL_ADC_ConfigChannel  stm32g4xx_hal_adc.o
    0x08001cd8   0x08001cd8   0x00000002   Code   RO          622    i.HAL_ADC_ConvCpltCallback  stm32g4xx_hal_adc.o
    0x08001cda   0x08001cda   0x00000002   Code   RO          625    i.HAL_ADC_ErrorCallback  stm32g4xx_hal_adc.o
    0x08001cdc   0x08001cdc   0x00000008   Code   RO          628    i.HAL_ADC_GetValue  stm32g4xx_hal_adc.o
    0x08001ce4   0x08001ce4   0x00000398   Code   RO          629    i.HAL_ADC_IRQHandler  stm32g4xx_hal_adc.o
    0x0800207c   0x0800207c   0x000002b8   Code   RO          630    i.HAL_ADC_Init      stm32g4xx_hal_adc.o
    0x08002334   0x08002334   0x00000002   Code   RO          631    i.HAL_ADC_LevelOutOfWindowCallback  stm32g4xx_hal_adc.o
    0x08002336   0x08002336   0x00000002   PAD
    0x08002338   0x08002338   0x000000cc   Code   RO          261    i.HAL_ADC_MspInit   adc.o
    0x08002404   0x08002404   0x00000164   Code   RO          636    i.HAL_ADC_Start     stm32g4xx_hal_adc.o
    0x08002568   0x08002568   0x00000028   Code   RO         1148    i.HAL_Delay         stm32g4xx_hal.o
    0x08002590   0x08002590   0x00000122   Code   RO         2708    i.HAL_FDCAN_ActivateNotification  stm32g4xx_hal_fdcan.o
    0x080026b2   0x080026b2   0x00000064   Code   RO         2711    i.HAL_FDCAN_ConfigFilter  stm32g4xx_hal_fdcan.o
    0x08002716   0x08002716   0x0000003c   Code   RO         2712    i.HAL_FDCAN_ConfigGlobalFilter  stm32g4xx_hal_fdcan.o
    0x08002752   0x08002752   0x00000002   Code   RO         2732    i.HAL_FDCAN_ErrorCallback  stm32g4xx_hal_fdcan.o
    0x08002754   0x08002754   0x0000001c   Code   RO          305    i.HAL_FDCAN_ErrorStatusCallback  fdcan.o
    0x08002770   0x08002770   0x00000150   Code   RO         2742    i.HAL_FDCAN_GetRxMessage  stm32g4xx_hal_fdcan.o
    0x080028c0   0x080028c0   0x00000002   Code   RO         2748    i.HAL_FDCAN_HighPriorityMessageCallback  stm32g4xx_hal_fdcan.o
    0x080028c2   0x080028c2   0x000001a8   Code   RO         2749    i.HAL_FDCAN_IRQHandler  stm32g4xx_hal_fdcan.o
    0x08002a6a   0x08002a6a   0x00000002   PAD
    0x08002a6c   0x08002a6c   0x00000218   Code   RO         2750    i.HAL_FDCAN_Init    stm32g4xx_hal_fdcan.o
    0x08002c84   0x08002c84   0x000000a4   Code   RO          307    i.HAL_FDCAN_MspInit  fdcan.o
    0x08002d28   0x08002d28   0x00000094   Code   RO          308    i.HAL_FDCAN_RxFifo0Callback  fdcan.o
    0x08002dbc   0x08002dbc   0x00000002   Code   RO         2758    i.HAL_FDCAN_RxFifo1Callback  stm32g4xx_hal_fdcan.o
    0x08002dbe   0x08002dbe   0x0000002e   Code   RO         2759    i.HAL_FDCAN_Start   stm32g4xx_hal_fdcan.o
    0x08002dec   0x08002dec   0x00000002   Code   RO         2761    i.HAL_FDCAN_TimeoutOccurredCallback  stm32g4xx_hal_fdcan.o
    0x08002dee   0x08002dee   0x00000002   Code   RO         2762    i.HAL_FDCAN_TimestampWraparoundCallback  stm32g4xx_hal_fdcan.o
    0x08002df0   0x08002df0   0x00000002   Code   RO         2763    i.HAL_FDCAN_TxBufferAbortCallback  stm32g4xx_hal_fdcan.o
    0x08002df2   0x08002df2   0x00000002   Code   RO         2764    i.HAL_FDCAN_TxBufferCompleteCallback  stm32g4xx_hal_fdcan.o
    0x08002df4   0x08002df4   0x00000002   Code   RO         2765    i.HAL_FDCAN_TxEventFifoCallback  stm32g4xx_hal_fdcan.o
    0x08002df6   0x08002df6   0x00000002   Code   RO         2766    i.HAL_FDCAN_TxFifoEmptyCallback  stm32g4xx_hal_fdcan.o
    0x08002df8   0x08002df8   0x00000002   Code   RO           15    i.HAL_GPIO_EXTI_Callback  main.o
    0x08002dfa   0x08002dfa   0x00000002   PAD
    0x08002dfc   0x08002dfc   0x0000001c   Code   RO         1922    i.HAL_GPIO_EXTI_IRQHandler  stm32g4xx_hal_gpio.o
    0x08002e18   0x08002e18   0x000001cc   Code   RO         1923    i.HAL_GPIO_Init     stm32g4xx_hal_gpio.o
    0x08002fe4   0x08002fe4   0x00000010   Code   RO         1925    i.HAL_GPIO_ReadPin  stm32g4xx_hal_gpio.o
    0x08002ff4   0x08002ff4   0x00000014   Code   RO         1926    i.HAL_GPIO_TogglePin  stm32g4xx_hal_gpio.o
    0x08003008   0x08003008   0x0000000a   Code   RO         1927    i.HAL_GPIO_WritePin  stm32g4xx_hal_gpio.o
    0x08003012   0x08003012   0x00000002   PAD
    0x08003014   0x08003014   0x0000000c   Code   RO         1152    i.HAL_GetTick       stm32g4xx_hal.o
    0x08003020   0x08003020   0x00000018   Code   RO         1158    i.HAL_IncTick       stm32g4xx_hal.o
    0x08003038   0x08003038   0x0000001e   Code   RO         1159    i.HAL_Init          stm32g4xx_hal.o
    0x08003056   0x08003056   0x00000002   PAD
    0x08003058   0x08003058   0x0000009c   Code   RO          575    i.HAL_InitTick      stm32g4xx_hal_timebase_tim.o
    0x080030f4   0x080030f4   0x00000044   Code   RO          551    i.HAL_MspInit       stm32g4xx_hal_msp.o
    0x08003138   0x08003138   0x00000028   Code   RO         2570    i.HAL_NVIC_EnableIRQ  stm32g4xx_hal_cortex.o
    0x08003160   0x08003160   0x0000007a   Code   RO         2576    i.HAL_NVIC_SetPriority  stm32g4xx_hal_cortex.o
    0x080031da   0x080031da   0x00000002   PAD
    0x080031dc   0x080031dc   0x00000028   Code   RO         2577    i.HAL_NVIC_SetPriorityGrouping  stm32g4xx_hal_cortex.o
    0x08003204   0x08003204   0x00000118   Code   RO         2326    i.HAL_PWREx_ControlVoltageScaling  stm32g4xx_hal_pwr_ex.o
    0x0800331c   0x0800331c   0x00000014   Code   RO         2338    i.HAL_PWREx_DisableUCPDDeadBattery  stm32g4xx_hal_pwr_ex.o
    0x08003330   0x08003330   0x00000418   Code   RO         1524    i.HAL_RCCEx_PeriphCLKConfig  stm32g4xx_hal_rcc_ex.o
    0x08003748   0x08003748   0x00000224   Code   RO         1394    i.HAL_RCC_ClockConfig  stm32g4xx_hal_rcc.o
    0x0800396c   0x0800396c   0x00000044   Code   RO         1399    i.HAL_RCC_GetClockConfig  stm32g4xx_hal_rcc.o
    0x080039b0   0x080039b0   0x0000000c   Code   RO         1400    i.HAL_RCC_GetHCLKFreq  stm32g4xx_hal_rcc.o
    0x080039bc   0x080039bc   0x00000024   Code   RO         1402    i.HAL_RCC_GetPCLK1Freq  stm32g4xx_hal_rcc.o
    0x080039e0   0x080039e0   0x00000098   Code   RO         1404    i.HAL_RCC_GetSysClockFreq  stm32g4xx_hal_rcc.o
    0x08003a78   0x08003a78   0x0000055c   Code   RO         1407    i.HAL_RCC_OscConfig  stm32g4xx_hal_rcc.o
    0x08003fd4   0x08003fd4   0x00000002   Code   RO         3822    i.HAL_TIMEx_Break2Callback  stm32g4xx_hal_tim_ex.o
    0x08003fd6   0x08003fd6   0x00000002   Code   RO         3823    i.HAL_TIMEx_BreakCallback  stm32g4xx_hal_tim_ex.o
    0x08003fd8   0x08003fd8   0x00000002   Code   RO         3824    i.HAL_TIMEx_CommutCallback  stm32g4xx_hal_tim_ex.o
    0x08003fda   0x08003fda   0x00000002   PAD
    0x08003fdc   0x08003fdc   0x000000d4   Code   RO         3827    i.HAL_TIMEx_ConfigBreakDeadTime  stm32g4xx_hal_tim_ex.o
    0x080040b0   0x080040b0   0x00000002   Code   RO         3835    i.HAL_TIMEx_DirectionChangeCallback  stm32g4xx_hal_tim_ex.o
    0x080040b2   0x080040b2   0x00000002   Code   RO         3849    i.HAL_TIMEx_EncoderIndexCallback  stm32g4xx_hal_tim_ex.o
    0x080040b4   0x080040b4   0x00000002   Code   RO         3863    i.HAL_TIMEx_IndexErrorCallback  stm32g4xx_hal_tim_ex.o
    0x080040b6   0x080040b6   0x00000002   PAD
    0x080040b8   0x080040b8   0x000000d8   Code   RO         3864    i.HAL_TIMEx_MasterConfigSynchronization  stm32g4xx_hal_tim_ex.o
    0x08004190   0x08004190   0x00000100   Code   RO         3876    i.HAL_TIMEx_PWMN_Start  stm32g4xx_hal_tim_ex.o
    0x08004290   0x08004290   0x00000002   Code   RO         3885    i.HAL_TIMEx_TransitionErrorCallback  stm32g4xx_hal_tim_ex.o
    0x08004292   0x08004292   0x0000006e   Code   RO         3097    i.HAL_TIM_Base_Init  stm32g4xx_hal_tim.o
    0x08004300   0x08004300   0x0000006c   Code   RO          374    i.HAL_TIM_Base_MspInit  tim.o
    0x0800436c   0x0800436c   0x000000a8   Code   RO         3100    i.HAL_TIM_Base_Start  stm32g4xx_hal_tim.o
    0x08004414   0x08004414   0x000000b4   Code   RO         3102    i.HAL_TIM_Base_Start_IT  stm32g4xx_hal_tim.o
    0x080044c8   0x080044c8   0x0000013c   Code   RO         3106    i.HAL_TIM_ConfigClockSource  stm32g4xx_hal_tim.o
    0x08004604   0x08004604   0x000000cc   Code   RO         3118    i.HAL_TIM_Encoder_Init  stm32g4xx_hal_tim.o
    0x080046d0   0x080046d0   0x00000074   Code   RO          376    i.HAL_TIM_Encoder_MspInit  tim.o
    0x08004744   0x08004744   0x000000cc   Code   RO         3121    i.HAL_TIM_Encoder_Start  stm32g4xx_hal_tim.o
    0x08004810   0x08004810   0x00000002   Code   RO         3131    i.HAL_TIM_IC_CaptureCallback  stm32g4xx_hal_tim.o
    0x08004812   0x08004812   0x00000220   Code   RO         3145    i.HAL_TIM_IRQHandler  stm32g4xx_hal_tim.o
    0x08004a32   0x08004a32   0x00000002   PAD
    0x08004a34   0x08004a34   0x000000b4   Code   RO          377    i.HAL_TIM_MspPostInit  tim.o
    0x08004ae8   0x08004ae8   0x00000002   Code   RO         3148    i.HAL_TIM_OC_DelayElapsedCallback  stm32g4xx_hal_tim.o
    0x08004aea   0x08004aea   0x00000170   Code   RO         3169    i.HAL_TIM_PWM_ConfigChannel  stm32g4xx_hal_tim.o
    0x08004c5a   0x08004c5a   0x0000006e   Code   RO         3172    i.HAL_TIM_PWM_Init  stm32g4xx_hal_tim.o
    0x08004cc8   0x08004cc8   0x00000002   Code   RO         3174    i.HAL_TIM_PWM_MspInit  stm32g4xx_hal_tim.o
    0x08004cca   0x08004cca   0x00000002   Code   RO         3175    i.HAL_TIM_PWM_PulseFinishedCallback  stm32g4xx_hal_tim.o
    0x08004ccc   0x08004ccc   0x0000016c   Code   RO         3177    i.HAL_TIM_PWM_Start  stm32g4xx_hal_tim.o
    0x08004e38   0x08004e38   0x00000090   Code   RO           16    i.HAL_TIM_PeriodElapsedCallback  main.o
    0x08004ec8   0x08004ec8   0x00000002   Code   RO         3188    i.HAL_TIM_TriggerCallback  stm32g4xx_hal_tim.o
    0x08004eca   0x08004eca   0x00000004   Code   RO          450    i.HardFault_Handler  stm32g4xx_it.o
    0x08004ece   0x08004ece   0x00000068   Code   RO         4291    i.IF_OpenLoop       foc_function.o
    0x08004f36   0x08004f36   0x00000002   PAD
    0x08004f38   0x08004f38   0x00000054   Code   RO         4495    i.Id_J_B_DefaultConfig  identify_j_b.o
    0x08004f8c   0x08004f8c   0x00000028   Code   RO         4496    i.Id_J_B_Init       identify_j_b.o
    0x08004fb4   0x08004fb4   0x0000004c   Code   RO         4500    i.Id_J_B_Start      identify_j_b.o
    0x08005000   0x08005000   0x000001f8   Code   RO         4502    i.Id_J_B_Update_1kHz  identify_j_b.o
    0x080051f8   0x080051f8   0x00000020   Code   RO         4503    i.Id_J_B_abort      identify_j_b.o
    0x08005218   0x08005218   0x0000002a   Code   RO         4504    i.Id_J_B_clampf     identify_j_b.o
    0x08005242   0x08005242   0x00000002   PAD
    0x08005244   0x08005244   0x00000014   Code   RO         4505    i.Id_J_B_rpm_to_rad_s  identify_j_b.o
    0x08005258   0x08005258   0x00000058   Code   RO         4506    i.Id_J_B_update_sample  identify_j_b.o
    0x080052b0   0x080052b0   0x0000007c   Code   RO         4292    i.Invpark           foc_function.o
    0x0800532c   0x0800532c   0x00000010   Code   RO          644    i.LL_ADC_Enable     stm32g4xx_hal_adc.o
    0x0800533c   0x0800533c   0x0000000a   Code   RO          645    i.LL_ADC_GetCommonPathInternalCh  stm32g4xx_hal_adc.o
    0x08005346   0x08005346   0x0000000a   Code   RO          646    i.LL_ADC_GetMultiDMATransfer  stm32g4xx_hal_adc.o
    0x08005350   0x08005350   0x0000000a   Code   RO          647    i.LL_ADC_GetMultimode  stm32g4xx_hal_adc.o
    0x0800535a   0x0800535a   0x0000000a   Code   RO          927    i.LL_ADC_GetMultimode  stm32g4xx_hal_adc_ex.o
    0x08005364   0x08005364   0x00000012   Code   RO          648    i.LL_ADC_GetOffsetChannel  stm32g4xx_hal_adc.o
    0x08005376   0x08005376   0x00000012   Code   RO          928    i.LL_ADC_GetOffsetChannel  stm32g4xx_hal_adc_ex.o
    0x08005388   0x08005388   0x0000000a   Code   RO          929    i.LL_ADC_INJ_GetTrigAuto  stm32g4xx_hal_adc_ex.o
    0x08005392   0x08005392   0x0000000a   Code   RO          649    i.LL_ADC_INJ_IsConversionOngoing  stm32g4xx_hal_adc.o
    0x0800539c   0x0800539c   0x0000000a   Code   RO          930    i.LL_ADC_INJ_IsConversionOngoing  stm32g4xx_hal_adc_ex.o
    0x080053a6   0x080053a6   0x00000002   PAD
    0x080053a8   0x080053a8   0x00000014   Code   RO          931    i.LL_ADC_INJ_StartConversion  stm32g4xx_hal_adc_ex.o
    0x080053bc   0x080053bc   0x0000000a   Code   RO          650    i.LL_ADC_IsDisableOngoing  stm32g4xx_hal_adc.o
    0x080053c6   0x080053c6   0x0000000a   Code   RO          651    i.LL_ADC_IsEnabled  stm32g4xx_hal_adc.o
    0x080053d0   0x080053d0   0x0000000a   Code   RO          932    i.LL_ADC_IsEnabled  stm32g4xx_hal_adc_ex.o
    0x080053da   0x080053da   0x0000000a   Code   RO          652    i.LL_ADC_IsInternalRegulatorEnabled  stm32g4xx_hal_adc.o
    0x080053e4   0x080053e4   0x0000000a   Code   RO          653    i.LL_ADC_REG_IsConversionOngoing  stm32g4xx_hal_adc.o
    0x080053ee   0x080053ee   0x0000000a   Code   RO          933    i.LL_ADC_REG_IsConversionOngoing  stm32g4xx_hal_adc_ex.o
    0x080053f8   0x080053f8   0x00000012   Code   RO          654    i.LL_ADC_REG_IsTriggerSourceSWStart  stm32g4xx_hal_adc.o
    0x0800540a   0x0800540a   0x00000002   PAD
    0x0800540c   0x0800540c   0x00000010   Code   RO          655    i.LL_ADC_REG_StartConversion  stm32g4xx_hal_adc.o
    0x0800541c   0x0800541c   0x00000028   Code   RO          657    i.LL_ADC_SetChannelSamplingTime  stm32g4xx_hal_adc.o
    0x08005444   0x08005444   0x00000028   Code   RO          934    i.LL_ADC_SetChannelSamplingTime  stm32g4xx_hal_adc_ex.o
    0x0800546c   0x0800546c   0x0000000c   Code   RO          658    i.LL_ADC_SetCommonPathInternalCh  stm32g4xx_hal_adc.o
    0x08005478   0x08005478   0x0000000c   Code   RO          935    i.LL_ADC_SetCommonPathInternalCh  stm32g4xx_hal_adc_ex.o
    0x08005484   0x08005484   0x00000016   Code   RO          659    i.LL_ADC_SetOffsetState  stm32g4xx_hal_adc.o
    0x0800549a   0x0800549a   0x00000016   Code   RO          936    i.LL_ADC_SetOffsetState  stm32g4xx_hal_adc_ex.o
    0x080054b0   0x080054b0   0x0000000c   Code   RO          660    i.LL_ADC_SetSamplingTimeCommonConfig  stm32g4xx_hal_adc.o
    0x080054bc   0x080054bc   0x0000000c   Code   RO          937    i.LL_ADC_SetSamplingTimeCommonConfig  stm32g4xx_hal_adc_ex.o
    0x080054c8   0x080054c8   0x0000012c   Code   RO          262    i.MX_ADC1_Init      adc.o
    0x080055f4   0x080055f4   0x000000b8   Code   RO          309    i.MX_FDCAN1_Init    fdcan.o
    0x080056ac   0x080056ac   0x00000120   Code   RO          236    i.MX_GPIO_Init      gpio.o
    0x080057cc   0x080057cc   0x00000130   Code   RO          378    i.MX_TIM1_Init      tim.o
    0x080058fc   0x080058fc   0x00000084   Code   RO          379    i.MX_TIM3_Init      tim.o
    0x08005980   0x08005980   0x0000004c   Code   RO          380    i.MX_TIM7_Init      tim.o
    0x080059cc   0x080059cc   0x00000004   Code   RO          451    i.MemManage_Handler  stm32g4xx_it.o
    0x080059d0   0x080059d0   0x00000004   Code   RO          452    i.NMI_Handler       stm32g4xx_it.o
    0x080059d4   0x080059d4   0x00000040   Code   RO         4294    i.Normalize_theta   foc_function.o
    0x08005a14   0x08005a14   0x00000080   Code   RO         4295    i.Park              foc_function.o
    0x08005a94   0x08005a94   0x00000002   Code   RO          453    i.PendSV_Handler    stm32g4xx_it.o
    0x08005a96   0x08005a96   0x00000002   PAD
    0x08005a98   0x08005a98   0x00000068   Code   RO         1408    i.RCC_GetSysClockFreqFromPLLSource  stm32g4xx_hal_rcc.o
    0x08005b00   0x08005b00   0x00000002   Code   RO          454    i.SVC_Handler       stm32g4xx_it.o
    0x08005b02   0x08005b02   0x00000002   PAD
    0x08005b04   0x08005b04   0x000002d4   Code   RO         4300    i.Svpwm             foc_function.o
    0x08005dd8   0x08005dd8   0x00000002   Code   RO          455    i.SysTick_Handler   stm32g4xx_it.o
    0x08005dda   0x08005dda   0x0000006a   Code   RO           18    i.SystemClock_Config  main.o
    0x08005e44   0x08005e44   0x00000014   Code   RO         4252    i.SystemInit        system_stm32g4xx.o
    0x08005e58   0x08005e58   0x00000010   Code   RO          456    i.TIM6_DAC_IRQHandler  stm32g4xx_it.o
    0x08005e68   0x08005e68   0x00000010   Code   RO          457    i.TIM7_DAC_IRQHandler  stm32g4xx_it.o
    0x08005e78   0x08005e78   0x000000f0   Code   RO         3190    i.TIM_Base_SetConfig  stm32g4xx_hal_tim.o
    0x08005f68   0x08005f68   0x00000022   Code   RO         3191    i.TIM_CCxChannelCmd  stm32g4xx_hal_tim.o
    0x08005f8a   0x08005f8a   0x00000022   Code   RO         3888    i.TIM_CCxNChannelCmd  stm32g4xx_hal_tim_ex.o
    0x08005fac   0x08005fac   0x00000016   Code   RO         3201    i.TIM_ETR_SetConfig  stm32g4xx_hal_tim.o
    0x08005fc2   0x08005fc2   0x00000002   PAD
    0x08005fc4   0x08005fc4   0x00000018   Code   RO         3202    i.TIM_ITRx_SetConfig  stm32g4xx_hal_tim.o
    0x08005fdc   0x08005fdc   0x000000bc   Code   RO         3203    i.TIM_OC1_SetConfig  stm32g4xx_hal_tim.o
    0x08006098   0x08006098   0x000000c8   Code   RO         3204    i.TIM_OC2_SetConfig  stm32g4xx_hal_tim.o
    0x08006160   0x08006160   0x000000c4   Code   RO         3205    i.TIM_OC3_SetConfig  stm32g4xx_hal_tim.o
    0x08006224   0x08006224   0x000000c8   Code   RO         3206    i.TIM_OC4_SetConfig  stm32g4xx_hal_tim.o
    0x080062ec   0x080062ec   0x00000078   Code   RO         3207    i.TIM_OC5_SetConfig  stm32g4xx_hal_tim.o
    0x08006364   0x08006364   0x0000007c   Code   RO         3208    i.TIM_OC6_SetConfig  stm32g4xx_hal_tim.o
    0x080063e0   0x080063e0   0x00000026   Code   RO         3210    i.TIM_TI1_ConfigInputStage  stm32g4xx_hal_tim.o
    0x08006406   0x08006406   0x00000028   Code   RO         3212    i.TIM_TI2_ConfigInputStage  stm32g4xx_hal_tim.o
    0x0800642e   0x0800642e   0x00000004   Code   RO          458    i.UsageFault_Handler  stm32g4xx_it.o
    0x08006432   0x08006432   0x00000032   Code   RO         4301    i.VF_OpenLoop       foc_function.o
    0x08006464   0x08006464   0x00000010   Code   RO         2583    i.__NVIC_GetPriorityGrouping  stm32g4xx_hal_cortex.o
    0x08006474   0x08006474   0x00000028   Code   RO         2584    i.__NVIC_SetPriority  stm32g4xx_hal_cortex.o
    0x0800649c   0x0800649c   0x0000000e   Code   RO         4879    i.__scatterload_copy  mc_w.l(handlers.o)
    0x080064aa   0x080064aa   0x00000002   Code   RO         4880    i.__scatterload_null  mc_w.l(handlers.o)
    0x080064ac   0x080064ac   0x0000000e   Code   RO         4881    i.__scatterload_zeroinit  mc_w.l(handlers.o)
    0x080064ba   0x080064ba   0x00000002   PAD
    0x080064bc   0x080064bc   0x00000094   Code   RO         4587    i.key_function      led_key.o
    0x08006550   0x08006550   0x000000a0   Code   RO         4588    i.key_scan          led_key.o
    0x080065f0   0x080065f0   0x000001c4   Code   RO           19    i.main              main.o
    0x080067b4   0x080067b4   0x00000010   Data   RO         2767    .constdata          stm32g4xx_hal_fdcan.o
    0x080067c4   0x080067c4   0x00000018   Data   RO         4253    .constdata          system_stm32g4xx.o
    0x080067dc   0x080067dc   0x00000804   Data   RO         4786    .rodata.sinTable_f32  arm_cortexM4lf_math.lib(arm_common_tables.o)
    0x08006fe0   0x08006fe0   0x00000020   Data   RO         4877    Region$$Table       anon$$obj.o


    Execution Region RW_IRAM1 (Exec base: 0x20000000, Load base: 0x08007000, Size: 0x00000828, Max: 0x00020000, ABSOLUTE)

    Exec Addr    Load Addr    Size         Type   Attr      Idx    E Section Name        Object

    0x20000000   0x08007000   0x000000c1   Data   RW           21    .data               main.o
    0x200000c1   0x080070c1   0x00000003   PAD
    0x200000c4   0x080070c4   0x00000018   Data   RW          311    .data               fdcan.o
    0x200000dc   0x080070dc   0x0000000c   Data   RW         1179    .data               stm32g4xx_hal.o
    0x200000e8   0x080070e8   0x00000004   Data   RW         4254    .data               system_stm32g4xx.o
    0x200000ec   0x080070ec   0x00000001   Data   RW         4589    .data               led_key.o
    0x200000ed   0x080070ed   0x00000003   PAD
    0x200000f0        -       0x00000084   Zero   RW           20    .bss                main.o
    0x20000174        -       0x0000006c   Zero   RW          263    .bss                adc.o
    0x200001e0        -       0x00000064   Zero   RW          310    .bss                fdcan.o
    0x20000244        -       0x000000e4   Zero   RW          381    .bss                tim.o
    0x20000328        -       0x0000004c   Zero   RW          578    .bss                stm32g4xx_hal_timebase_tim.o
    0x20000374        -       0x0000009c   Zero   RW         4302    .bss                foc_function.o
    0x20000410        -       0x00000014   Zero   RW         4408    .bss                encoder.o
    0x20000424   0x080070ed   0x00000004   PAD
    0x20000428        -       0x00000400   Zero   RW            1    STACK               startup_stm32g474xx.o


==============================================================================

Image component sizes


      Code (inc. data)   RO Data    RW Data    ZI Data      Debug   Object Name

       504         32          0          0        108       2185   adc.o
        40         10          0          0          0        497   dwt_timer.o
       392         58          0          0         20       3285   encoder.o
       538         58          0         24        100       4349   fdcan.o
      1770        134          0          0        156       8987   foc_function.o
       288         12          0          0          0       1119   gpio.o
       886         48          0          0          0       7109   identify_j_b.o
       308         22          0          1          0       1828   led_key.o
      1322        246          0        193        132     920089   main.o
        36          8        472          0       1024        860   startup_stm32g474xx.o
       106         18          0         12          0       3842   stm32g4xx_hal.o
      3988        184          0          0          0      87588   stm32g4xx_hal_adc.o
      2894        130          0          0          0      82120   stm32g4xx_hal_adc_ex.o
       258         22          0          0          0      33762   stm32g4xx_hal_cortex.o
      1942         26         16          0          0      16717   stm32g4xx_hal_fdcan.o
       534         36          0          0          0       4203   stm32g4xx_hal_gpio.o
        68          6          0          0          0        922   stm32g4xx_hal_msp.o
       300         18          0          0          0       1477   stm32g4xx_hal_pwr_ex.o
      2292        106          0          0          0       7578   stm32g4xx_hal_rcc.o
      1048         10          0          0          0       2048   stm32g4xx_hal_rcc_ex.o
      4004        344          0          0          0      22132   stm32g4xx_hal_tim.o
       732         80          0          0          0       8367   stm32g4xx_hal_tim_ex.o
       156         22          0          0         76       1519   stm32g4xx_hal_timebase_tim.o
       102         24          0          0          0       7145   stm32g4xx_it.o
        20          6         24          4          0       1223   system_stm32g4xx.o
       916         62          0          0        228       4896   tim.o

    ----------------------------------------------------------------------
     25484       1722        544        240       1848    1235847   Object Totals
         0          0         32          0          0          0   (incl. Generated)
        40          0          0          6          4          0   (incl. Padding)

    ----------------------------------------------------------------------

      Code (inc. data)   RO Data    RW Data    ZI Data      Debug   Library Member Name

         0          0       2052          0          0       6294   arm_common_tables.o
       292         16          0          0          0       1600   arm_sin_cos_f32.o
         0          0          0          0          0          0   entry.o
         0          0          0          0          0          0   entry10a.o
         0          0          0          0          0          0   entry11a.o
         4          0          0          0          0          0   entry12b.o
         8          4          0          0          0          0   entry2.o
         4          0          0          0          0          0   entry5.o
         0          0          0          0          0          0   entry7b.o
         0          0          0          0          0          0   entry8b.o
         8          4          0          0          0          0   entry9a.o
        30          0          0          0          0          0   handlers.o
        36          8          0          0          0         68   init.o
         0          0          0          0          0          0   iusefp.o
        36          0          0          0          0         68   memcpya.o
        36          0          0          0          0        108   memseta.o
        48          0          0          0          0         68   cdcmple.o
        48          0          0          0          0         68   cdrcmple.o
        38          0          0          0          0         68   f2d.o

    ----------------------------------------------------------------------
       592         32       2052          0          0       8342   Library Totals
         4          0          0          0          0          0   (incl. Padding)

    ----------------------------------------------------------------------

      Code (inc. data)   RO Data    RW Data    ZI Data      Debug   Library Name

       292         16       2052          0          0       7894   arm_cortexM4lf_math.lib
       162         16          0          0          0        244   mc_w.l
       134          0          0          0          0        204   mf_w.l

    ----------------------------------------------------------------------
       592         32       2052          0          0       8342   Library Totals

    ----------------------------------------------------------------------

==============================================================================


      Code (inc. data)   RO Data    RW Data    ZI Data      Debug   

     26076       1754       2596        240       1848    1226737   Grand Totals
     26076       1754       2596        240       1848    1226737   ELF Image Totals
     26076       1754       2596        240          0          0   ROM Totals

==============================================================================

    Total RO  Size (Code + RO Data)                28672 (  28.00kB)
    Total RW  Size (RW Data + ZI Data)              2088 (   2.04kB)
    Total ROM Size (Code + RO Data + RW Data)      28912 (  28.23kB)

==============================================================================

